 AssemControl4_sfun

 Timestamp is 548f483a (Mon Dec 15 21:44:42 2014)

 Preferred load address is 0000000180000000

 Start         Length     Name                   Class
 0001:00000000 00034ed4H .text                   CODE
 0001:00034ee0 00000092H .text$x                 CODE
 0002:00000000 00000488H .idata$5                DATA
 0002:00000488 00000008H .CRT$XCA                DATA
 0002:00000490 00000008H .CRT$XCZ                DATA
 0002:00000498 00000008H .CRT$XIA                DATA
 0002:000004a0 00000008H .CRT$XIAA               DATA
 0002:000004a8 00000008H .CRT$XIZ                DATA
 0002:000004b0 00004b0cH .rdata                  DATA
 0002:00004fc0 00000008H .rtc$IAA                DATA
 0002:00004fc8 00000008H .rtc$IZZ                DATA
 0002:00004fd0 00000008H .rtc$TAA                DATA
 0002:00004fd8 00000008H .rtc$TZZ                DATA
 0002:00004fe0 0000418cH .xdata                  DATA
 0002:0000916c 0000008cH .idata$2                DATA
 0002:000091f8 00000014H .idata$3                DATA
 0002:00009210 00000488H .idata$4                DATA
 0002:00009698 00000a9eH .idata$6                DATA
 0002:0000a140 00000058H .edata                  DATA
 0003:00000000 00001478H .data                   DATA
 0003:00001480 00002418H .bss                    DATA
 0004:00000000 00003120H .pdata                  DATA

  Address         Publics by Value              Rva+Base               Lib:Object

 0000:00000000       ___safe_se_handler_count   0000000000000000     <absolute>
 0000:00000000       ___safe_se_handler_table   0000000000000000     <absolute>
 0000:00000000       __ImageBase                0000000180000000     <linker-defined>
 0001:00000000       sf_c2_AssemControl4_get_eml_resolved_functions_info 0000000180001000 f   c2_AssemControl4.obj
 0001:00000080       sf_c2_AssemControl4_get_check_sum 0000000180001080 f   c2_AssemControl4.obj
 0001:00000100       sf_c2_AssemControl4_get_autoinheritance_info 0000000180001100 f   c2_AssemControl4.obj
 0001:00000520       sf_c2_AssemControl4_third_party_uses_info 0000000180001520 f   c2_AssemControl4.obj
 0001:00000550       sf_internal_get_sim_state_c2_AssemControl4 0000000180001550 f   c2_AssemControl4.obj
 0001:00000910       sf_internal_set_sim_state_c2_AssemControl4 0000000180001910 f   c2_AssemControl4.obj
 0001:00000df0       c2_AssemControl4_method_dispatcher 0000000180001df0 f   c2_AssemControl4.obj
 0001:00002d60       sf_process_check_sum_call  0000000180003d60 f   AssemControl4_sfun_registry.obj
 0001:00002db0       sf_process_autoinheritance_call 0000000180003db0 f   AssemControl4_sfun_registry.obj
 0001:00002f50       sf_process_get_third_party_uses_info_call 0000000180003f50 f   AssemControl4_sfun_registry.obj
 0001:000030f0       sf_process_get_eml_resolved_functions_info_call 00000001800040f0 f   AssemControl4_sfun_registry.obj
 0001:00003270       sf_mex_unlock_call         0000000180004270 f   AssemControl4_sfun_registry.obj
 0001:00003320       sf_machine_global_initializer_called 0000000180004320 f   AssemControl4_sfun_registry.obj
 0001:00003350       sf_machine_global_method_dispatcher 0000000180004350 f   AssemControl4_sfun_registry.obj
 0001:000033b0       sf_machine_global_terminator 00000001800043b0 f   AssemControl4_sfun_registry.obj
 0001:00003400       sf_register_machine_exported_symbols 0000000180004400 f   AssemControl4_sfun_registry.obj
 0001:00003420       callCustomFcn              0000000180004420 f   AssemControl4_sfun_registry.obj
 0001:00003430       sf_machine_global_initializer 0000000180004430 f   AssemControl4_sfun_registry.obj
 0001:000034b0       _ssSetStateAbsTol          00000001800044b0 f   AssemControl4_sfun_registry.obj
 0001:00003590       _ssGetAbsTol               0000000180004590 f   AssemControl4_sfun_registry.obj
 0001:00003600       _ssSetInputPortMatrixDimensions 0000000180004600 f   AssemControl4_sfun_registry.obj
 0001:00003710       _ssSetOutputPortMatrixDimensions 0000000180004710 f   AssemControl4_sfun_registry.obj
 0001:00003820       _ssSetInputPortVectorDimension 0000000180004820 f   AssemControl4_sfun_registry.obj
 0001:000038f0       _ssSetOutputPortVectorDimension 00000001800048f0 f   AssemControl4_sfun_registry.obj
 0001:000039c0       ssIsRunTimeParamTunable    00000001800049c0 f   AssemControl4_sfun_registry.obj
 0001:00003a30       ssGetSFuncBlockHandle      0000000180004a30 f   AssemControl4_sfun_registry.obj
 0001:00003aa0       _ssGetCurrentInputPortWidth 0000000180004aa0 f   AssemControl4_sfun_registry.obj
 0001:00003bc0       _ssGetCurrentOutputPortWidth 0000000180004bc0 f   AssemControl4_sfun_registry.obj
 0001:00003ce0       _ssGetCallSystemNumFcnCallDestinations 0000000180004ce0 f   AssemControl4_sfun_registry.obj
 0001:00003d50       ssWarning                  0000000180004d50 f   AssemControl4_sfun_registry.obj
 0001:00003e60       ssGetIsZeroCrossControlDisabled 0000000180004e60 f   AssemControl4_sfun_registry.obj
 0001:00003ed0       ssSetIsInputPortUsedForContZcSignal 0000000180004ed0 f   AssemControl4_sfun_registry.obj
 0001:00003f40       ssSetZcSignalIsZcElementDisc 0000000180004f40 f   AssemControl4_sfun_registry.obj
 0001:00003ff0       ssSetZcSignalName          0000000180004ff0 f   AssemControl4_sfun_registry.obj
 0001:00004060       ssSetZcSignalWidth         0000000180005060 f   AssemControl4_sfun_registry.obj
 0001:000040d0       ssSetZcSignalZcEventType   00000001800050d0 f   AssemControl4_sfun_registry.obj
 0001:00004140       ssSetZcSignalType          0000000180005140 f   AssemControl4_sfun_registry.obj
 0001:000041b0       ssSetZcSignalZcTol         00000001800051b0 f   AssemControl4_sfun_registry.obj
 0001:00004220       ssSetZcSignalNeedsEventNotification 0000000180005220 f   AssemControl4_sfun_registry.obj
 0001:00004290       ssCreateAndAddZcSignalInfo 0000000180005290 f   AssemControl4_sfun_registry.obj
 0001:00004300       ssCloneAndAddZcSignalInfo  0000000180005300 f   AssemControl4_sfun_registry.obj
 0001:00004370       ssGetNumZcSignals          0000000180005370 f   AssemControl4_sfun_registry.obj
 0001:000043e0       ssGetZcSignalVector        00000001800053e0 f   AssemControl4_sfun_registry.obj
 0001:00004450       ssGetZcSignalZcEvents      0000000180005450 f   AssemControl4_sfun_registry.obj
 0001:000044c0       ssGetZcSignalName          00000001800054c0 f   AssemControl4_sfun_registry.obj
 0001:00004530       ssGetZcSignalWidth         0000000180005530 f   AssemControl4_sfun_registry.obj
 0001:000045a0       ssGetZcSignalZcEventType   00000001800055a0 f   AssemControl4_sfun_registry.obj
 0001:00004610       ssGetZcSignalType          0000000180005610 f   AssemControl4_sfun_registry.obj
 0001:00004680       ssGetZcSignalZcTol         0000000180005680 f   AssemControl4_sfun_registry.obj
 0001:00004700       ssGetZcSignalNeedsEventNotification 0000000180005700 f   AssemControl4_sfun_registry.obj
 0001:00004770       ssGetZcSignalIsZcElementDisc 0000000180005770 f   AssemControl4_sfun_registry.obj
 0001:00004810       ssGetIsInputPortElementContinuous 0000000180005810 f   AssemControl4_sfun_registry.obj
 0001:000048b0       _ssGetInputPortSignalPtrsFcn 00000001800058b0 f   AssemControl4_sfun_registry.obj
 0001:00004b70       _ssGetInputPortSignalFcn   0000000180005b70 f   AssemControl4_sfun_registry.obj
 0001:00004d90       _ssSetInputPortDirectFeedThroughFcn 0000000180005d90 f   AssemControl4_sfun_registry.obj
 0001:00004ef0       _ssSetInputPortReusableFcn 0000000180005ef0 f   AssemControl4_sfun_registry.obj
 0001:00004fe0       _ssSetOutputPortReusableFcn 0000000180005fe0 f   AssemControl4_sfun_registry.obj
 0001:000050c0       ssGetDTypeIdFromMxArray    00000001800060c0 f   AssemControl4_sfun_registry.obj
 0001:000051e0       ssWriteRTWStr              00000001800061e0 f   AssemControl4_sfun_registry.obj
 0001:00005240       ssWriteRTWMxVectParam      0000000180006240 f   AssemControl4_sfun_registry.obj
 0001:000052a0       ssWriteRTWMx2dMatParam     00000001800062a0 f   AssemControl4_sfun_registry.obj
 0001:00005320       ssWriteRTWNameValuePair    0000000180006320 f   AssemControl4_sfun_registry.obj
 0001:00005810       ssWriteRTWParameters       0000000180006810 f   AssemControl4_sfun_registry.obj
 0001:00005e10       ssWriteRTWParamSettings    0000000180006e10 f   AssemControl4_sfun_registry.obj
 0001:000064e0       ssWriteRTWWorkVect         00000001800074e0 f   AssemControl4_sfun_registry.obj
 0001:000069e0       mexFunction                00000001800079e0 f   AssemControl4_sfun_registry.obj
 0001:00008710       ProcessMexSfunctionEveryCall 0000000180009710 f   AssemControl4_sfun_registry.obj
 0001:00008880       AssemControl4_initializer  0000000180009880 f   AssemControl4_sfun.obj
 0001:00008890       AssemControl4_terminator   0000000180009890 f   AssemControl4_sfun.obj
 0001:000088a0       sf_AssemControl4_method_dispatcher 00000001800098a0 f   AssemControl4_sfun.obj
 0001:000088f0       sf_AssemControl4_process_check_sum_call 00000001800098f0 f   AssemControl4_sfun.obj
 0001:00008d00       sf_AssemControl4_autoinheritance_info 0000000180009d00 f   AssemControl4_sfun.obj
 0001:00008e70       sf_AssemControl4_get_eml_resolved_functions_info 0000000180009e70 f   AssemControl4_sfun.obj
 0001:00008fa0       sf_AssemControl4_third_party_uses_info 0000000180009fa0 f   AssemControl4_sfun.obj
 0001:000090f0       AssemControl4_debug_initialize 000000018000a0f0 f   AssemControl4_sfun.obj
 0001:00009170       AssemControl4_register_exported_symbols 000000018000a170 f   AssemControl4_sfun.obj
 0001:00009180       load_AssemControl4_optimization_info 000000018000a180 f   AssemControl4_sfun.obj
 0001:000091d0       unload_AssemControl4_optimization_info 000000018000a1d0 f   AssemControl4_sfun.obj
 0001:000092f0       sf_mex_mx_is_numeric       000000018000a2f0 f   sfc_mex:sfc_mex.obj
 0001:00009330       strcmp_ignore_ws           000000018000a330 f   sfc_mex:sfc_mex.obj
 0001:00009470       sf_mex_duplicatearraysafe  000000018000a470 f   sfc_mex:sfc_mex.obj
 0001:000095d0       sf_set_error_debugger_context_message_fcn 000000018000a5d0 f   sfc_mex:sfc_mex.obj
 0001:000095e0       sf_set_debugger_matlab_error_fcn 000000018000a5e0 f   sfc_mex:sfc_mex.obj
 0001:00009620       sf_set_error_prefix_string 000000018000a620 f   sfc_mex:sfc_mex.obj
 0001:00009650       sf_get_error_prefix_string 000000018000a650 f   sfc_mex:sfc_mex.obj
 0001:00009660       sf_mex_enter_parallel_region 000000018000a660 f   sfc_mex:sfc_mex.obj
 0001:00009670       sf_mex_exit_parallel_region 000000018000a670 f   sfc_mex:sfc_mex.obj
 0001:00009680       sf_get_current_jmp_buf_ptr 000000018000a680 f   sfc_mex:sfc_mex.obj
 0001:00009690       sf_set_current_jmp_buf_ptr 000000018000a690 f   sfc_mex:sfc_mex.obj
 0001:000096a0       sf_mex_set_halt_simulation 000000018000a6a0 f   sfc_mex:sfc_mex.obj
 0001:000096b0       sf_mex_get_halt_simulation 000000018000a6b0 f   sfc_mex:sfc_mex.obj
 0001:000096c0       sf_mex_clear_error_message 000000018000a6c0 f   sfc_mex:sfc_mex.obj
 0001:000096e0       sf_mex_get_error_message_for_read 000000018000a6e0 f   sfc_mex:sfc_mex.obj
 0001:000096f0       sf_mex_get_error_message_buffer_length 000000018000a6f0 f   sfc_mex:sfc_mex.obj
 0001:000097d0       sf_mex_warning_message     000000018000a7d0 f   sfc_mex:sfc_mex.obj
 0001:00009840       sf_mex_v_errbuf_createf    000000018000a840 f   sfc_mex:sfc_mex.obj
 0001:00009850       sf_mex_errbuf_createf      000000018000a850 f   sfc_mex:sfc_mex.obj
 0001:00009880       sf_mex_v_errbuf_catf       000000018000a880 f   sfc_mex:sfc_mex.obj
 0001:000098c0       sf_mex_errbuf_catf         000000018000a8c0 f   sfc_mex:sfc_mex.obj
 0001:00009910       sf_mex_errbuf_copy         000000018000a910 f   sfc_mex:sfc_mex.obj
 0001:00009920       sf_mex_errbuf_clear        000000018000a920 f   sfc_mex:sfc_mex.obj
 0001:00009930       sf_mex_errbuf_isempty      000000018000a930 f   sfc_mex:sfc_mex.obj
 0001:00009a30       sf_mex_set_error_status    000000018000aa30 f   sfc_mex:sfc_mex.obj
 0001:00009a80       sf_mex_error_direct_call   000000018000aa80 f   sfc_mex:sfc_mex.obj
 0001:00009aa0       sf_mex_error_message_no_long_jump 000000018000aaa0 f   sfc_mex:sfc_mex.obj
 0001:00009ac0       sf_mex_long_jump_on_error  000000018000aac0 f   sfc_mex:sfc_mex.obj
 0001:00009af0       sf_mex_call_matlab         000000018000aaf0 f   sfc_mex:sfc_mex.obj
 0001:00009c10       sf_mex_check_builtin       000000018000ac10 f   sfc_mex:sfc_mex.obj
 0001:00009cb0       sf_mex_check_builtin_vs    000000018000acb0 f   sfc_mex:sfc_mex.obj
 0001:00009d70       sf_mex_check_enum          000000018000ad70 f   sfc_mex:sfc_mex.obj
 0001:00009df0       sf_mex_create_enum         000000018000adf0 f   sfc_mex:sfc_mex.obj
 0001:00009e60       sf_mex_get_enum_element    000000018000ae60 f   sfc_mex:sfc_mex.obj
 0001:00009e70       sf_mex_createcellarray     000000018000ae70 f   sfc_mex:sfc_mex.obj
 0001:00009e80       sf_mex_setcell             000000018000ae80 f   sfc_mex:sfc_mex.obj
 0001:00009e90       sf_mex_getcell             000000018000ae90 f   sfc_mex:sfc_mex.obj
 0001:00009ea0       sf_mex_dup                 000000018000aea0 f   sfc_mex:sfc_mex.obj
 0001:00009ec0       sf_mex_assign              000000018000aec0 f   sfc_mex:sfc_mex.obj
 0001:00009f40       sf_mex_destroy             000000018000af40 f   sfc_mex:sfc_mex.obj
 0001:00009f70       mx_array_has_fi_type       000000018000af70 f   sfc_mex:sfc_mex.obj
 0001:00009fa0       sf_mex_convert_from_fi     000000018000afa0 f   sfc_mex:sfc_mex.obj
 0001:0000a0d0       sf_mex_convert_to_double   000000018000b0d0 f   sfc_mex:sfc_mex.obj
 0001:0000a1f0       sf_mex_import_fi_vs        000000018000b1f0 f   sfc_mex:sfc_mex.obj
 0001:0000a420       sf_matrix_matrix_index_ok  000000018000b420 f   sfc_mex:sfc_mex.obj
 0001:0000a4b0       sf_vector_vector_index_ok  000000018000b4b0 f   sfc_mex:sfc_mex.obj
 0001:0000a4e0       ssGetCurrentInputPortDimensions_wrapper 000000018000b4e0 f   sfc_mex:sfc_mex.obj
 0001:0000a500       ssGetCurrentOutputPortDimensions_wrapper 000000018000b500 f   sfc_mex:sfc_mex.obj
 0001:0000a520       sf_mex_emlrt_context_is_debug_mode 000000018000b520 f   sfc_mex:sfc_mex.obj
 0001:0000a530       sf_mex_emlrt_context_set_debug_mode 000000018000b530 f   sfc_mex:sfc_mex.obj
 0001:0000a540       sf_mex_emlrtNameCapturePostProcessR2012a 000000018000b540 f   sfc_mex:sfc_mex.obj
 0001:0000a5b0       sf_clear_error_manager_info 000000018000b5b0 f   sfc_mex:sfc_mex.obj
 0001:0000a610       sf_mex_stop_simulation_abruptly_wo_error 000000018000b610 f   sfc_mex:sfc_mex.obj
 0001:0000a650       sf_mex_error_message       000000018000b650 f   sfc_mex:sfc_mex.obj
 0001:0000a6c0       sf_react_to_error_in_matlab_call 000000018000b6c0 f   sfc_mex:sfc_mex.obj
 0001:0000a6f0       sf_mex_addfield            000000018000b6f0 f   sfc_mex:sfc_mex.obj
 0001:0000a790       sf_mex_getfield            000000018000b790 f   sfc_mex:sfc_mex.obj
 0001:0000aa90       sf_mex_check_class         000000018000ba90 f   sfc_mex:sfc_mex.obj
 0001:0000ab30       sf_mex_is_real             000000018000bb30 f   sfc_mex:sfc_mex.obj
 0001:0000afa0       sf_mex_decode_encoded_mx_struct_array 000000018000bfa0 f   sfc_mex:sfc_mex.obj
 0001:0000b290       sf_mex_lw_bounds_check     000000018000c290 f   sfc_mex:sfc_mex.obj
 0001:0000b2c0       sf_mex_lw_size_eq_check_1d 000000018000c2c0 f   sfc_mex:sfc_mex.obj
 0001:0000b2e0       sf_mex_lw_size_eq_check_nd 000000018000c2e0 f   sfc_mex:sfc_mex.obj
 0001:0000b4c0       sf_mex_lw_dim_size_eq_check 000000018000c4c0 f   sfc_mex:sfc_mex.obj
 0001:0000b4f0       sf_mex_lw_dim_size_geq_check 000000018000c4f0 f   sfc_mex:sfc_mex.obj
 0001:0000b520       sf_mex_lw_sub_assign_size_check_nd 000000018000c520 f   sfc_mex:sfc_mex.obj
 0001:0000b6f0       sf_mex_lw_runtime_error_msgid 000000018000c6f0 f   sfc_mex:sfc_mex.obj
 0001:0000b7e0       sf_mex_lw_matrix_matrix_index_check 000000018000c7e0 f   sfc_mex:sfc_mex.obj
 0001:0000b800       sf_mex_lw_vector_vector_index_check 000000018000c800 f   sfc_mex:sfc_mex.obj
 0001:0000b840       sf_mex_lw_for_loop_vector_check 000000018000c840 f   sfc_mex:sfc_mex.obj
 0001:0000b8d0       sf_mex_lw_non_negative_check 000000018000c8d0 f   sfc_mex:sfc_mex.obj
 0001:0000b910       sf_mex_overflow_error      000000018000c910 f   sfc_mex:sfc_mex.obj
 0001:0000b920       sf_mex_dividebyzero_error  000000018000c920 f   sfc_mex:sfc_mex.obj
 0001:0000b930       sf_mex_unsafe_enum_error   000000018000c930 f   sfc_mex:sfc_mex.obj
 0001:0000b940       sf_emlrtErrHandler         000000018000c940 f   sfc_mex:sfc_mex.obj
 0001:0000ba20       sf_mex_size_one_check      000000018000ca20 f   sfc_mex:sfc_mex.obj
 0001:0000ba40       sf_mex_printf              000000018000ca40 f   sfc_mex:sfc_mex.obj
 0001:0000bc10       sf_mex_check_size          000000018000cc10 f   sfc_mex:sfc_mex.obj
 0001:0000beb0       sf_mex_check_struct        000000018000ceb0 f   sfc_mex:sfc_mex.obj
 0001:0000c110       sf_mex_check_struct_vs     000000018000d110 f   sfc_mex:sfc_mex.obj
 0001:0000c1a0       sf_mex_check_fi            000000018000d1a0 f   sfc_mex:sfc_mex.obj
 0001:0000c2a0       sf_mex_check_fi_vs         000000018000d2a0 f   sfc_mex:sfc_mex.obj
 0001:0000c340       sf_echo_expression         000000018000d340 f   sfc_mex:sfc_mex.obj
 0001:0000c3a0       sf_assertion_failed        000000018000d3a0 f   sfc_mex:sfc_mex.obj
 0001:0000c680       sf_mex_evalin              000000018000d680 f   sfc_mex:sfc_mex.obj
 0001:0000c8f0       sf_mex_export              000000018000d8f0 f   sfc_mex:sfc_mex.obj
 0001:0000c9b0       sf_mex_get_ml_var_no_error 000000018000d9b0 f   sfc_mex:sfc_mex.obj
 0001:0000cb50       sf_mex_get_ml_var          000000018000db50 f   sfc_mex:sfc_mex.obj
 0001:0000cfe0       ml_set_element_value_in_array 000000018000dfe0 f   sfc_mex:sfc_mex.obj
 0001:0000e0a0       sf_mex_call_impl           000000018000f0a0 f   sfc_mex:sfc_mex.obj
 0001:0000e4c0       sf_mex_call_debug          000000018000f4c0 f   sfc_mex:sfc_mex.obj
 0001:0000e4f0       sf_mex_call                000000018000f4f0 f   sfc_mex:sfc_mex.obj
 0001:0000eb40       sf_mex_createstruct        000000018000fb40 f   sfc_mex:sfc_mex.obj
 0001:0000ec50       sf_mex_createstructarray   000000018000fc50 f   sfc_mex:sfc_mex.obj
 0001:0000ecd0       sf_mex_get_mx_datatype_from_sf_datatype 000000018000fcd0 f   sfc_mex:sfc_mex.obj
 0001:0000efe0       sf_mex_ml_var_sub          000000018000ffe0 f   sfc_mex:sfc_mex.obj
 0001:0000f1c0       sf_mex_ml_var_subsasgn     00000001800101c0 f   sfc_mex:sfc_mex.obj
 0001:0000f5c0       sf_mex_sub                 00000001800105c0 f   sfc_mex:sfc_mex.obj
 0001:0000f7d0       sf_mex_subsasgn            00000001800107d0 f   sfc_mex:sfc_mex.obj
 0001:0000fce0       sf_mex_create              0000000180010ce0 f   sfc_mex:sfc_mex.obj
 0001:00010680       sf_mex_import_named        0000000180011680 f   sfc_mex:sfc_mex.obj
 0001:000106e0       sf_mex_import              00000001800116e0 f   sfc_mex:sfc_mex.obj
 0001:00010730       sf_mex_import_vs           0000000180011730 f   sfc_mex:sfc_mex.obj
 0001:00010840       sf_mex_lower_fixpt_mx_array 0000000180011840 f   sfc_mex:sfc_mex.obj
 0001:00010b40       sf_send_message_wrapper    0000000180011b40 f   sfc_mex:sfc_sf.obj
 0001:00010b70       sf_receive_message_wrapper 0000000180011b70 f   sfc_mex:sfc_sf.obj
 0001:00010bb0       sf_check_out_message_wrapper 0000000180011bb0 f   sfc_mex:sfc_sf.obj
 0001:00010bf0       sf_check_in_message_wrapper 0000000180011bf0 f   sfc_mex:sfc_sf.obj
 0001:00010c30       sf_no_message_wrapper      0000000180011c30 f   sfc_mex:sfc_sf.obj
 0001:00010fc0       sim_mode_is_rtw_gen        0000000180011fc0 f   sfc_mex:sfc_sf.obj
 0001:00010ff0       sim_mode_is_external       0000000180011ff0 f   sfc_mex:sfc_sf.obj
 0001:00011000       sim_mode_is_modelref_sim   0000000180012000 f   sfc_mex:sfc_sf.obj
 0001:00011020       mdlInitializeSizes         0000000180012020 f   sfc_mex:sfc_sf.obj
 0001:00011040       mdlInitializeSampleTimes   0000000180012040 f   sfc_mex:sfc_sf.obj
 0001:00011080       mdlZeroCrossings           0000000180012080 f   sfc_mex:sfc_sf.obj
 0001:00011170       mdlDerivatives             0000000180012170 f   sfc_mex:sfc_sf.obj
 0001:00011230       mdl_initialize_conditions_processing 0000000180012230 f   sfc_mex:sfc_sf.obj
 0001:00011260       mdlInitializeConditions    0000000180012260 f   sfc_mex:sfc_sf.obj
 0001:00011320       mdlGetSimState             0000000180012320 f   sfc_mex:sfc_sf.obj
 0001:00011330       mdlSetSimState             0000000180012330 f   sfc_mex:sfc_sf.obj
 0001:00011340       mdl_ext_mode_exec_processing 0000000180012340 f   sfc_mex:sfc_sf.obj
 0001:00011360       mdlExtModeExec             0000000180012360 f   sfc_mex:sfc_sf.obj
 0001:00011500       mdlTerminate               0000000180012500 f   sfc_mex:sfc_sf.obj
 0001:00011570       mdlRTW                     0000000180012570 f   sfc_mex:sfc_sf.obj
 0001:000115a0       mdlSetWorkWidths           00000001800125a0 f   sfc_mex:sfc_sf.obj
 0001:000115b0       mdlProcessParameters       00000001800125b0 f   sfc_mex:sfc_sf.obj
 0001:000115c0       mdl_start_processing       00000001800125c0 f   sfc_mex:sfc_sf.obj
 0001:00011620       mdlStart                   0000000180012620 f   sfc_mex:sfc_sf.obj
 0001:00011730       mdlEnable                  0000000180012730 f   sfc_mex:sfc_sf.obj
 0001:00011810       mdlDisable                 0000000180012810 f   sfc_mex:sfc_sf.obj
 0001:000118d0       sf_get_chart_instance_ptr  00000001800128d0 f   sfc_mex:sfc_sf.obj
 0001:000118f0       sf_load_rtw_optimization_info 00000001800128f0 f   sfc_mex:sfc_sf.obj
 0001:000119c0       sf_update_buildInfo        00000001800129c0 f   sfc_mex:sfc_sf.obj
 0001:00011ac0       sf_rtw_info_uint_prop      0000000180012ac0 f   sfc_mex:sfc_sf.obj
 0001:00011c00       sf_is_chart_inlinable      0000000180012c00 f   sfc_mex:sfc_sf.obj
 0001:00011c20       sf_mark_output_events_with_multiple_callers 0000000180012c20 f   sfc_mex:sfc_sf.obj
 0001:00011db0       sf_mark_chart_reusable_outputs 0000000180012db0 f   sfc_mex:sfc_sf.obj
 0001:00012010       sf_mark_chart_expressionable_inputs 0000000180013010 f   sfc_mex:sfc_sf.obj
 0001:00012270       sf_get_subchart_simstruct  0000000180013270 f   sfc_mex:sfc_sf.obj
 0001:000122c0       sf_get_fixpt_data_type_id  00000001800132c0 f   sfc_mex:sfc_sf.obj
 0001:00012300       sf_get_enum_data_type_id   0000000180013300 f   sfc_mex:sfc_sf.obj
 0001:00012340       sf_get_param_data_type_id  0000000180013340 f   sfc_mex:sfc_sf.obj
 0001:00012370       sf_mex_listen_for_ctrl_c_force 0000000180013370 f   sfc_mex:sfc_sf.obj
 0001:00012480       sf_mex_draw_now            0000000180013480 f   sfc_mex:sfc_sf.obj
 0001:000124c0       sf_mex_set_debugger_sim_status_listener_fcn 00000001800134c0 f   sfc_mex:sfc_sf.obj
 0001:000124d0       sf_mex_listen_for_ctrl_c   00000001800134d0 f   sfc_mex:sfc_sf.obj
 0001:00012570       sf_mex_get_sfun_param      0000000180013570 f   sfc_mex:sfc_sf.obj
 0001:000125c0       sf_get_runtime_param_data  00000001800135c0 f   sfc_mex:sfc_sf.obj
 0001:00012600       sf_call_output_fcn_call    0000000180013600 f   sfc_mex:sfc_sf.obj
 0001:00012740       sf_call_output_fcn_enable  0000000180013740 f   sfc_mex:sfc_sf.obj
 0001:000127d0       sf_call_output_fcn_disable 00000001800137d0 f   sfc_mex:sfc_sf.obj
 0001:00012860       sf_clear_rtw_identifier    0000000180013860 f   sfc_mex:sfc_sf.obj
 0001:00013080       sf_set_encoded_dwork_info  0000000180014080 f   sfc_mex:sfc_sf.obj
 0001:000130d0       sf_get_dwork_info_from_mat_file 00000001800140d0 f   sfc_mex:sfc_sf.obj
 0001:00013290       sf_set_rtw_dwork_info      0000000180014290 f   sfc_mex:sfc_sf.obj
 0001:00013400       mdlOutputs                 0000000180014400 f   sfc_mex:sfc_sf.obj
 0001:00013520       sf_debug_chart_instance_initialized_quick 0000000180014520 f   sfc_debug:sfcdebug.obj
 0001:000135a0       sf_debug_disp              00000001800145a0 f   sfc_debug:sfcdebug.obj
 0001:00013870       sf_debug_data_runtime_size_mismatch_error_check 0000000180014870 f   sfc_debug:sfcdebug.obj
 0001:00013920       sf_debug_try_loading_machine 0000000180014920 f   sfc_debug:sfcdebug.obj
 0001:00013a20       sf_debug_reset_current_state_configuration 0000000180014a20 f   sfc_debug:sfcdebug.obj
 0001:00013aa0       sf_debug_store_current_state_configuration 0000000180014aa0 f   sfc_debug:sfcdebug.obj
 0001:00013b20       sf_debug_restore_previous_state_configuration 0000000180014b20 f   sfc_debug:sfcdebug.obj
 0001:00013ba0       sf_debug_restore_previous_state_configuration2 0000000180014ba0 f   sfc_debug:sfcdebug.obj
 0001:00013c20       sf_debug_get_event_scope   0000000180014c20 f   sfc_debug:sfcdebug.obj
 0001:00013d90       use_debugger_step_animation 0000000180014d90 f   sfc_debug:sfcdebug.obj
 0001:00013db0       sf_debug_get_script_id     0000000180014db0 f   sfc_debug:sfcdebug.obj
 0001:00013e40       sf_debug_set_script_translation 0000000180014e40 f   sfc_debug:sfcdebug.obj
 0001:00013fc0       sf_debug_extract_message_post_receive_info 0000000180014fc0 f   sfc_debug:sfcdebug.obj
 0001:00014180       sf_debug_get_current_machine_id 0000000180015180 f   sfc_debug:sfcdebug.obj
 0001:000141a0       sf_debug_get_current_optional_integer 00000001800151a0 f   sfc_debug:sfcdebug.obj
 0001:000141b0       sf_debug_get_current_machine_number 00000001800151b0 f   sfc_debug:sfcdebug.obj
 0001:000141d0       sf_debug_get_current_machine_name 00000001800151d0 f   sfc_debug:sfcdebug.obj
 0001:000141f0       sf_debug_get_current_chart_id 00000001800151f0 f   sfc_debug:sfcdebug.obj
 0001:00014230       sf_debug_get_current_chart_number 0000000180015230 f   sfc_debug:sfcdebug.obj
 0001:00014240       sf_debug_get_current_instance_number 0000000180015240 f   sfc_debug:sfcdebug.obj
 0001:00014250       sf_debug_get_current_is_minor_time_step 0000000180015250 f   sfc_debug:sfcdebug.obj
 0001:000142d0       sf_debug_get_current_object_type 00000001800152d0 f   sfc_debug:sfcdebug.obj
 0001:000142e0       sf_debug_get_current_instance_handle 00000001800152e0 f   sfc_debug:sfcdebug.obj
 0001:00014340       sf_debug_get_current_event_type 0000000180015340 f   sfc_debug:sfcdebug.obj
 0001:00014350       sf_debug_get_current_object_id 0000000180015350 f   sfc_debug:sfcdebug.obj
 0001:00014390       sf_debug_get_current_active_event_type 0000000180015390 f   sfc_debug:sfcdebug.obj
 0001:000143a0       sf_debug_get_current_active_event_id 00000001800153a0 f   sfc_debug:sfcdebug.obj
 0001:000143e0       sf_debug_get_current_tag_type 00000001800153e0 f   sfc_debug:sfcdebug.obj
 0001:000143f0       sf_debug_get_current_simulation_time 00000001800153f0 f   sfc_debug:sfcdebug.obj
 0001:00014400       sf_debug_get_current_coverage_percentage 0000000180015400 f   sfc_debug:sfcdebug.obj
 0001:00014410       sf_debug_current_statement_context 0000000180015410 f   sfc_debug:sfcdebug.obj
 0001:00014490       sf_debug_get_current_statement_info 0000000180015490 f   sfc_debug:sfcdebug.obj
 0001:00014630       sf_debug_terminate_instance 0000000180015630 f   sfc_debug:sfcdebug.obj
 0001:00014950       sf_debug_assertion_failed  0000000180015950 f   sfc_debug:sfcdebug.obj
 0001:00014b20       sf_debug_create_debug_instance_struct 0000000180015b20 f   sfc_debug:sfcdebug.obj
 0001:00014b70       sf_debug_set_number_of_data_with_change_event_for_machine 0000000180015b70 f   sfc_debug:sfcdebug.obj
 0001:00014bc0       sf_debug_set_machine_event_thresholds 0000000180015bc0 f   sfc_debug:sfcdebug.obj
 0001:00014be0       sf_debug_set_machine_event_scope 0000000180015be0 f   sfc_debug:sfcdebug.obj
 0001:00014c30       sf_debug_set_machine_data_thresholds 0000000180015c30 f   sfc_debug:sfcdebug.obj
 0001:00014c80       sf_debug_set_machine_data_scope 0000000180015c80 f   sfc_debug:sfcdebug.obj
 0001:00014d20       sf_debug_set_machine_data_name 0000000180015d20 f   sfc_debug:sfcdebug.obj
 0001:00014dd0       sf_debug_set_machine_data_size 0000000180015dd0 f   sfc_debug:sfcdebug.obj
 0001:00014f20       sf_debug_set_machine_data_type 0000000180015f20 f   sfc_debug:sfcdebug.obj
 0001:00015090       sf_debug_get_chart_data_number 0000000180016090 f   sfc_debug:sfcdebug.obj
 0001:000150b0       sf_debug_get_chart_event_number 00000001800160b0 f   sfc_debug:sfcdebug.obj
 0001:000150d0       sf_debug_set_chart_state_info 00000001800160d0 f   sfc_debug:sfcdebug.obj
 0001:00015160       sf_debug_set_chart_decomposition 0000000180016160 f   sfc_debug:sfcdebug.obj
 0001:000151d0       sf_debug_set_chart_substate_count 00000001800161d0 f   sfc_debug:sfcdebug.obj
 0001:000152b0       sf_debug_set_chart_substate_index 00000001800162b0 f   sfc_debug:sfcdebug.obj
 0001:00015330       sf_debug_set_chart_state_substate_count 0000000180016330 f   sfc_debug:sfcdebug.obj
 0001:00015450       sf_debug_set_chart_state_substate_index 0000000180016450 f   sfc_debug:sfcdebug.obj
 0001:000154e0       sf_debug_set_number_of_data_with_change_event_for_chart 00000001800164e0 f   sfc_debug:sfcdebug.obj
 0001:00015570       sf_debug_set_number_of_states_with_entry_event_for_chart 0000000180016570 f   sfc_debug:sfcdebug.obj
 0001:000155f0       sf_debug_set_number_of_states_with_exit_event_for_chart 00000001800165f0 f   sfc_debug:sfcdebug.obj
 0001:00015670       sf_debug_set_chart_disable_implicit_casting 0000000180016670 f   sfc_debug:sfcdebug.obj
 0001:000156e0       sf_debug_set_chart_event_thresholds 00000001800166e0 f   sfc_debug:sfcdebug.obj
 0001:00015760       sf_debug_set_chart_data_compiled_props 0000000180016760 f   sfc_debug:sfcdebug.obj
 0001:00015aa0       sf_debug_set_chart_data_props 0000000180016aa0 f   sfc_debug:sfcdebug.obj
 0001:00015dc0       sf_debug_check_fi_license  0000000180016dc0 f   sfc_debug:sfcdebug.obj
 0001:00015f80       sf_debug_symbol_scope_push 0000000180016f80 f   sfc_debug:sfcdebug.obj
 0001:00015fc0       sf_debug_symbol_scope_push_eml 0000000180016fc0 f   sfc_debug:sfcdebug.obj
 0001:00016010       sf_debug_symbol_scope_pop  0000000180017010 f   sfc_debug:sfcdebug.obj
 0001:00016050       sf_debug_symbol_scope_add_importable 0000000180017050 f   sfc_debug:sfcdebug.obj
 0001:000160d0       sf_debug_symbol_scope_add  00000001800170d0 f   sfc_debug:sfcdebug.obj
 0001:00016150       sf_debug_symbol_scope_add_dyn_importable 0000000180017150 f   sfc_debug:sfcdebug.obj
 0001:00016210       sf_debug_symbol_scope_add_dyn 0000000180017210 f   sfc_debug:sfcdebug.obj
 0001:00016250       sf_debug_symbol_scope_add_eml_importable 0000000180017250 f   sfc_debug:sfcdebug.obj
 0001:00016290       sf_debug_symbol_scope_add_eml 0000000180017290 f   sfc_debug:sfcdebug.obj
 0001:000162d0       sf_debug_symbol_scope_add_eml_dyn_importable 00000001800172d0 f   sfc_debug:sfcdebug.obj
 0001:00016330       sf_debug_symbol_scope_add_eml_dyn 0000000180017330 f   sfc_debug:sfcdebug.obj
 0001:00016390       sf_debug_symbol_switch     0000000180017390 f   sfc_debug:sfcdebug.obj
 0001:000163b0       sf_debug_symbol_scope_add_verbose 00000001800173b0 f   sfc_debug:sfcdebug.obj
 0001:00016480       sf_debug_set_machine_data_value_ptr 0000000180017480 f   sfc_debug:sfcdebug.obj
 0001:000164c0       sf_debug_set_instance_data_value_ptr 00000001800174c0 f   sfc_debug:sfcdebug.obj
 0001:00016590       sf_debug_unset_instance_data_value_ptr 0000000180017590 f   sfc_debug:sfcdebug.obj
 0001:00016640       sf_debug_set_chart_event_scope 0000000180017640 f   sfc_debug:sfcdebug.obj
 0001:000166c0       sf_debug_set_chart_transition_coverage_maps 00000001800176c0 f   sfc_debug:sfcdebug.obj
 0001:000167c0       sf_debug_set_chart_state_coverage_maps 00000001800177c0 f   sfc_debug:sfcdebug.obj
 0001:00016890       sf_debug_set_instance_transition_coverage_weights 0000000180017890 f   sfc_debug:sfcdebug.obj
 0001:00016920       sf_debug_set_instance_state_coverage_weights 0000000180017920 f   sfc_debug:sfcdebug.obj
 0001:00016b70       sf_debug_unload_machine    0000000180017b70 f   sfc_debug:sfcdebug.obj
 0001:00016bc0       sf_debug_load_machine      0000000180017bc0 f   sfc_debug:sfcdebug.obj
 0001:00016cd0       sf_debug_set_active_instance_in_data_dictionary 0000000180017cd0 f   sfc_debug:sfcdebug.obj
 0001:00016eb0       sf_debug_set_active_instance 0000000180017eb0 f   sfc_debug:sfcdebug.obj
 0001:00017010       sf_debug_chart_visiblity_change 0000000180018010 f   sfc_debug:sfcdebug.obj
 0001:00017100       sf_debug_select_chart      0000000180018100 f   sfc_debug:sfcdebug.obj
 0001:00017260       sf_debug_set_instance_cv_ids 0000000180018260 f   sfc_debug:sfcdebug.obj
 0001:00017590       sf_debug_select_charts     0000000180018590 f   sfc_debug:sfcdebug.obj
 0001:00017740       sf_debug_initialized       0000000180018740 f   sfc_debug:sfcdebug.obj
 0001:00017760       sf_debug_is_uninterruptible 0000000180018760 f   sfc_debug:sfcdebug.obj
 0001:00017790       sf_debug_initialize_debugger_gui 0000000180018790 f   sfc_debug:sfcdebug.obj
 0001:00017b70       sf_debug_resume            0000000180018b70 f   sfc_debug:sfcdebug.obj
 0001:00017b90       sf_debug_go                0000000180018b90 f   sfc_debug:sfcdebug.obj
 0001:00017ba0       sf_debug_break             0000000180018ba0 f   sfc_debug:sfcdebug.obj
 0001:00017bb0       sf_debug_step_over         0000000180018bb0 f   sfc_debug:sfcdebug.obj
 0001:00017bc0       sf_debug_step_out          0000000180018bc0 f   sfc_debug:sfcdebug.obj
 0001:00017bd0       sf_debug_set_disable_all_breakpoints 0000000180018bd0 f   sfc_debug:sfcdebug.obj
 0001:00017be0       sf_debug_disable_all_breakpoints_and_go 0000000180018be0 f   sfc_debug:sfcdebug.obj
 0001:00017bf0       sf_debug_break_on_chart_entry 0000000180018bf0 f   sfc_debug:sfcdebug.obj
 0001:00017c00       sf_debug_break_on_event_broadcast 0000000180018c00 f   sfc_debug:sfcdebug.obj
 0001:00017c10       sf_debug_break_on_state_entry 0000000180018c10 f   sfc_debug:sfcdebug.obj
 0001:00017c20       sf_debug_break_between_times 0000000180018c20 f   sfc_debug:sfcdebug.obj
 0001:00017c40       sf_debug_browse_data       0000000180018c40 f   sfc_debug:sfcdebug.obj
 0001:00017c50       sf_debug_watch_data        0000000180018c50 f   sfc_debug:sfcdebug.obj
 0001:00017c80       sf_debug_assign_data       0000000180018c80 f   sfc_debug:sfcdebug.obj
 0001:00017c90       sf_debug_whos              0000000180018c90 f   sfc_debug:sfcdebug.obj
 0001:00017cb0       sf_debug_get_consistency_info 0000000180018cb0 f   sfc_debug:sfcdebug.obj
 0001:00017cc0       sf_debug_browse_trace      0000000180018cc0 f   sfc_debug:sfcdebug.obj
 0001:00017cd0       sf_debug_set_breakpoints   0000000180018cd0 f   sfc_debug:sfcdebug.obj
 0001:00017e40       sf_debug_set_eml_breakpoints 0000000180018e40 f   sfc_debug:sfcdebug.obj
 0001:00017fa0       sf_debug_set_script_breakpoints 0000000180018fa0 f   sfc_debug:sfcdebug.obj
 0001:00018020       sf_debug_add_script_breakpoints 0000000180019020 f   sfc_debug:sfcdebug.obj
 0001:00018090       sf_debug_clear_script_breakpoints 0000000180019090 f   sfc_debug:sfcdebug.obj
 0001:00018100       sf_debug_query_script_breakpoints 0000000180019100 f   sfc_debug:sfcdebug.obj
 0001:000181b0       sf_debug_get_eml_script_id 00000001800191b0 f   sfc_debug:sfcdebug.obj
 0001:00018200       sf_debug_set_watch         0000000180019200 f   sfc_debug:sfcdebug.obj
 0001:00018420       sf_debug_get_instance_handle 0000000180019420 f   sfc_debug:sfcdebug.obj
 0001:000184b0       sf_debug_get_active_states 00000001800194b0 f   sfc_debug:sfcdebug.obj
 0001:000184c0       sf_debug_set_honor_breakpoints 00000001800194c0 f   sfc_debug:sfcdebug.obj
 0001:000184d0       sf_debug_get_animation     00000001800194d0 f   sfc_debug:sfcdebug.obj
 0001:000184e0       sf_debug_set_animation     00000001800194e0 f   sfc_debug:sfcdebug.obj
 0001:000184f0       sf_debug_animate           00000001800194f0 f   sfc_debug:sfcdebug.obj
 0001:00018510       sf_debug_cycle_detection_check 0000000180019510 f   sfc_debug:sfcdebug.obj
 0001:00018520       sf_debug_data_range_check  0000000180019520 f   sfc_debug:sfcdebug.obj
 0001:00018530       sf_debug_transition_conflict_check 0000000180019530 f   sfc_debug:sfcdebug.obj
 0001:00018540       sf_debug_state_consistency_check 0000000180019540 f   sfc_debug:sfcdebug.obj
 0001:00018550       sf_debug_data_range_check_enabled 0000000180019550 f   sfc_debug:sfcdebug.obj
 0001:00018570       sf_debug_transition_conflict_check_enabled 0000000180019570 f   sfc_debug:sfcdebug.obj
 0001:00018590       sf_debug_transition_conflict_check_begin 0000000180019590 f   sfc_debug:sfcdebug.obj
 0001:000185b0       sf_debug_transition_conflict_check_end 00000001800195b0 f   sfc_debug:sfcdebug.obj
 0001:000185d0       sf_debug_stop_debugging    00000001800195d0 f   sfc_debug:sfcdebug.obj
 0001:00018600       sf_debug_is_cycle_detected 0000000180019600 f   sfc_debug:sfcdebug.obj
 0001:00018610       sf_debug_is_array_bounds_detected 0000000180019610 f   sfc_debug:sfcdebug.obj
 0001:00018620       sf_debug_get_state_vectors_data_size 0000000180019620 f   sfc_debug:sfcdebug.obj
 0001:00018660       sf_debug_get_state_vectors_data 0000000180019660 f   sfc_debug:sfcdebug.obj
 0001:00018770       sf_debug_set_state_vectors_data 0000000180019770 f   sfc_debug:sfcdebug.obj
 0001:00018a00       sf_debug_get_script_index  0000000180019a00 f   sfc_debug:sfcdebug.obj
 0001:00018b90       sf_debug_add_script        0000000180019b90 f   sfc_debug:sfcdebug.obj
 0001:00018d20       cv_eval_point              0000000180019d20 f   sfc_debug:sfcdebug.obj
 0001:00018e90       cv_eval_testobjective      0000000180019e90 f   sfc_debug:sfcdebug.obj
 0001:00018fa0       sf_debug_cv_init_state     0000000180019fa0 f   sfc_debug:sfcdebug.obj
 0001:000190d0       sf_debug_cv_init_chart     000000018001a0d0 f   sfc_debug:sfcdebug.obj
 0001:000191c0       sf_debug_cv_init_trans     000000018001a1c0 f   sfc_debug:sfcdebug.obj
 0001:000192d0       sf_debug_cv_init_saturation 000000018001a2d0 f   sfc_debug:sfcdebug.obj
 0001:000193d0       sf_debug_cv_init_testobjectives 000000018001a3d0 f   sfc_debug:sfcdebug.obj
 0001:000195b0       cv_eml_init_script         000000018001a5b0 f   sfc_debug:sfcdebug.obj
 0001:000196d0       cv_eml_init_fcn            000000018001a6d0 f   sfc_debug:sfcdebug.obj
 0001:000197e0       cv_eml_init_testobjective  000000018001a7e0 f   sfc_debug:sfcdebug.obj
 0001:000198c0       cv_eml_init_saturation     000000018001a8c0 f   sfc_debug:sfcdebug.obj
 0001:00019990       cv_eml_init_if             000000018001a990 f   sfc_debug:sfcdebug.obj
 0001:00019a70       cv_eml_init_for            000000018001aa70 f   sfc_debug:sfcdebug.obj
 0001:00019b40       cv_eml_init_while          000000018001ab40 f   sfc_debug:sfcdebug.obj
 0001:00019c10       cv_eml_init_mcdc           000000018001ac10 f   sfc_debug:sfcdebug.obj
 0001:00019d30       cv_eml_init_switch         000000018001ad30 f   sfc_debug:sfcdebug.obj
 0001:00019e30       cv_eml_eval                000000018001ae30 f   sfc_debug:sfcdebug.obj
 0001:00019f20       sf_debug_bm_is_a_eml_breakpoint 000000018001af20 f   sfc_debug:sfcdebug.obj
 0001:0001a070       sf_debug_temporal_threshold 000000018001b070 f   sfc_debug:sfcdebug.obj
 0001:0001a3e0       sf_debug_transition_conflict_error 000000018001b3e0 f   sfc_debug:sfcdebug.obj
 0001:0001a740       sf_debug_state_inconsistency_error 000000018001b740 f   sfc_debug:sfcdebug.obj
 0001:0001a860       sf_debug_check_for_state_inconsistency 000000018001b860 f   sfc_debug:sfcdebug.obj
 0001:0001a8a0       sf_debug_cycle_detecton_error 000000018001b8a0 f   sfc_debug:sfcdebug.obj
 0001:0001aff0       sf_debug_size_eq_check_1d  000000018001bff0 f   sfc_debug:sfcdebug.obj
 0001:0001b010       sf_debug_size_eq_check_nd  000000018001c010 f   sfc_debug:sfcdebug.obj
 0001:0001b210       sf_debug_dim_size_eq_check 000000018001c210 f   sfc_debug:sfcdebug.obj
 0001:0001b240       sf_debug_dim_size_geq_check 000000018001c240 f   sfc_debug:sfcdebug.obj
 0001:0001b270       sf_debug_sub_assign_size_check_nd 000000018001c270 f   sfc_debug:sfcdebug.obj
 0001:0001b450       sf_debug_matrix_matrix_index_check 000000018001c450 f   sfc_debug:sfcdebug.obj
 0001:0001b4a0       sf_debug_vector_vector_index_check 000000018001c4a0 f   sfc_debug:sfcdebug.obj
 0001:0001b4f0       sf_debug_for_loop_vector_check 000000018001c4f0 f   sfc_debug:sfcdebug.obj
 0001:0001b590       sf_debug_runtime_error_msgid 000000018001c590 f   sfc_debug:sfcdebug.obj
 0001:0001b630       sf_debug_data_array_bounds_error_check 000000018001c630 f   sfc_debug:sfcdebug.obj
 0001:0001b740       sf_debug_eml_data_array_bounds_error_check 000000018001c740 f   sfc_debug:sfcdebug.obj
 0001:0001bc00       sf_debug_integer_check     000000018001cc00 f   sfc_debug:sfcdebug.obj
 0001:0001bcf0       sf_debug_not_nan_check     000000018001ccf0 f   sfc_debug:sfcdebug.obj
 0001:0001bdc0       sf_debug_non_negative_check 000000018001cdc0 f   sfc_debug:sfcdebug.obj
 0001:0001be90       sf_debug_overflow_detection 000000018001ce90 f   sfc_debug:sfcdebug.obj
 0001:0001c4f0       sf_debug_cast_to_real32_T  000000018001d4f0 f   sfc_debug:sfcdebug.obj
 0001:0001c5c0       sf_debug_cast_to_int8_T    000000018001d5c0 f   sfc_debug:sfcdebug.obj
 0001:0001c690       sf_debug_cast_to_uint8_T   000000018001d690 f   sfc_debug:sfcdebug.obj
 0001:0001c760       sf_debug_cast_to_int16_T   000000018001d760 f   sfc_debug:sfcdebug.obj
 0001:0001c830       sf_debug_cast_to_uint16_T  000000018001d830 f   sfc_debug:sfcdebug.obj
 0001:0001c900       sf_debug_cast_to_int32_T   000000018001d900 f   sfc_debug:sfcdebug.obj
 0001:0001c9d0       sf_debug_cast_to_uint32_T  000000018001d9d0 f   sfc_debug:sfcdebug.obj
 0001:0001caa0       sf_debug_data_range_error  000000018001daa0 f   sfc_debug:sfcdebug.obj
 0001:0001cdb0       sf_debug_read_before_write_check 000000018001ddb0 f   sfc_debug:sfcdebug.obj
 0001:0001d1e0       sf_debug_data_range_error_wrapper_min_max 000000018001e1e0 f   sfc_debug:sfcdebug.obj
 0001:0001d300       sf_debug_data_range_error_wrapper_min 000000018001e300 f   sfc_debug:sfcdebug.obj
 0001:0001d410       sf_debug_data_range_error_wrapper_max 000000018001e410 f   sfc_debug:sfcdebug.obj
 0001:0001d520       sf_debug_data_range_wrapper 000000018001e520 f   sfc_debug:sfcdebug.obj
 0001:0001d5e0       sf_debug_set_current_status_info 000000018001e5e0 f   sfc_debug:sfcdebug.obj
 0001:0001d980       sf_debug_register_message_post_receive_info 000000018001e980 f   sfc_debug:sfcdebug.obj
 0001:0001dbd0       sf_debug_call              000000018001ebd0 f   sfc_debug:sfcdebug.obj
 0001:0001e530       sf_debug_initialize_machine 000000018001f530 f   sfc_debug:sfcdebug.obj
 0001:0001e7e0       sf_debug_initialize_chart  000000018001f7e0 f   sfc_debug:sfcdebug.obj
 0001:0001ec30       sf_debug_ensure_script     000000018001fc30 f   sfc_debug:sfcdebug.obj
 0001:0001ece0       cv_eval_saturation         000000018001fce0 f   sfc_debug:sfcdebug.obj
 0001:0001ee60       cv_saturation_accum        000000018001fe60 f   sfc_debug:sfcdebug.obj
 0001:0001efa0       cv_script_init_script      000000018001ffa0 f   sfc_debug:sfcdebug.obj
 0001:0001f090       cv_script_init_fcn         0000000180020090 f   sfc_debug:sfcdebug.obj
 0001:0001f150       cv_script_init_testobjective 0000000180020150 f   sfc_debug:sfcdebug.obj
 0001:0001f210       cv_script_init_saturation  0000000180020210 f   sfc_debug:sfcdebug.obj
 0001:0001f2c0       cv_script_init_if          00000001800202c0 f   sfc_debug:sfcdebug.obj
 0001:0001f380       cv_script_init_for         0000000180020380 f   sfc_debug:sfcdebug.obj
 0001:0001f430       cv_script_init_while       0000000180020430 f   sfc_debug:sfcdebug.obj
 0001:0001f4e0       cv_script_init_mcdc        00000001800204e0 f   sfc_debug:sfcdebug.obj
 0001:0001f5e0       cv_script_init_switch      00000001800205e0 f   sfc_debug:sfcdebug.obj
 0001:0001f6c0       cv_script_eval             00000001800206c0 f   sfc_debug:sfcdebug.obj
 0001:0001f790       eml_debug_line_call        0000000180020790 f   sfc_debug:sfcdebug.obj
 0001:0001f960       sf_debug_terminate         0000000180020960 f   sfc_debug:sfcdebug.obj
 0001:0001fb70       sf_debug_set_script_cv_ids 0000000180020b70 f   sfc_debug:sfcdebug.obj
 0001:0001fca0       sf_debug_api               0000000180020ca0 f   sfc_debug:sfc_api.obj
 0001:00021590       sf_debug_sm_terminate      0000000180022590 f   sfc_debug:sfdb_animation.obj
 0001:00021740       sf_debug_reset_path_objects 0000000180022740 f   sfc_debug:sfdb_animation.obj
 0001:000217c0       sf_debug_sm_reset_object_selection_status 00000001800227c0 f   sfc_debug:sfdb_animation.obj
 0001:00021860       sf_debug_sm_reset_state_buffer 0000000180022860 f   sfc_debug:sfdb_animation.obj
 0001:00021930       sf_debug_sm_store_state_buffer 0000000180022930 f   sfc_debug:sfdb_animation.obj
 0001:000219b0       sf_debug_sm_restore_state_buffer1 00000001800229b0 f   sfc_debug:sfdb_animation.obj
 0001:00021a20       sf_debug_sm_restore_state_buffer2 0000000180022a20 f   sfc_debug:sfdb_animation.obj
 0001:00021a90       sf_debug_sm_chart_active   0000000180022a90 f   sfc_debug:sfdb_animation.obj
 0001:00021ae0       sf_debug_sm_select_active_objects 0000000180022ae0 f   sfc_debug:sfdb_animation.obj
 0001:00021fb0       sf_debug_sm_is_chart_active 0000000180022fb0 f   sfc_debug:sfdb_animation.obj
 0001:00021ff0       sf_debug_sm_is_state_active 0000000180022ff0 f   sfc_debug:sfdb_animation.obj
 0001:00022230       sf_debug_sm_get_active_states 0000000180023230 f   sfc_debug:sfdb_animation.obj
 0001:000227e0       sf_debug_sm_initialize_instance 00000001800237e0 f   sfc_debug:sfdb_animation.obj
 0001:000229f0       sf_debug_sm_change_object_selection_status 00000001800239f0 f   sfc_debug:sfdb_animation.obj
 0001:00022cc0       cv_create_interface        0000000180023cc0 f   sfc_debug:cv_sfinterface.obj
 0001:00022fd0       cv_init_trans              0000000180023fd0 f   sfc_debug:cv_sfinterface.obj
 0001:00023020       cv_init_saturation         0000000180024020 f   sfc_debug:cv_sfinterface.obj
 0001:00023060       cv_init_testobjective      0000000180024060 f   sfc_debug:cv_sfinterface.obj
 0001:000230a0       cv_init_state              00000001800240a0 f   sfc_debug:cv_sfinterface.obj
 0001:00023110       cv_init_chart              0000000180024110 f   sfc_debug:cv_sfinterface.obj
 0001:00023160       cv_dec_update_call         0000000180024160 f   sfc_debug:cv_sfinterface.obj
 0001:000231a0       cv_cond_update_call        00000001800241a0 f   sfc_debug:cv_sfinterface.obj
 0001:000231e0       cv_saturation_update_call  00000001800241e0 f   sfc_debug:cv_sfinterface.obj
 0001:00023220       cv_saturation_update_accum 0000000180024220 f   sfc_debug:cv_sfinterface.obj
 0001:00023260       cv_testobjective_update_call 0000000180024260 f   sfc_debug:cv_sfinterface.obj
 0001:000232a0       cv_sigrange_update         00000001800242a0 f   sfc_debug:cv_sfinterface.obj
 0001:000232e0       cvsf_eml_eval              00000001800242e0 f   sfc_debug:cv_sfinterface.obj
 0001:000233c0       cvsf_eml_init_script       00000001800243c0 f   sfc_debug:cv_sfinterface.obj
 0001:00023450       cvsf_eml_init_fcn          0000000180024450 f   sfc_debug:cv_sfinterface.obj
 0001:000234b0       cvsf_eml_init_testobjective 00000001800244b0 f   sfc_debug:cv_sfinterface.obj
 0001:00023510       cvsf_eml_init_saturation   0000000180024510 f   sfc_debug:cv_sfinterface.obj
 0001:00023560       cvsf_eml_init_if           0000000180024560 f   sfc_debug:cv_sfinterface.obj
 0001:000235c0       cvsf_eml_init_for          00000001800245c0 f   sfc_debug:cv_sfinterface.obj
 0001:00023610       cvsf_eml_init_while        0000000180024610 f   sfc_debug:cv_sfinterface.obj
 0001:00023660       cvsf_eml_init_mcdc         0000000180024660 f   sfc_debug:cv_sfinterface.obj
 0001:000236f0       cvsf_eml_init_switch       00000001800246f0 f   sfc_debug:cv_sfinterface.obj
 0001:00023760       cvsf_script_eval           0000000180024760 f   sfc_debug:cv_sfinterface.obj
 0001:00023840       cvsf_script_init_script    0000000180024840 f   sfc_debug:cv_sfinterface.obj
 0001:000238d0       cvsf_script_init_fcn       00000001800248d0 f   sfc_debug:cv_sfinterface.obj
 0001:00023930       cvsf_script_init_testobjective 0000000180024930 f   sfc_debug:cv_sfinterface.obj
 0001:00023990       cvsf_script_init_saturation 0000000180024990 f   sfc_debug:cv_sfinterface.obj
 0001:000239e0       cvsf_script_init_if        00000001800249e0 f   sfc_debug:cv_sfinterface.obj
 0001:00023a40       cvsf_script_init_for       0000000180024a40 f   sfc_debug:cv_sfinterface.obj
 0001:00023a90       cvsf_script_init_while     0000000180024a90 f   sfc_debug:cv_sfinterface.obj
 0001:00023ae0       cvsf_script_init_mcdc      0000000180024ae0 f   sfc_debug:cv_sfinterface.obj
 0001:00023b70       cvsf_script_init_switch    0000000180024b70 f   sfc_debug:cv_sfinterface.obj
 0001:00023be0       cv_destroy_interface       0000000180024be0 f   sfc_debug:cv_sfinterface.obj
 0001:00023c00       cv_create_instance_objects 0000000180024c00 f   sfc_debug:cv_sfinterface.obj
 0001:00024070       cv_is_enabled              0000000180025070 f   sfc_debug:cv_sfinterface.obj
 0001:00024080       sf_debug_cv_initialize_script 0000000180025080 f   sfc_debug:cv_sfinterface.obj
 0001:00024210       sf_debug_cv_initialize_instance 0000000180025210 f   sfc_debug:cv_sfinterface.obj
 0001:000245a0       sf_debug_cv_terminate_chart 00000001800255a0 f   sfc_debug:cv_sfinterface.obj
 0001:000246c0       cv_call_trans_test         00000001800256c0 f   sfc_debug:cv_sfinterface.obj
 0001:000246d0       cv_call_sub_cond_test      00000001800256d0 f   sfc_debug:cv_sfinterface.obj
 0001:00024710       sf_debug_st_initialize_machine 0000000180025710 f   sfc_debug:sfdb_data_browse.obj
 0001:000247c0       sf_debug_st_initialize_instance 00000001800257c0 f   sfc_debug:sfdb_data_browse.obj
 0001:000249d0       sf_debug_st_terminate      00000001800259d0 f   sfc_debug:sfdb_data_browse.obj
 0001:00024d70       sf_debug_st_set_data_value_ptr_in_machine 0000000180025d70 f   sfc_debug:sfdb_data_browse.obj
 0001:00024e00       sf_debug_st_set_data_value_ptr_in_instance 0000000180025e00 f   sfc_debug:sfdb_data_browse.obj
 0001:00024ee0       sf_debug_st_unset_data_value_ptr_in_machine 0000000180025ee0 f   sfc_debug:sfdb_data_browse.obj
 0001:00024f50       sf_debug_st_unset_data_value_ptr_in_instance 0000000180025f50 f   sfc_debug:sfdb_data_browse.obj
 0001:00025210       sf_debug_mx_value          0000000180026210 f   sfc_debug:sfdb_data_browse.obj
 0001:00025270       sf_debug_mx_packed_vector  0000000180026270 f   sfc_debug:sfdb_data_browse.obj
 0001:00025350       sf_debug_mx_uint_vector    0000000180026350 f   sfc_debug:sfdb_data_browse.obj
 0001:00025400       sf_debug_st_get_double_value_from_void_ptr_vector 0000000180026400 f   sfc_debug:sfdb_data_browse.obj
 0001:00025ee0       sf_debug_st_browse_data    0000000180026ee0 f   sfc_debug:sfdb_data_browse.obj
 0001:00026720       sf_debug_hm_initialize_instance 0000000180027720 f   sfc_debug:sfdb_handle_management.obj
 0001:00026c00       sf_debug_hm_get_object_id  0000000180027c00 f   sfc_debug:sfdb_handle_management.obj
 0001:000277b0       sf_debug_hm_update_chart_visibility 00000001800287b0 f   sfc_debug:sfdb_handle_management.obj
 0001:000289a0       sf_debug_object_is_eml_function 00000001800299a0 f   sfc_debug:sfdb_handle_management.obj
 0001:00028a10       sf_debug_hm_initialize_ids_in_machine 0000000180029a10 f   sfc_debug:sfdb_handle_management.obj
 0001:00028b80       sf_debug_hm_initialize_ids_in_chart 0000000180029b80 f   sfc_debug:sfdb_handle_management.obj
 0001:00028c80       sf_debug_hm_initialize_chart 0000000180029c80 f   sfc_debug:sfdb_handle_management.obj
 0001:00029380       sf_debug_hm_terminate      000000018002a380 f   sfc_debug:sfdb_handle_management.obj
 0001:000293e0       sf_debug_hm_initialize_machine 000000018002a3e0 f   sfc_debug:sfdb_handle_management.obj
 0001:00029b00       sf_debug_ss_initialize     000000018002ab00 f   sfc_debug:sfdb_symbol_scope.obj
 0001:00029b20       sf_debug_ss_terminate      000000018002ab20 f   sfc_debug:sfdb_symbol_scope.obj
 0001:00029bb0       sf_debug_ss_push_symbol_scope 000000018002abb0 f   sfc_debug:sfdb_symbol_scope.obj
 0001:00029cb0       sf_debug_ss_push_symbol_scope_eml 000000018002acb0 f   sfc_debug:sfdb_symbol_scope.obj
 0001:00029d10       sf_debug_ss_pop_symbol_scope 000000018002ad10 f   sfc_debug:sfdb_symbol_scope.obj
 0001:00029dc0       sf_debug_ss_add_symbol     000000018002adc0 f   sfc_debug:sfdb_symbol_scope.obj
 0001:00029f30       sf_debug_ss_add_symbol_eml 000000018002af30 f   sfc_debug:sfdb_symbol_scope.obj
 0001:0002ae30       sf_debug_ss_set_data_value 000000018002be30 f   sfc_debug:sfdb_symbol_scope.obj
 0001:0002b280       getInstanceNumber          000000018002c280 f   sfc_debug:sfdb_symbol_scope.obj
 0001:0002b350       sf_debug_ss_watch_data     000000018002c350 f   sfc_debug:sfdb_symbol_scope.obj
 0001:0002b540       sf_debug_ss_assign_data    000000018002c540 f   sfc_debug:sfdb_symbol_scope.obj
 0001:0002bf50       get_data_entry_name        000000018002cf50 f   sfc_debug:sfdb_symbol_scope.obj
 0001:0002bfa0       sf_debug_ss_whos           000000018002cfa0 f   sfc_debug:sfdb_symbol_scope.obj
 0001:0002c5f0       sf_debug_cc_initialize_chart 000000018002d5f0 f   sfc_debug:sfdb_coverage.obj
 0001:0002cfe0       sf_debug_cc_initialize_instance 000000018002dfe0 f   sfc_debug:sfdb_coverage.obj
 0001:0002dd20       sf_debug_cc_terminate      000000018002ed20 f   sfc_debug:sfdb_coverage.obj
 0001:0002de10       sf_debug_cc_set_transition_maps 000000018002ee10 f   sfc_debug:sfdb_coverage.obj
 0001:0002df40       sf_debug_cc_set_state_maps 000000018002ef40 f   sfc_debug:sfdb_coverage.obj
 0001:0002e020       sf_debug_cc_set_transition_weights 000000018002f020 f   sfc_debug:sfdb_coverage.obj
 0001:0002e2e0       sf_debug_cc_set_state_weights 000000018002f2e0 f   sfc_debug:sfdb_coverage.obj
 0001:0002e5b0       sf_debug_cc_mark_transition_guard 000000018002f5b0 f   sfc_debug:sfdb_coverage.obj
 0001:0002e640       sf_debug_cc_mark_transition_trigger 000000018002f640 f   sfc_debug:sfdb_coverage.obj
 0001:0002e6d0       sf_debug_cc_mark_transition_decision 000000018002f6d0 f   sfc_debug:sfdb_coverage.obj
 0001:0002e740       sf_debug_cc_mark_transition_condition_action 000000018002f740 f   sfc_debug:sfdb_coverage.obj
 0001:0002e790       sf_debug_cc_mark_transition_transition_action 000000018002f790 f   sfc_debug:sfdb_coverage.obj
 0001:0002e7e0       sf_debug_cc_mark_state_entry 000000018002f7e0 f   sfc_debug:sfdb_coverage.obj
 0001:0002e830       sf_debug_cc_mark_state_during 000000018002f830 f   sfc_debug:sfdb_coverage.obj
 0001:0002e880       sf_debug_cc_mark_state_exit 000000018002f880 f   sfc_debug:sfdb_coverage.obj
 0001:0002e8d0       sf_debug_bm_clear_script_breakpoints 000000018002f8d0 f   sfc_debug:sfdb_breakpoints.obj
 0001:0002e900       sf_debug_bm_set_script_breakpoint 000000018002f900 f   sfc_debug:sfdb_breakpoints.obj
 0001:0002e980       sf_debug_bm_clear_single_script_breakpoint 000000018002f980 f   sfc_debug:sfdb_breakpoints.obj
 0001:0002ea00       sf_debug_bm_query_script_breakpoint 000000018002fa00 f   sfc_debug:sfdb_breakpoints.obj
 0001:0002ea50       sf_debug_bm_initialize_scripts 000000018002fa50 f   sfc_debug:sfdb_breakpoints.obj
 0001:0002f0e0       sf_debug_bm_terminate      00000001800300e0 f   sfc_debug:sfdb_breakpoints.obj
 0001:0002f3c0       sf_debug_bm_remove_all_breakpoints_in_machine 00000001800303c0 f   sfc_debug:sfdb_breakpoints.obj
 0001:0002f420       sf_debug_bm_remove_all_breakpoints_in_chart 0000000180030420 f   sfc_debug:sfdb_breakpoints.obj
 0001:0002f570       sf_debug_bm_initialize_global_breakpoints 0000000180030570 f   sfc_debug:sfdb_breakpoints.obj
 0001:0002f6f0       sf_debug_bm_set_breakpoint 00000001800306f0 f   sfc_debug:sfdb_breakpoints.obj
 0001:0002fcb0       sf_debug_bm_set_eml_breakpoint 0000000180030cb0 f   sfc_debug:sfdb_breakpoints.obj
 0001:0002fd40       sf_debug_bm_initialize_machine_breakpoint_map 0000000180030d40 f   sfc_debug:sfdb_breakpoints.obj
 0001:00030160       sf_debug_bm_is_a_breakpoint 0000000180031160 f   sfc_debug:sfdb_breakpoints.obj
 0001:00030680       sf_debug_bm_get_all_breakpoints_in_machine 0000000180031680 f   sfc_debug:sfdb_breakpoints.obj
 0001:00030980       sf_debug_bm_get_all_breakpoints_in_chart 0000000180031980 f   sfc_debug:sfdb_breakpoints.obj
 0001:00031510       sf_debug_bm_initialize_machine 0000000180032510 f   sfc_debug:sfdb_breakpoints.obj
 0001:000315e0       sf_debug_bm_initialize_chart 00000001800325e0 f   sfc_debug:sfdb_breakpoints.obj
 0001:000319d0       sf_debug_sc_terminate      00000001800329d0 f   sfc_debug:sfdb_state_consistency.obj
 0001:00031cf0       sf_debug_sc_is_chart_consistent 0000000180032cf0 f   sfc_debug:sfdb_state_consistency.obj
 0001:00031fa0       sf_debug_sc_get_consistency_error_info 0000000180032fa0 f   sfc_debug:sfdb_state_consistency.obj
 0001:000323b0       sf_debug_tm_terminate      00000001800333b0 f   sfc_debug:sfdb_call_stack.obj
 0001:00032460       sf_debug_tm_push_chart_instance 0000000180033460 f   sfc_debug:sfdb_call_stack.obj
 0001:000325a0       sf_debug_tm_pop_chart_instance 00000001800335a0 f   sfc_debug:sfdb_call_stack.obj
 0001:00032600       sf_debug_tm_push_trace_node 0000000180033600 f   sfc_debug:sfdb_call_stack.obj
 0001:00032780       sf_debug_tm_pop_trace_node 0000000180033780 f   sfc_debug:sfdb_call_stack.obj
 0001:00032800       sf_debug_tm_get_current_global_trace_index 0000000180033800 f   sfc_debug:sfdb_call_stack.obj
 0001:00032810       sf_debug_tm_get_current_local_trace_index 0000000180033810 f   sfc_debug:sfdb_call_stack.obj
 0001:00032840       sf_debug_tm_set_cycle_detected_flag 0000000180033840 f   sfc_debug:sfdb_call_stack.obj
 0001:00032880       sf_debug_tm_set_cycle_started_flag 0000000180033880 f   sfc_debug:sfdb_call_stack.obj
 0001:000328c0       sf_debug_tm_get_chart_number_from_stack 00000001800338c0 f   sfc_debug:sfdb_call_stack.obj
 0001:00032ac0       sf_debug_tm_browse_trace   0000000180033ac0 f   sfc_debug:sfdb_call_stack.obj
 0001:00032dd0       sf_debug_cd_initialize_instance 0000000180033dd0 f   sfc_debug:sfdb_cycle_detection.obj
 0001:00033080       sf_debug_cd_mark_processed_transition_in_instance 0000000180034080 f   sfc_debug:sfdb_cycle_detection.obj
 0001:00033120       sf_debug_cd_checksum_push  0000000180034120 f   sfc_debug:sfdb_cycle_detection.obj
 0001:000333d0       sf_debug_cd_checksum_pop   00000001800343d0 f   sfc_debug:sfdb_cycle_detection.obj
 0001:00033440       sf_debug_cd_turn_off_cycle_detection 0000000180034440 f   sfc_debug:sfdb_cycle_detection.obj
 0001:00033490       sf_debug_cd_terminate      0000000180034490 f   sfc_debug:sfdb_cycle_detection.obj
 0001:000336c0       md5_initialize_state       00000001800346c0 f   sfc_debug:ckmd5.obj
 0001:00034150       md5_update_state           0000000180035150 f   sfc_debug:ckmd5.obj
 0001:00034170       md5_get_hash               0000000180035170 f   sfc_debug:ckmd5.obj
 0001:000341a0       md5_get_hash_for_a_single_string 00000001800351a0 f   sfc_debug:ckmd5.obj
 0001:00034200       mxGetPr                    0000000180035200 f   libmx:libmx.dll
 0001:00034206       mxCreateDoubleScalar       0000000180035206 f   libmx:libmx.dll
 0001:0003420c       mxCreateDoubleMatrix_730   000000018003520c f   libmx:libmx.dll
 0001:00034212       mxSetField_730             0000000180035212 f   libmx:libmx.dll
 0001:00034218       mxCreateString             0000000180035218 f   libmx:libmx.dll
 0001:0003421e       mxCreateStructMatrix_730   000000018003521e f   libmx:libmx.dll
 0001:00034224       mxCreateCellMatrix_730     0000000180035224 f   libmx:libmx.dll
 0001:0003422a       mxDestroyArray             000000018003522a f   libmx:libmx.dll
 0001:00034230       mxDuplicateArray           0000000180035230 f   libmx:libmx.dll
 0001:00034236       mxGetString_730            0000000180035236 f   libmx:libmx.dll
 0001:0003423c       mxIsChar                   000000018003523c f   libmx:libmx.dll
 0001:00034242       mxGetClassID               0000000180035242 f   libmx:libmx.dll
 0001:00034248       mxIsNumeric                0000000180035248 f   libmx:libmx.dll
 0001:0003424e       mxIsComplex                000000018003524e f   libmx:libmx.dll
 0001:00034254       mxGetN                     0000000180035254 f   libmx:libmx.dll
 0001:0003425a       mxGetM                     000000018003525a f   libmx:libmx.dll
 0001:00034260       mxCalloc                   0000000180035260 f   libmx:libmx.dll
 0001:00034266       mxGetScalar                0000000180035266 f   libmx:libmx.dll
 0001:0003426c       mxIsLogical                000000018003526c f   libmx:libmx.dll
 0001:00034272       mxCreateDoubleMatrix_700   0000000180035272 f   libmx:libmx.dll
 0001:00034278       mxFree                     0000000180035278 f   libmx:libmx.dll
 0001:0003427e       mxArrayToString            000000018003527e f   libmx:libmx.dll
 0001:00034284       mxCreateCellMatrix_700     0000000180035284 f   libmx:libmx.dll
 0001:0003428a       mxSetCell_700              000000018003528a f   libmx:libmx.dll
 0001:00034290       mxGetCell_700              0000000180035290 f   libmx:libmx.dll
 0001:00034296       mxGetClassName             0000000180035296 f   libmx:libmx.dll
 0001:0003429c       mxSetField_700             000000018003529c f   libmx:libmx.dll
 0001:000342a2       mxAddField                 00000001800352a2 f   libmx:libmx.dll
 0001:000342a8       mxGetField_700             00000001800352a8 f   libmx:libmx.dll
 0001:000342ae       mxGetNumberOfElements      00000001800352ae f   libmx:libmx.dll
 0001:000342b4       mxIsStruct                 00000001800352b4 f   libmx:libmx.dll
 0001:000342ba       mxIsA                      00000001800352ba f   libmx:libmx.dll
 0001:000342c0       mxIsClass                  00000001800352c0 f   libmx:libmx.dll
 0001:000342c6       mxGetLogicals              00000001800352c6 f   libmx:libmx.dll
 0001:000342cc       mxIsSparse                 00000001800352cc f   libmx:libmx.dll
 0001:000342d2       mxSetFieldByNumber_700     00000001800352d2 f   libmx:libmx.dll
 0001:000342d8       mxGetFieldByNumber_700     00000001800352d8 f   libmx:libmx.dll
 0001:000342de       mxGetFieldNameByNumber     00000001800352de f   libmx:libmx.dll
 0001:000342e4       mxGetNumberOfFields        00000001800352e4 f   libmx:libmx.dll
 0001:000342ea       mxCreateStructMatrix_700   00000001800352ea f   libmx:libmx.dll
 0001:000342f0       mxGetFieldNumber           00000001800352f0 f   libmx:libmx.dll
 0001:000342f6       mxIsNaN                    00000001800352f6 f   libmx:libmx.dll
 0001:000342fc       mxIsEmpty                  00000001800352fc f   libmx:libmx.dll
 0001:00034302       mxGetData                  0000000180035302 f   libmx:libmx.dll
 0001:00034308       mxGetImagData              0000000180035308 f   libmx:libmx.dll
 0001:0003430e       mxArrayClassIDName         000000018003530e f   libmx:libmx.dll
 0001:00034314       mxCreateNumericMatrix_700  0000000180035314 f   libmx:libmx.dll
 0001:0003431a       mxCreateStructArray_700    000000018003531a f   libmx:libmx.dll
 0001:00034320       mxCalcSingleSubscript_700  0000000180035320 f   libmx:libmx.dll
 0001:00034326       mxGetDimensions_700        0000000180035326 f   libmx:libmx.dll
 0001:0003432c       mxGetNumberOfDimensions_700 000000018003532c f   libmx:libmx.dll
 0001:00034332       mxCreateNumericArray_700   0000000180035332 f   libmx:libmx.dll
 0001:00034338       mxGetElementSize           0000000180035338 f   libmx:libmx.dll
 0001:0003433e       mxCreateStringFromNChars_700 000000018003533e f   libmx:libmx.dll
 0001:00034344       mxGetString_700            0000000180035344 f   libmx:libmx.dll
 0001:0003434a       mxIsLogicalScalarTrue      000000018003534a f   libmx:libmx.dll
 0001:00034350       mxCreateLogicalScalar      0000000180035350 f   libmx:libmx.dll
 0001:00034356       mexUnlock                  0000000180035356 f   libmex:libmex.dll
 0001:0003435c       mexIsLocked                000000018003535c f   libmex:libmex.dll
 0001:00034362       mexWarnMsgTxt              0000000180035362 f   libmex:libmex.dll
 0001:00034368       mexCallMATLAB              0000000180035368 f   libmex:libmex.dll
 0001:0003436e       mexErrMsgTxt               000000018003536e f   libmex:libmex.dll
 0001:00034374       mexMakeArrayPersistent     0000000180035374 f   libmex:libmex.dll
 0001:0003437a       mexSetTrapFlag             000000018003537a f   libmex:libmex.dll
 0001:00034380       mexPutVariable             0000000180035380 f   libmex:libmex.dll
 0001:00034386       mexGetVariable             0000000180035386 f   libmex:libmex.dll
 0001:0003438c       mexLock                    000000018003538c f   libmex:libmex.dll
 0001:00034392       mexMakeMemoryPersistent    0000000180035392 f   libmex:libmex.dll
 0001:00034398       mexFunctionName            0000000180035398 f   libmex:libmex.dll
 0001:0003439e       ssRegisterDataTypeFxpFSlopeFixExpBias 000000018003539e f   libfixedpoint:libfixedpoint.dll
 0001:000343a4       ssRegisterDataTypeFxpScaledDouble 00000001800353a4 f   libfixedpoint:libfixedpoint.dll
 0001:000343aa       utMalloc                   00000001800353aa f   libut:libut.dll
 0001:000343b0       utFree                     00000001800353b0 f   libut:libut.dll
 0001:000343b6       utVSNprintf                00000001800353b6 f   libut:libut.dll
 0001:000343bc       utCPUtime                  00000001800353bc f   libut:libut.dll
 0001:000343c2       utCalloc                   00000001800353c2 f   libut:libut.dll
 0001:000343c8       utRealloc                  00000001800353c8 f   libut:libut.dll
 0001:000343ce       emlrtCreateRootTLS         00000001800353ce f   libemlrt:libemlrt.dll
 0001:000343d4       emlrtDestroyRootTLS        00000001800353d4 f   libemlrt:libemlrt.dll
 0001:000343da       emlrtCheckBuiltInR2012b    00000001800353da f   libemlrt:libemlrt.dll
 0001:000343e0       emlrtCheckVsBuiltInR2012b  00000001800353e0 f   libemlrt:libemlrt.dll
 0001:000343e6       emlrtCheckEnumR2012b       00000001800353e6 f   libemlrt:libemlrt.dll
 0001:000343ec       emlrtCreateEnumR2012b      00000001800353ec f   libemlrt:libemlrt.dll
 0001:000343f2       emlrtGetEnumElementR2009a  00000001800353f2 f   libemlrt:libemlrt.dll
 0001:000343f8       emlrtCreateReference       00000001800353f8 f   libemlrt:libemlrt.dll
 0001:000343fe       emlrtImportVsFiArrayR2009b 00000001800353fe f   libemlrt:libemlrt.dll
 0001:00034404       emlrtNameCapturePostProcessR2012a 0000000180035404 f   libemlrt:libemlrt.dll
 0001:0003440a       emlrtExtractMessageId      000000018003540a f   libemlrt:libemlrt.dll
 0001:00034410       emlrtTranslateMessageIDtoLCPstring 0000000180035410 f   libemlrt:libemlrt.dll
 0001:00034416       emlrtForLoopVectorIsValidR2011b 0000000180035416 f   libemlrt:libemlrt.dll
 0001:0003441c       emlrtTranslateUTF16MessagetoLCPstring 000000018003541c f   libemlrt:libemlrt.dll
 0001:00034422       emlrtGetEnumUnderlyingArrayR2009a 0000000180035422 f   libemlrt:libemlrt.dll
 0001:00034428       emlrtIsEnumR2009a          0000000180035428 f   libemlrt:libemlrt.dll
 0001:00034430       __GSHandlerCheckCommon     0000000180035430 f   MSVCRT:gshandler.obj
 0001:00034494       __GSHandlerCheck           0000000180035494 f   MSVCRT:gshandler.obj
 0001:000344d0       __security_check_cookie    00000001800354d0 f   MSVCRT:amdsecgs.obj
 0001:000344f0       memset                     00000001800354f0 f   MSVCRT:MSVCR100.dll
 0001:000344f6       strcmp                     00000001800354f6 f   MSVCRT:MSVCR100.dll
 0001:000344fc       free                       00000001800354fc f   MSVCRT:MSVCR100.dll
 0001:00034502       sprintf                    0000000180035502 f   MSVCRT:MSVCR100.dll
 0001:00034508       malloc                     0000000180035508 f   MSVCRT:MSVCR100.dll
 0001:0003450e       strlen                     000000018003550e f   MSVCRT:MSVCR100.dll
 0001:00034514       strcat                     0000000180035514 f   MSVCRT:MSVCR100.dll
 0001:0003451a       memcpy                     000000018003551a f   MSVCRT:MSVCR100.dll
 0001:00034520       NtCurrentTeb               0000000180035520 f i MSVCRT:crtdll.obj
 0001:0003458c       _CRT_INIT                  000000018003558c f   MSVCRT:crtdll.obj
 0001:00034924       _DllMainCRTStartup         0000000180035924 f   MSVCRT:crtdll.obj
 0001:00034962       strncpy                    0000000180035962 f   MSVCRT:MSVCR100.dll
 0001:00034980       __chkstk                   0000000180035980 f   MSVCRT:chkstk.obj
 0001:00034980       _alloca_probe              0000000180035980     MSVCRT:chkstk.obj
 0001:000349ce       longjmp                    00000001800359ce f   MSVCRT:MSVCR100.dll
 0001:000349d4       strncmp                    00000001800359d4 f   MSVCRT:MSVCR100.dll
 0001:000349da       ceil                       00000001800359da f   MSVCRT:MSVCR100.dll
 0001:000349e0       strrchr                    00000001800359e0 f   MSVCRT:MSVCR100.dll
 0001:000349e6       _setjmp                    00000001800359e6 f   MSVCRT:MSVCR100.dll
 0001:000349ec       ldexp                      00000001800359ec f   MSVCRT:MSVCR100.dll
 0001:000349f4       __report_gsfailure         00000001800359f4 f   MSVCRT:gs_report.obj
 0001:00034b40       __clean_type_info_names    0000000180035b40 f   MSVCRT:tncleanup.obj
 0001:00034b4c       _onexit                    0000000180035b4c f   MSVCRT:atonexit.obj
 0001:00034bfc       atexit                     0000000180035bfc f   MSVCRT:atonexit.obj
 0001:00034c14       _RTC_Initialize            0000000180035c14 f   MSVCRT:_initsect_.obj
 0001:00034c4c       _RTC_Terminate             0000000180035c4c f   MSVCRT:_initsect_.obj
 0001:00034c84       _malloc_crt                0000000180035c84 f   MSVCRT:MSVCR100.dll
 0001:00034c90       _ValidateImageBase         0000000180035c90 f   MSVCRT:pesect.obj
 0001:00034cc0       _FindPESection             0000000180035cc0 f   MSVCRT:pesect.obj
 0001:00034d10       _IsNonwritableInCurrentImage 0000000180035d10 f   MSVCRT:pesect.obj
 0001:00034d52       _initterm                  0000000180035d52 f   MSVCRT:MSVCR100.dll
 0001:00034d58       _initterm_e                0000000180035d58 f   MSVCRT:MSVCR100.dll
 0001:00034d5e       _encoded_null              0000000180035d5e f   MSVCRT:MSVCR100.dll
 0001:00034d64       _amsg_exit                 0000000180035d64 f   MSVCRT:MSVCR100.dll
 0001:00034d6a       __C_specific_handler       0000000180035d6a f   MSVCRT:MSVCR100.dll
 0001:00034d70       __CppXcptFilter            0000000180035d70 f   MSVCRT:MSVCR100.dll
 0001:00034d78       DllMain                    0000000180035d78 f   MSVCRT:dllmain.obj
 0001:00034d9c       __security_init_cookie     0000000180035d9c f   MSVCRT:gs_support.obj
 0001:00034e50       __crt_debugger_hook        0000000180035e50 f   MSVCRT:MSVCR100.dll
 0001:00034e56       __clean_type_info_names_internal 0000000180035e56 f   MSVCRT:MSVCR100.dll
 0001:00034e5c       _unlock                    0000000180035e5c f   MSVCRT:MSVCR100.dll
 0001:00034e62       __dllonexit                0000000180035e62 f   MSVCRT:MSVCR100.dll
 0001:00034e68       _lock                      0000000180035e68 f   MSVCRT:MSVCR100.dll
 0001:00034e6e       EncodePointer              0000000180035e6e f   kernel32:KERNEL32.dll
 0001:00034e74       DecodePointer              0000000180035e74 f   kernel32:KERNEL32.dll
 0001:00034e7a       Sleep                      0000000180035e7a f   kernel32:KERNEL32.dll
 0001:00034e80       TerminateProcess           0000000180035e80 f   kernel32:KERNEL32.dll
 0001:00034e86       GetCurrentProcess          0000000180035e86 f   kernel32:KERNEL32.dll
 0001:00034e8c       UnhandledExceptionFilter   0000000180035e8c f   kernel32:KERNEL32.dll
 0001:00034e92       SetUnhandledExceptionFilter 0000000180035e92 f   kernel32:KERNEL32.dll
 0001:00034e98       IsDebuggerPresent          0000000180035e98 f   kernel32:KERNEL32.dll
 0001:00034e9e       RtlVirtualUnwind           0000000180035e9e f   kernel32:KERNEL32.dll
 0001:00034ea4       RtlLookupFunctionEntry     0000000180035ea4 f   kernel32:KERNEL32.dll
 0001:00034eaa       RtlCaptureContext          0000000180035eaa f   kernel32:KERNEL32.dll
 0001:00034eb0       DisableThreadLibraryCalls  0000000180035eb0 f   kernel32:KERNEL32.dll
 0001:00034eb6       QueryPerformanceCounter    0000000180035eb6 f   kernel32:KERNEL32.dll
 0001:00034ebc       GetTickCount               0000000180035ebc f   kernel32:KERNEL32.dll
 0001:00034ec2       GetCurrentThreadId         0000000180035ec2 f   kernel32:KERNEL32.dll
 0001:00034ec8       GetCurrentProcessId        0000000180035ec8 f   kernel32:KERNEL32.dll
 0001:00034ece       GetSystemTimeAsFileTime    0000000180035ece f   kernel32:KERNEL32.dll
 0002:00000000       __imp_GetSystemTimeAsFileTime 0000000180036000     kernel32:KERNEL32.dll
 0002:00000008       __imp_GetCurrentProcessId  0000000180036008     kernel32:KERNEL32.dll
 0002:00000010       __imp_GetCurrentThreadId   0000000180036010     kernel32:KERNEL32.dll
 0002:00000018       __imp_GetTickCount         0000000180036018     kernel32:KERNEL32.dll
 0002:00000020       __imp_QueryPerformanceCounter 0000000180036020     kernel32:KERNEL32.dll
 0002:00000028       __imp_DisableThreadLibraryCalls 0000000180036028     kernel32:KERNEL32.dll
 0002:00000030       __imp_RtlCaptureContext    0000000180036030     kernel32:KERNEL32.dll
 0002:00000038       __imp_RtlLookupFunctionEntry 0000000180036038     kernel32:KERNEL32.dll
 0002:00000040       __imp_RtlVirtualUnwind     0000000180036040     kernel32:KERNEL32.dll
 0002:00000048       __imp_IsDebuggerPresent    0000000180036048     kernel32:KERNEL32.dll
 0002:00000050       __imp_SetUnhandledExceptionFilter 0000000180036050     kernel32:KERNEL32.dll
 0002:00000058       __imp_UnhandledExceptionFilter 0000000180036058     kernel32:KERNEL32.dll
 0002:00000060       __imp_GetCurrentProcess    0000000180036060     kernel32:KERNEL32.dll
 0002:00000068       __imp_TerminateProcess     0000000180036068     kernel32:KERNEL32.dll
 0002:00000070       __imp_Sleep                0000000180036070     kernel32:KERNEL32.dll
 0002:00000078       __imp_DecodePointer        0000000180036078     kernel32:KERNEL32.dll
 0002:00000080       __imp_EncodePointer        0000000180036080     kernel32:KERNEL32.dll
 0002:00000088       \177KERNEL32_NULL_THUNK_DATA 0000000180036088     kernel32:KERNEL32.dll
 0002:00000090       __imp__onexit              0000000180036090     MSVCRT:MSVCR100.dll
 0002:00000098       __imp__lock                0000000180036098     MSVCRT:MSVCR100.dll
 0002:000000a0       __imp___dllonexit          00000001800360a0     MSVCRT:MSVCR100.dll
 0002:000000a8       __imp__unlock              00000001800360a8     MSVCRT:MSVCR100.dll
 0002:000000b0       __imp___clean_type_info_names_internal 00000001800360b0     MSVCRT:MSVCR100.dll
 0002:000000b8       __imp___crt_debugger_hook  00000001800360b8     MSVCRT:MSVCR100.dll
 0002:000000c0       __imp___CppXcptFilter      00000001800360c0     MSVCRT:MSVCR100.dll
 0002:000000c8       __imp___C_specific_handler 00000001800360c8     MSVCRT:MSVCR100.dll
 0002:000000d0       __imp__amsg_exit           00000001800360d0     MSVCRT:MSVCR100.dll
 0002:000000d8       __imp__encoded_null        00000001800360d8     MSVCRT:MSVCR100.dll
 0002:000000e0       __imp__initterm_e          00000001800360e0     MSVCRT:MSVCR100.dll
 0002:000000e8       __imp__initterm            00000001800360e8     MSVCRT:MSVCR100.dll
 0002:000000f0       __imp__malloc_crt          00000001800360f0     MSVCRT:MSVCR100.dll
 0002:000000f8       __imp_ldexp                00000001800360f8     MSVCRT:MSVCR100.dll
 0002:00000100       __imp__setjmp              0000000180036100     MSVCRT:MSVCR100.dll
 0002:00000108       __imp_strrchr              0000000180036108     MSVCRT:MSVCR100.dll
 0002:00000110       __imp_ceil                 0000000180036110     MSVCRT:MSVCR100.dll
 0002:00000118       __imp_strncmp              0000000180036118     MSVCRT:MSVCR100.dll
 0002:00000120       __imp_longjmp              0000000180036120     MSVCRT:MSVCR100.dll
 0002:00000128       __imp_strncpy              0000000180036128     MSVCRT:MSVCR100.dll
 0002:00000130       __imp_memcpy               0000000180036130     MSVCRT:MSVCR100.dll
 0002:00000138       __imp_strcat               0000000180036138     MSVCRT:MSVCR100.dll
 0002:00000140       __imp_strlen               0000000180036140     MSVCRT:MSVCR100.dll
 0002:00000148       __imp_malloc               0000000180036148     MSVCRT:MSVCR100.dll
 0002:00000150       __imp_sprintf              0000000180036150     MSVCRT:MSVCR100.dll
 0002:00000158       __imp_free                 0000000180036158     MSVCRT:MSVCR100.dll
 0002:00000160       __imp_strcmp               0000000180036160     MSVCRT:MSVCR100.dll
 0002:00000168       __imp_memset               0000000180036168     MSVCRT:MSVCR100.dll
 0002:00000170       \177MSVCR100_NULL_THUNK_DATA 0000000180036170     MSVCRT:MSVCR100.dll
 0002:00000178       __imp_emlrtIsEnumR2009a    0000000180036178     libemlrt:libemlrt.dll
 0002:00000180       __imp_emlrtGetEnumUnderlyingArrayR2009a 0000000180036180     libemlrt:libemlrt.dll
 0002:00000188       __imp_emlrtTranslateUTF16MessagetoLCPstring 0000000180036188     libemlrt:libemlrt.dll
 0002:00000190       __imp_emlrtForLoopVectorIsValidR2011b 0000000180036190     libemlrt:libemlrt.dll
 0002:00000198       __imp_emlrtTranslateMessageIDtoLCPstring 0000000180036198     libemlrt:libemlrt.dll
 0002:000001a0       __imp_emlrtExtractMessageId 00000001800361a0     libemlrt:libemlrt.dll
 0002:000001a8       __imp_emlrtNameCapturePostProcessR2012a 00000001800361a8     libemlrt:libemlrt.dll
 0002:000001b0       __imp_emlrtImportVsFiArrayR2009b 00000001800361b0     libemlrt:libemlrt.dll
 0002:000001b8       __imp_emlrtCreateReference 00000001800361b8     libemlrt:libemlrt.dll
 0002:000001c0       __imp_emlrtGetEnumElementR2009a 00000001800361c0     libemlrt:libemlrt.dll
 0002:000001c8       __imp_emlrtCreateEnumR2012b 00000001800361c8     libemlrt:libemlrt.dll
 0002:000001d0       __imp_emlrtCheckEnumR2012b 00000001800361d0     libemlrt:libemlrt.dll
 0002:000001d8       __imp_emlrtCheckVsBuiltInR2012b 00000001800361d8     libemlrt:libemlrt.dll
 0002:000001e0       __imp_emlrtCheckBuiltInR2012b 00000001800361e0     libemlrt:libemlrt.dll
 0002:000001e8       __imp_emlrtDestroyRootTLS  00000001800361e8     libemlrt:libemlrt.dll
 0002:000001f0       __imp_emlrtCreateRootTLS   00000001800361f0     libemlrt:libemlrt.dll
 0002:000001f8       \177libemlrt_NULL_THUNK_DATA 00000001800361f8     libemlrt:libemlrt.dll
 0002:00000200       __imp_ssRegisterDataTypeFxpScaledDouble 0000000180036200     libfixedpoint:libfixedpoint.dll
 0002:00000208       __imp_ssRegisterDataTypeFxpFSlopeFixExpBias 0000000180036208     libfixedpoint:libfixedpoint.dll
 0002:00000210       \177libfixedpoint_NULL_THUNK_DATA 0000000180036210     libfixedpoint:libfixedpoint.dll
 0002:00000218       __imp_mexLock              0000000180036218     libmex:libmex.dll
 0002:00000220       __imp_mexMakeMemoryPersistent 0000000180036220     libmex:libmex.dll
 0002:00000228       __imp_mexFunctionName      0000000180036228     libmex:libmex.dll
 0002:00000230       __imp_mexGetVariable       0000000180036230     libmex:libmex.dll
 0002:00000238       __imp_mexPutVariable       0000000180036238     libmex:libmex.dll
 0002:00000240       __imp_mexSetTrapFlag       0000000180036240     libmex:libmex.dll
 0002:00000248       __imp_mexIsLocked          0000000180036248     libmex:libmex.dll
[...]
 0001:0000ab90       sf_mex_check_complex       000000018000bb90 f   sfc_mex:sfc_mex.obj
 0001:0000ac20       sf_mex_check_sparse        000000018000bc20 f   sfc_mex:sfc_mex.obj
 0001:0000ac80       sf_mex_check_numerictype   000000018000bc80 f   sfc_mex:sfc_mex.obj
 0001:0000ae10       sf_mex_check_fimath        000000018000be10 f   sfc_mex:sfc_mex.obj
 0001:0000b970       size_mismatch_error        000000018000c970 f   sfc_mex:sfc_mex.obj
 0001:0000c3e0       check_array_dimensions     000000018000d3e0 f   sfc_mex:sfc_mex.obj
 0001:0000c450       check_input_mxarray        000000018000d450 f   sfc_mex:sfc_mex.obj
 0001:0000cb90       sf_numeric_value_to_double 000000018000db90 f   sfc_mex:sfc_mex.obj
 0001:0000cbe0       ml_generic_out_of_bounds_check 000000018000dbe0 f   sfc_mex:sfc_mex.obj
 0001:0000cda0       ml_get_element_value_from_array 000000018000dda0 f   sfc_mex:sfc_mex.obj
 0001:0000d140       _ml_generic_castability_check 000000018000e140 f   sfc_mex:sfc_mex.obj
 0001:0000d890       ml_generic_castability_check 000000018000e890 f   sfc_mex:sfc_mex.obj
 0001:0000d930       ml_check_mx_array_for_single_castability 000000018000e930 f   sfc_mex:sfc_mex.obj
 0001:0000d9d0       ml_check_mx_array_for_logical_castability 000000018000e9d0 f   sfc_mex:sfc_mex.obj
 0001:0000da70       ml_check_mx_array_for_int8_castability 000000018000ea70 f   sfc_mex:sfc_mex.obj
 0001:0000db20       ml_check_mx_array_for_uint8_castability 000000018000eb20 f   sfc_mex:sfc_mex.obj
 0001:0000db80       ml_check_mx_array_for_int16_castability 000000018000eb80 f   sfc_mex:sfc_mex.obj
 0001:0000dbe0       ml_check_mx_array_for_uint16_castability 000000018000ebe0 f   sfc_mex:sfc_mex.obj
 0001:0000dc40       ml_check_mx_array_for_int32_castability 000000018000ec40 f   sfc_mex:sfc_mex.obj
 0001:0000dca0       ml_check_mx_array_for_uint32_castability 000000018000eca0 f   sfc_mex:sfc_mex.obj
 0001:0000dd00       ml_check_mx_array_for_castability 000000018000ed00 f   sfc_mex:sfc_mex.obj
 0001:0000e520       set_data_value             000000018000f520 f   sfc_mex:sfc_mex.obj
 0001:0000e890       get_data_value             000000018000f890 f   sfc_mex:sfc_mex.obj
 0001:0000e9a0       get_next_element_address   000000018000f9a0 f   sfc_mex:sfc_mex.obj
 0001:0000ea70       sf_normalize_index         000000018000fa70 f   sfc_mex:sfc_mex.obj
 0001:0000ee20       ml_array_index_bound_check 000000018000fe20 f   sfc_mex:sfc_mex.obj
 0001:0000f9a0       mx_value                   00000001800109a0 f   sfc_mex:sfc_mex.obj
 0001:0000f9f0       sf_create_numeric_array    00000001800109f0 f   sfc_mex:sfc_mex.obj
 0001:0000fa90       sf_mex_assign_to_mx_array  0000000180010a90 f   sfc_mex:sfc_mex.obj
 0001:0000fe00       assign_from_mx_array       0000000180010e00 f   sfc_mex:sfc_mex.obj
 0001:00010560       sf_mex_import_v            0000000180011560 f   sfc_mex:sfc_mex.obj
 0001:00010c70       get_machine_and_chart_file_number 0000000180011c70 f   sfc_mex:sfc_sf.obj
 0001:00010d60       get_sfun_block_specialization 0000000180011d60 f   sfc_mex:sfc_sf.obj
 0001:00010e10       call_sf_machine_global_method_dispatcher 0000000180011e10 f   sfc_mex:sfc_sf.obj
 0001:00011060       mdl_zeroCrossings_processing 0000000180012060 f   sfc_mex:sfc_sf.obj
 0001:00011140       mdl_derivatives_processing 0000000180012140 f   sfc_mex:sfc_sf.obj
 0001:00011420       mdl_outputs_continuous_legacy 0000000180012420 f   sfc_mex:sfc_sf.obj
 0001:000114a0       mdl_outputs_processing     00000001800124a0 f   sfc_mex:sfc_sf.obj
 0001:00011710       mdl_enable_processing      0000000180012710 f   sfc_mex:sfc_sf.obj
 0001:000117f0       mdl_disable_processing     00000001800127f0 f   sfc_mex:sfc_sf.obj
 0001:00012680       sf_call_output_fcn_enable_disable 0000000180013680 f   sfc_mex:sfc_sf.obj
 0001:00012900       set_dwork_information_from_mx_array 0000000180013900 f   sfc_mex:sfc_sf.obj
 0001:000131f0       ptr2mxStruct               00000001800141f0 f   sfc_mex:sfc_sf.obj
 0001:00013500       SNPRINTF_WRAPPER           0000000180014500 f   sfc_debug:sfcdebug.obj
 0001:00013530       sf_debug_chart_instance_initialized 0000000180014530 f   sfc_debug:sfcdebug.obj
 0001:000136d0       sfrtAddSize                00000001800146d0 f   sfc_debug:sfcdebug.obj
 0001:00013790       sfrtGenSizeString          0000000180014790 f   sfc_debug:sfcdebug.obj
 0001:00013ee0       fill_single_message_info   0000000180014ee0 f   sfc_debug:sfcdebug.obj
 0001:00014160       sf_debug_sim_status_listener 0000000180015160 f   sfc_debug:sfcdebug.obj
 0001:000146f0       sf_debug_form_mask_bits    00000001800156f0 f   sfc_debug:sfcdebug.obj
 0001:00014710       sf_debug_form_sf_data_type_offsets 0000000180015710 f   sfc_debug:sfcdebug.obj
 0001:000147d0       sf_debug_free_all          00000001800157d0 f   sfc_debug:sfcdebug.obj
 0001:00014960       sf_debug_append_debugger_context 0000000180015960 f   sfc_debug:sfcdebug.obj
 0001:00014cd0       local_strdup               0000000180015cd0 f   sfc_debug:sfcdebug.obj
 0001:00015c50       sf_debug_em_terminate      0000000180016c50 f   sfc_debug:sfcdebug.obj
 0001:00015c90       sf_debug_push_eml_function 0000000180016c90 f   sfc_debug:sfcdebug.obj
 0001:00015d30       sf_debug_pop_eml_function  0000000180016d30 f   sfc_debug:sfcdebug.obj
 0001:000169d0       sf_debug_get_machine_number_from_id_or_name 00000001800179d0 f   sfc_debug:sfcdebug.obj
 0001:00016b20       sf_debug_get_chart_number_from_id 0000000180017b20 f   sfc_debug:sfcdebug.obj
 0001:00017900       sf_debug_transfer_control_to_debugger_GUI 0000000180018900 f   sfc_debug:sfcdebug.obj
 0001:00018870       sf_debug_scripts_rehash    0000000180019870 f   sfc_debug:sfcdebug.obj
 0001:00018a80       sf_debug_get_script_line_count 0000000180019a80 f   sfc_debug:sfcdebug.obj
 0001:000194d0       cv_eml_state_cvId          000000018001a4d0 f   sfc_debug:sfcdebug.obj
 0001:00019540       cv_eml_trans_cvId          000000018001a540 f   sfc_debug:sfcdebug.obj
 0001:0001a9c0       sf_debug_data_array_bounds_error 000000018001b9c0 f   sfc_debug:sfcdebug.obj
 0001:0001ad70       eml_debug_runtime_error_doclink 000000018001bd70 f   sfc_debug:sfcdebug.obj
 0001:0001aee0       sf_debug_runtime_error     000000018001bee0 f   sfc_debug:sfcdebug.obj
 0001:0001af50       sf_debug_matlab_error      000000018001bf50 f   sfc_debug:sfcdebug.obj
 0001:0001b8c0       sf_debug_data_value_error  000000018001c8c0 f   sfc_debug:sfcdebug.obj
 0001:0001c190       sf_debug_data_loss_error   000000018001d190 f   sfc_debug:sfcdebug.obj
 0001:0001d0b0       call_cv_range_check        000000018001e0b0 f   sfc_debug:sfcdebug.obj
 0001:0001d910       sf_debug_invoke_cycle_detection_code 000000018001e910 f   sfc_debug:sfcdebug.obj
 0001:0001e480       sf_reset_debug_info_struct 000000018001f480 f   sfc_debug:sfcdebug.obj
 0001:0001ec70       cv_script_cvId             000000018001fc70 f   sfc_debug:sfcdebug.obj
 0001:0001fe30       sfc_api_chart_visible      0000000180020e30 f   sfc_debug:sfc_api.obj
 0001:0001fec0       sfc_api_active_instance    0000000180020ec0 f   sfc_debug:sfc_api.obj
 0001:0001ff50       sfc_api_machine_load       0000000180020f50 f   sfc_debug:sfc_api.obj
 0001:00020040       sfc_api_debugger_alive     0000000180021040 f   sfc_debug:sfc_api.obj
 0001:00020050       sfc_api_go                 0000000180021050 f   sfc_debug:sfc_api.obj
 0001:00020060       sfc_api_step_over          0000000180021060 f   sfc_debug:sfc_api.obj
 0001:00020070       sfc_api_step_out           0000000180021070 f   sfc_debug:sfc_api.obj
 0001:00020080       sfc_api_resume             0000000180021080 f   sfc_debug:sfc_api.obj
 0001:00020090       sfc_api_break              0000000180021090 f   sfc_debug:sfc_api.obj
 0001:000200a0       sfc_api_stop_debugging     00000001800210a0 f   sfc_debug:sfc_api.obj
 0001:00020100       sfc_api_is_cycle_detected  0000000180021100 f   sfc_debug:sfc_api.obj
 0001:00020160       sfc_api_is_array_bounds_detected 0000000180021160 f   sfc_debug:sfc_api.obj
 0001:000201c0       sfc_api_set_disable_all_breakpoints 00000001800211c0 f   sfc_debug:sfc_api.obj
 0001:00020240       sfc_api_disable_all_breakpoints_and_go 0000000180021240 f   sfc_debug:sfc_api.obj
 0001:00020250       sfc_api_close              0000000180021250 f   sfc_debug:sfc_api.obj
 0001:00020260       sfc_api_browse_data        0000000180021260 f   sfc_debug:sfc_api.obj
 0001:000202e0       sfc_api_watch_data         00000001800212e0 f   sfc_debug:sfc_api.obj
 0001:000203f0       sfc_api_extract_message_post_receive_info 00000001800213f0 f   sfc_debug:sfc_api.obj
 0001:00020410       sfc_api_assign_data        0000000180021410 f   sfc_debug:sfc_api.obj
 0001:000204c0       sfc_api_whos               00000001800214c0 f   sfc_debug:sfc_api.obj
 0001:00020550       sfc_api_get_consistency_info 0000000180021550 f   sfc_debug:sfc_api.obj
 0001:00020560       sfc_api_browse_trace       0000000180021560 f   sfc_debug:sfc_api.obj
 0001:00020570       sfc_api_break_on_chart_entry 0000000180021570 f   sfc_debug:sfc_api.obj
 0001:000205a0       sfc_api_break_on_event_broadcast 00000001800215a0 f   sfc_debug:sfc_api.obj
 0001:000205d0       sfc_api_break_on_state_entry 00000001800215d0 f   sfc_debug:sfc_api.obj
 0001:00020600       sfc_api_set_watch          0000000180021600 f   sfc_debug:sfc_api.obj
 0001:000206b0       sfc_api_set_breakpoints    00000001800216b0 f   sfc_debug:sfc_api.obj
 0001:00020770       sfc_api_set_eml_breakpoints 0000000180021770 f   sfc_debug:sfc_api.obj
 0001:00020810       sfc_api_set_script_breakpoints 0000000180021810 f   sfc_debug:sfc_api.obj
 0001:00020870       sfc_api_add_script_breakpoints 0000000180021870 f   sfc_debug:sfc_api.obj
 0001:000208d0       sfc_api_clear_script_breakpoints 00000001800218d0 f   sfc_debug:sfc_api.obj
 0001:00020930       sfc_api_query_script_breakpoints 0000000180021930 f   sfc_debug:sfc_api.obj
 0001:000209a0       sfc_api_get_script_id      00000001800219a0 f   sfc_debug:sfc_api.obj
 0001:00020a60       sfc_api_get_active_states  0000000180021a60 f   sfc_debug:sfc_api.obj
 0001:00020af0       sfc_api_break_between_times 0000000180021af0 f   sfc_debug:sfc_api.obj
 0001:00020b60       sfc_api_get_instance_handle 0000000180021b60 f   sfc_debug:sfc_api.obj
 0001:00020c30       sfc_api_set_animation      0000000180021c30 f   sfc_debug:sfc_api.obj
 0001:00020c80       sfc_api_select_chart       0000000180021c80 f   sfc_debug:sfc_api.obj
 0001:00020cf0       sfc_api_select_charts      0000000180021cf0 f   sfc_debug:sfc_api.obj
 0001:00020d20       sfc_api_cycle_detection_check 0000000180021d20 f   sfc_debug:sfc_api.obj
 0001:00020d70       sfc_api_data_range_check   0000000180021d70 f   sfc_debug:sfc_api.obj
 0001:00020dc0       sfc_api_transition_conflict_check 0000000180021dc0 f   sfc_debug:sfc_api.obj
 0001:00020e10       sfc_api_state_consistency_check 0000000180021e10 f   sfc_debug:sfc_api.obj
 0001:00020e60       sfc_api_set_instance_cv_ids 0000000180021e60 f   sfc_debug:sfc_api.obj
 0001:00020f90       sfc_api_set_script_cv_ids  0000000180021f90 f   sfc_debug:sfc_api.obj
 0001:00021060       sfc_api_get_current_machine_id 0000000180022060 f   sfc_debug:sfc_api.obj
 0001:00021090       sfc_api_get_current_machine_number 0000000180022090 f   sfc_debug:sfc_api.obj
 0001:000210c0       sfc_api_get_current_chart_number 00000001800220c0 f   sfc_debug:sfc_api.obj
 0001:000210f0       sfc_api_get_current_instance_number 00000001800220f0 f   sfc_debug:sfc_api.obj
 0001:00021120       sfc_api_get_current_instance_handle 0000000180022120 f   sfc_debug:sfc_api.obj
 0001:00021140       sfc_api_get_current_is_minor_time_step 0000000180022140 f   sfc_debug:sfc_api.obj
 0001:00021170       sfc_api_get_current_machine_name 0000000180022170 f   sfc_debug:sfc_api.obj
 0001:00021190       sfc_api_get_current_chart_id 0000000180022190 f   sfc_debug:sfc_api.obj
 0001:000211c0       sfc_api_get_current_object_type 00000001800221c0 f   sfc_debug:sfc_api.obj
 0001:000211f0       sfc_api_get_current_event_type 00000001800221f0 f   sfc_debug:sfc_api.obj
 0001:00021220       sfc_api_get_current_object_id 0000000180022220 f   sfc_debug:sfc_api.obj
 0001:00021250       sfc_get_current_active_event_type 0000000180022250 f   sfc_debug:sfc_api.obj
 0001:00021280       sfc_api_get_current_active_event_id 0000000180022280 f   sfc_debug:sfc_api.obj
 0001:000212b0       sfc_api_get_current_simulation_time 00000001800222b0 f   sfc_debug:sfc_api.obj
 0001:000212d0       sfc_get_current_tag_type   00000001800222d0 f   sfc_debug:sfc_api.obj
 0001:00021300       sfc_get_current_coverage_percentage 0000000180022300 f   sfc_debug:sfc_api.obj
 0001:00021320       sfc_get_current_statement_context 0000000180022320 f   sfc_debug:sfc_api.obj
 0001:00021340       sfc_get_current_optional_integer 0000000180022340 f   sfc_debug:sfc_api.obj
 0001:00021370       sfc_get_current_statement_info 0000000180022370 f   sfc_debug:sfc_api.obj
 0001:00021410       sfc_api_get                0000000180022410 f   sfc_debug:sfc_api.obj
 0001:00022070       sf_debug_sm_fill_state_activity_data 0000000180023070 f   sfc_debug:sfdb_animation.obj
 0001:000248b0       void_ptr_stack_vector_free_total 00000001800258b0 f   sfc_debug:sfdb_data_browse.obj
 0001:00024930       sf_debug_st_terminate_machine 0000000180025930 f   sfc_debug:sfdb_data_browse.obj
 0001:00024970       sf_debug_st_terminate_instance 0000000180025970 f   sfc_debug:sfdb_data_browse.obj
 0001:00024d20       push_on_to_void_ptr_stack  0000000180025d20 f   sfc_debug:sfdb_data_browse.obj
 0001:00024eb0       pop_from_void_ptr_stack    0000000180025eb0 f   sfc_debug:sfdb_data_browse.obj
 0001:00024fe0       sf_debug_st_get_data_value 0000000180025fe0 f   sfc_debug:sfdb_data_browse.obj
 0001:00025510       mx_value                   0000000180026510 f   sfc_debug:sfdb_data_browse.obj
 0001:00025550       sf_debug_st_fill_data_struct 0000000180026550 f   sfc_debug:sfdb_data_browse.obj
 0001:00025890       data_type_format_strings   0000000180026890 f   sfc_debug:sfdb_data_browse.obj
 0001:00025940       sf_debug_st_fill_data      0000000180026940 f   sfc_debug:sfdb_data_browse.obj
 0001:00026630       sf_debug_hm_get_simulink_handle 0000000180027630 f   sfc_debug:sfdb_handle_management.obj
 0001:000270e0       sf_debug_hm_initialize_globals 00000001800280e0 f   sfc_debug:sfdb_handle_management.obj
 0001:000271e0       sf_debug_hm_get_machine_debug_flag 00000001800281e0 f   sfc_debug:sfdb_handle_management.obj
 0001:00027350       sf_debug_hm_get_machine_id 0000000180028350 f   sfc_debug:sfdb_handle_management.obj
 0001:00027470       sf_debug_hm_get_chart_id   0000000180028470 f   sfc_debug:sfdb_handle_management.obj
 0001:00027610       sf_debug_hm_register_executing_SFunction 0000000180028610 f   sfc_debug:sfdb_handle_management.obj
 0001:000279a0       sf_debug_hm_form_object_boolean_properties 00000001800289a0 f   sfc_debug:sfdb_handle_management.obj
 0001:00027c70       sf_debug_hm_form_object_properties 0000000180028c70 f   sfc_debug:sfdb_handle_management.obj
 0001:00027eb0       sf_debug_hm_terminate_charts 0000000180028eb0 f   sfc_debug:sfdb_handle_management.obj
 0001:00028590       sf_debug_hm_terminate_machines 0000000180029590 f   sfc_debug:sfdb_handle_management.obj
 0001:0002a000       sf_debug_ss_copy_dimension 000000018002b000 f   sfc_debug:sfdb_symbol_scope.obj
 0001:0002a0c0       sf_debug_ss_get_number_elements 000000018002b0c0 f   sfc_debug:sfdb_symbol_scope.obj
 0001:0002a0e0       sf_debug_ss_fill_data_struct 000000018002b0e0 f   sfc_debug:sfdb_symbol_scope.obj
 0001:0002a430       sf_debug_ss_reset_data_info 000000018002b430 f   sfc_debug:sfdb_symbol_scope.obj
 0001:0002a490       sf_debug_fill_data_info_by_symbol_scope_entry 000000018002b490 f   sfc_debug:sfdb_symbol_scope.obj
 0001:0002a550       sf_debug_fill_data_info_by_data_vector 000000018002b550 f   sfc_debug:sfdb_symbol_scope.obj
 0001:0002a7a0       get_data_info_helper       000000018002b7a0 f   sfc_debug:sfdb_symbol_scope.obj
 0001:0002aa90       sf_debug_ss_get_data_info  000000018002ba90 f   sfc_debug:sfdb_symbol_scope.obj
 0001:0002acb0       sf_debug_select_mex_function 000000018002bcb0 f   sfc_debug:sfdb_symbol_scope.obj
 0001:0002ace0       sf_debug_is_dyn_matrix_initialized 000000018002bce0 f   sfc_debug:sfdb_symbol_scope.obj
 0001:0002ad00       sf_debug_ss_set_data_value_try 000000018002bd00 f   sfc_debug:sfdb_symbol_scope.obj
 0001:0002aef0       sf_debug_ss_get_data_value 000000018002bef0 f   sfc_debug:sfdb_symbol_scope.obj
 0001:0002b650       sf_debug_ss_data_bytes_string 000000018002c650 f   sfc_debug:sfdb_symbol_scope.obj
 0001:0002b6e0       sf_debug_ss_data_class_string 000000018002c6e0 f   sfc_debug:sfdb_symbol_scope.obj
 0001:0002ba60       sf_debug_ss_data_size_string 000000018002ca60 f   sfc_debug:sfdb_symbol_scope.obj
 0001:0002bb40       sf_debug_ss_data_create_data_info_struct 000000018002cb40 f   sfc_debug:sfdb_symbol_scope.obj
 0001:0002bdf0       sf_debug_ss_data_create_name_value_pair 000000018002cdf0 f   sfc_debug:sfdb_symbol_scope.obj
 0001:0002be90       sf_debug_ss_data_get_whos_info 000000018002ce90 f   sfc_debug:sfdb_symbol_scope.obj
 0001:0002bea0       same_named_data_in_data_array 000000018002cea0 f   sfc_debug:sfdb_symbol_scope.obj
 0001:0002d630       sf_debug_cc_terminate_chart 000000018002e630 f   sfc_debug:sfdb_coverage.obj
 0001:0002d940       sf_debug_cc_terminate_instance 000000018002e940 f   sfc_debug:sfdb_coverage.obj
 0001:0002e510       sf_debug_cc_mark_object_if_needed 000000018002f510 f   sfc_debug:sfdb_coverage.obj
 0001:0002ed90       sf_debug_bm_initialize_eml 000000018002fd90 f   sfc_debug:sfdb_breakpoints.obj
 0001:0002fe50       sf_debug_bm_map_debug_tag_to_breakpoint_tag 0000000180030e50 f   sfc_debug:sfdb_breakpoints.obj
 0001:0002ff30       sf_debug_bm_is_a_eml_breakpoint_impl 0000000180030f30 f   sfc_debug:sfdb_breakpoints.obj
 0001:00031860       sf_debug_sc_push_on_error_stack 0000000180032860 f   sfc_debug:sfdb_state_consistency.obj
 0001:00031980       sf_debug_sc_reset_error_stack 0000000180032980 f   sfc_debug:sfdb_state_consistency.obj
 0001:00031b10       sf_debug_sc_is_state_inconsistent 0000000180032b10 f   sfc_debug:sfdb_state_consistency.obj
 0001:00031e00       sf_debug_sc_fill_consistency_info 0000000180032e00 f   sfc_debug:sfdb_state_consistency.obj
 0001:000323a0       void_assertion_fcn         00000001800333a0 f   sfc_debug:sfdb_call_stack.obj
 0001:000328f0       sf_debug_tm_fill_local_trace 00000001800338f0 f   sfc_debug:sfdb_call_stack.obj
 0001:00032e90       sf_debug_cd_terminate_instance 0000000180033e90 f   sfc_debug:sfdb_cycle_detection.obj
 0001:00032ef0       sf_debug_cd_free_checksum_stack 0000000180033ef0 f   sfc_debug:sfdb_cycle_detection.obj
 0001:00032f40       sf_debug_cd_reset_pack_strings 0000000180033f40 f   sfc_debug:sfdb_cycle_detection.obj
 0001:000335e0       md5file_clear              00000001800345e0 f   sfc_debug:ckmd5.obj
 0001:00033610       Encode                     0000000180034610 f   sfc_debug:ckmd5.obj
 0001:00033660       Decode                     0000000180034660 f   sfc_debug:ckmd5.obj
 0001:00033700       MD5Transform               0000000180034700 f   sfc_debug:ckmd5.obj
 0001:00033f60       md5file_addn               0000000180034f60 f   sfc_debug:ckmd5.obj
 0001:00034030       md5file_hash               0000000180035030 f   sfc_debug:ckmd5.obj
 0001:0003452c       pre_c_init                 000000018003552c f   MSVCRT:crtdll.obj
 0001:000347e8       __DllMainCRTStartup        00000001800357e8 f   MSVCRT:crtdll.obj
 0001:00034ee0       __DllMainCRTStartup$filt$0 0000000180035ee0 f   MSVCRT:crtdll.obj
 0001:00034f10       __DllMainCRTStartup$fin$1  0000000180035f10 f   MSVCRT:crtdll.obj
 0001:00034f2a       _onexit$fin$0              0000000180035f2a f   MSVCRT:atonexit.obj
 0001:00034f50       _IsNonwritableInCurrentImage$filt$0 0000000180035f50 f   MSVCRT:pesect.obj
