 AssemControl3_sfun

 Timestamp is 54097cda (Fri Sep 05 11:05:30 2014)

 Preferred load address is 0000000180000000

 Start         Length     Name                   Class
 0001:00000000 000436d4H .text                   CODE
 0001:000436e0 00000092H .text$x                 CODE
 0002:00000000 000004b0H .idata$5                DATA
 0002:000004b0 00000008H .CRT$XCA                DATA
 0002:000004b8 00000008H .CRT$XCZ                DATA
 0002:000004c0 00000008H .CRT$XIA                DATA
 0002:000004c8 00000008H .CRT$XIAA               DATA
 0002:000004d0 00000008H .CRT$XIZ                DATA
 0002:000004e0 00004b3cH .rdata                  DATA
 0002:00005020 00000008H .rtc$IAA                DATA
 0002:00005028 00000008H .rtc$IZZ                DATA
 0002:00005030 00000008H .rtc$TAA                DATA
 0002:00005038 00000008H .rtc$TZZ                DATA
 0002:00005040 0000441cH .xdata                  DATA
 0002:0000945c 000000a0H .idata$2                DATA
 0002:000094fc 00000014H .idata$3                DATA
 0002:00009510 000004b0H .idata$4                DATA
 0002:000099c0 00000afcH .idata$6                DATA
 0002:0000a4c0 00000058H .edata                  DATA
 0003:00000000 00003188H .data                   DATA
 0003:000031a0 00002418H .bss                    DATA
 0004:00000000 00003360H .pdata                  DATA

  Address         Publics by Value              Rva+Base               Lib:Object

 0000:00000000       ___safe_se_handler_table   0000000000000000     <absolute>
 0000:00000000       ___safe_se_handler_count   0000000000000000     <absolute>
 0000:00000000       __ImageBase                0000000180000000     <linker-defined>
 0001:00000000       sf_c2_AssemControl3_get_eml_resolved_functions_info 0000000180001000 f   c2_AssemControl3.obj
 0001:000010c0       sf_c2_AssemControl3_get_check_sum 00000001800020c0 f   c2_AssemControl3.obj
 0001:00001140       sf_c2_AssemControl3_get_autoinheritance_info 0000000180002140 f   c2_AssemControl3.obj
 0001:00001560       sf_c2_AssemControl3_third_party_uses_info 0000000180002560 f   c2_AssemControl3.obj
 0001:00001590       sf_internal_get_sim_state_c2_AssemControl3 0000000180002590 f   c2_AssemControl3.obj
 0001:000021c0       sf_internal_set_sim_state_c2_AssemControl3 00000001800031c0 f   c2_AssemControl3.obj
 0001:00003550       c2_AssemControl3_method_dispatcher 0000000180004550 f   c2_AssemControl3.obj
 0001:00011550       sf_process_check_sum_call  0000000180012550 f   AssemControl3_sfun_registry.obj
 0001:000115a0       sf_process_autoinheritance_call 00000001800125a0 f   AssemControl3_sfun_registry.obj
 0001:00011740       sf_process_get_third_party_uses_info_call 0000000180012740 f   AssemControl3_sfun_registry.obj
 0001:000118e0       sf_process_get_eml_resolved_functions_info_call 00000001800128e0 f   AssemControl3_sfun_registry.obj
 0001:00011a60       sf_mex_unlock_call         0000000180012a60 f   AssemControl3_sfun_registry.obj
 0001:00011b10       sf_machine_global_initializer_called 0000000180012b10 f   AssemControl3_sfun_registry.obj
 0001:00011b40       sf_machine_global_method_dispatcher 0000000180012b40 f   AssemControl3_sfun_registry.obj
 0001:00011ba0       sf_machine_global_terminator 0000000180012ba0 f   AssemControl3_sfun_registry.obj
 0001:00011bf0       sf_register_machine_exported_symbols 0000000180012bf0 f   AssemControl3_sfun_registry.obj
 0001:00011c10       callCustomFcn              0000000180012c10 f   AssemControl3_sfun_registry.obj
 0001:00011c20       sf_machine_global_initializer 0000000180012c20 f   AssemControl3_sfun_registry.obj
 0001:00011ca0       _ssSetStateAbsTol          0000000180012ca0 f   AssemControl3_sfun_registry.obj
 0001:00011d80       _ssGetAbsTol               0000000180012d80 f   AssemControl3_sfun_registry.obj
 0001:00011df0       _ssSetInputPortMatrixDimensions 0000000180012df0 f   AssemControl3_sfun_registry.obj
 0001:00011f00       _ssSetOutputPortMatrixDimensions 0000000180012f00 f   AssemControl3_sfun_registry.obj
 0001:00012010       _ssSetInputPortVectorDimension 0000000180013010 f   AssemControl3_sfun_registry.obj
 0001:000120e0       _ssSetOutputPortVectorDimension 00000001800130e0 f   AssemControl3_sfun_registry.obj
 0001:000121b0       ssIsRunTimeParamTunable    00000001800131b0 f   AssemControl3_sfun_registry.obj
 0001:00012220       ssGetSFuncBlockHandle      0000000180013220 f   AssemControl3_sfun_registry.obj
 0001:00012290       _ssGetCurrentInputPortWidth 0000000180013290 f   AssemControl3_sfun_registry.obj
 0001:000123b0       _ssGetCurrentOutputPortWidth 00000001800133b0 f   AssemControl3_sfun_registry.obj
 0001:000124d0       _ssGetCallSystemNumFcnCallDestinations 00000001800134d0 f   AssemControl3_sfun_registry.obj
 0001:00012540       ssWarning                  0000000180013540 f   AssemControl3_sfun_registry.obj
 0001:00012650       ssGetIsZeroCrossControlDisabled 0000000180013650 f   AssemControl3_sfun_registry.obj
 0001:000126c0       ssSetIsInputPortUsedForContZcSignal 00000001800136c0 f   AssemControl3_sfun_registry.obj
 0001:00012730       ssSetZcSignalIsZcElementDisc 0000000180013730 f   AssemControl3_sfun_registry.obj
 0001:000127e0       ssSetZcSignalName          00000001800137e0 f   AssemControl3_sfun_registry.obj
 0001:00012850       ssSetZcSignalWidth         0000000180013850 f   AssemControl3_sfun_registry.obj
 0001:000128c0       ssSetZcSignalZcEventType   00000001800138c0 f   AssemControl3_sfun_registry.obj
 0001:00012930       ssSetZcSignalType          0000000180013930 f   AssemControl3_sfun_registry.obj
 0001:000129a0       ssSetZcSignalZcTol         00000001800139a0 f   AssemControl3_sfun_registry.obj
 0001:00012a10       ssSetZcSignalNeedsEventNotification 0000000180013a10 f   AssemControl3_sfun_registry.obj
 0001:00012a80       ssCreateAndAddZcSignalInfo 0000000180013a80 f   AssemControl3_sfun_registry.obj
 0001:00012af0       ssCloneAndAddZcSignalInfo  0000000180013af0 f   AssemControl3_sfun_registry.obj
 0001:00012b60       ssGetNumZcSignals          0000000180013b60 f   AssemControl3_sfun_registry.obj
 0001:00012bd0       ssGetZcSignalVector        0000000180013bd0 f   AssemControl3_sfun_registry.obj
 0001:00012c40       ssGetZcSignalZcEvents      0000000180013c40 f   AssemControl3_sfun_registry.obj
 0001:00012cb0       ssGetZcSignalName          0000000180013cb0 f   AssemControl3_sfun_registry.obj
 0001:00012d20       ssGetZcSignalWidth         0000000180013d20 f   AssemControl3_sfun_registry.obj
 0001:00012d90       ssGetZcSignalZcEventType   0000000180013d90 f   AssemControl3_sfun_registry.obj
 0001:00012e00       ssGetZcSignalType          0000000180013e00 f   AssemControl3_sfun_registry.obj
 0001:00012e70       ssGetZcSignalZcTol         0000000180013e70 f   AssemControl3_sfun_registry.obj
 0001:00012ef0       ssGetZcSignalNeedsEventNotification 0000000180013ef0 f   AssemControl3_sfun_registry.obj
 0001:00012f60       ssGetZcSignalIsZcElementDisc 0000000180013f60 f   AssemControl3_sfun_registry.obj
 0001:00013000       ssGetIsInputPortElementContinuous 0000000180014000 f   AssemControl3_sfun_registry.obj
 0001:000130a0       _ssGetInputPortSignalPtrsFcn 00000001800140a0 f   AssemControl3_sfun_registry.obj
 0001:00013360       _ssGetInputPortSignalFcn   0000000180014360 f   AssemControl3_sfun_registry.obj
 0001:00013580       _ssSetInputPortDirectFeedThroughFcn 0000000180014580 f   AssemControl3_sfun_registry.obj
 0001:000136e0       _ssSetInputPortReusableFcn 00000001800146e0 f   AssemControl3_sfun_registry.obj
 0001:000137d0       _ssSetOutputPortReusableFcn 00000001800147d0 f   AssemControl3_sfun_registry.obj
 0001:000138b0       ssGetDTypeIdFromMxArray    00000001800148b0 f   AssemControl3_sfun_registry.obj
 0001:000139d0       ssWriteRTWStr              00000001800149d0 f   AssemControl3_sfun_registry.obj
 0001:00013a30       ssWriteRTWMxVectParam      0000000180014a30 f   AssemControl3_sfun_registry.obj
 0001:00013a90       ssWriteRTWMx2dMatParam     0000000180014a90 f   AssemControl3_sfun_registry.obj
 0001:00013b10       ssWriteRTWNameValuePair    0000000180014b10 f   AssemControl3_sfun_registry.obj
 0001:00014000       ssWriteRTWParameters       0000000180015000 f   AssemControl3_sfun_registry.obj
 0001:00014600       ssWriteRTWParamSettings    0000000180015600 f   AssemControl3_sfun_registry.obj
 0001:00014cd0       ssWriteRTWWorkVect         0000000180015cd0 f   AssemControl3_sfun_registry.obj
 0001:000151d0       mexFunction                00000001800161d0 f   AssemControl3_sfun_registry.obj
 0001:00016f00       ProcessMexSfunctionEveryCall 0000000180017f00 f   AssemControl3_sfun_registry.obj
 0001:00017070       AssemControl3_initializer  0000000180018070 f   AssemControl3_sfun.obj
 0001:00017080       AssemControl3_terminator   0000000180018080 f   AssemControl3_sfun.obj
 0001:00017090       sf_AssemControl3_method_dispatcher 0000000180018090 f   AssemControl3_sfun.obj
 0001:000170e0       sf_AssemControl3_process_check_sum_call 00000001800180e0 f   AssemControl3_sfun.obj
 0001:000174f0       sf_AssemControl3_autoinheritance_info 00000001800184f0 f   AssemControl3_sfun.obj
 0001:00017660       sf_AssemControl3_get_eml_resolved_functions_info 0000000180018660 f   AssemControl3_sfun.obj
 0001:00017790       sf_AssemControl3_third_party_uses_info 0000000180018790 f   AssemControl3_sfun.obj
 0001:000178e0       AssemControl3_debug_initialize 00000001800188e0 f   AssemControl3_sfun.obj
 0001:00017960       AssemControl3_register_exported_symbols 0000000180018960 f   AssemControl3_sfun.obj
 0001:00017970       load_AssemControl3_optimization_info 0000000180018970 f   AssemControl3_sfun.obj
 0001:000179c0       unload_AssemControl3_optimization_info 00000001800189c0 f   AssemControl3_sfun.obj
 0001:00017ae0       sf_mex_mx_is_numeric       0000000180018ae0 f   sfc_mex:sfc_mex.obj
 0001:00017b20       strcmp_ignore_ws           0000000180018b20 f   sfc_mex:sfc_mex.obj
 0001:00017c60       sf_mex_duplicatearraysafe  0000000180018c60 f   sfc_mex:sfc_mex.obj
 0001:00017dc0       sf_set_error_debugger_context_message_fcn 0000000180018dc0 f   sfc_mex:sfc_mex.obj
 0001:00017dd0       sf_set_debugger_matlab_error_fcn 0000000180018dd0 f   sfc_mex:sfc_mex.obj
 0001:00017e10       sf_set_error_prefix_string 0000000180018e10 f   sfc_mex:sfc_mex.obj
 0001:00017e40       sf_get_error_prefix_string 0000000180018e40 f   sfc_mex:sfc_mex.obj
 0001:00017e50       sf_mex_enter_parallel_region 0000000180018e50 f   sfc_mex:sfc_mex.obj
 0001:00017e60       sf_mex_exit_parallel_region 0000000180018e60 f   sfc_mex:sfc_mex.obj
 0001:00017e70       sf_get_current_jmp_buf_ptr 0000000180018e70 f   sfc_mex:sfc_mex.obj
 0001:00017e80       sf_set_current_jmp_buf_ptr 0000000180018e80 f   sfc_mex:sfc_mex.obj
 0001:00017e90       sf_mex_set_halt_simulation 0000000180018e90 f   sfc_mex:sfc_mex.obj
 0001:00017ea0       sf_mex_get_halt_simulation 0000000180018ea0 f   sfc_mex:sfc_mex.obj
 0001:00017eb0       sf_mex_clear_error_message 0000000180018eb0 f   sfc_mex:sfc_mex.obj
 0001:00017ed0       sf_mex_get_error_message_for_read 0000000180018ed0 f   sfc_mex:sfc_mex.obj
 0001:00017ee0       sf_mex_get_error_message_buffer_length 0000000180018ee0 f   sfc_mex:sfc_mex.obj
 0001:00017fc0       sf_mex_warning_message     0000000180018fc0 f   sfc_mex:sfc_mex.obj
 0001:00018030       sf_mex_v_errbuf_createf    0000000180019030 f   sfc_mex:sfc_mex.obj
 0001:00018040       sf_mex_errbuf_createf      0000000180019040 f   sfc_mex:sfc_mex.obj
 0001:00018070       sf_mex_v_errbuf_catf       0000000180019070 f   sfc_mex:sfc_mex.obj
 0001:000180b0       sf_mex_errbuf_catf         00000001800190b0 f   sfc_mex:sfc_mex.obj
 0001:00018100       sf_mex_errbuf_copy         0000000180019100 f   sfc_mex:sfc_mex.obj
 0001:00018110       sf_mex_errbuf_clear        0000000180019110 f   sfc_mex:sfc_mex.obj
 0001:00018120       sf_mex_errbuf_isempty      0000000180019120 f   sfc_mex:sfc_mex.obj
 0001:00018220       sf_mex_set_error_status    0000000180019220 f   sfc_mex:sfc_mex.obj
 0001:00018270       sf_mex_error_direct_call   0000000180019270 f   sfc_mex:sfc_mex.obj
 0001:00018290       sf_mex_error_message_no_long_jump 0000000180019290 f   sfc_mex:sfc_mex.obj
 0001:000182b0       sf_mex_long_jump_on_error  00000001800192b0 f   sfc_mex:sfc_mex.obj
 0001:000182e0       sf_mex_call_matlab         00000001800192e0 f   sfc_mex:sfc_mex.obj
 0001:00018400       sf_mex_check_builtin       0000000180019400 f   sfc_mex:sfc_mex.obj
 0001:000184a0       sf_mex_check_builtin_vs    00000001800194a0 f   sfc_mex:sfc_mex.obj
 0001:00018560       sf_mex_check_enum          0000000180019560 f   sfc_mex:sfc_mex.obj
 0001:000185e0       sf_mex_create_enum         00000001800195e0 f   sfc_mex:sfc_mex.obj
 0001:00018650       sf_mex_get_enum_element    0000000180019650 f   sfc_mex:sfc_mex.obj
 0001:00018660       sf_mex_createcellarray     0000000180019660 f   sfc_mex:sfc_mex.obj
 0001:00018670       sf_mex_setcell             0000000180019670 f   sfc_mex:sfc_mex.obj
 0001:00018680       sf_mex_getcell             0000000180019680 f   sfc_mex:sfc_mex.obj
 0001:00018690       sf_mex_dup                 0000000180019690 f   sfc_mex:sfc_mex.obj
 0001:000186b0       sf_mex_assign              00000001800196b0 f   sfc_mex:sfc_mex.obj
 0001:00018730       sf_mex_destroy             0000000180019730 f   sfc_mex:sfc_mex.obj
 0001:00018760       mx_array_has_fi_type       0000000180019760 f   sfc_mex:sfc_mex.obj
 0001:00018790       sf_mex_convert_from_fi     0000000180019790 f   sfc_mex:sfc_mex.obj
 0001:000188c0       sf_mex_convert_to_double   00000001800198c0 f   sfc_mex:sfc_mex.obj
 0001:000189e0       sf_mex_import_fi_vs        00000001800199e0 f   sfc_mex:sfc_mex.obj
 0001:00018c10       sf_matrix_matrix_index_ok  0000000180019c10 f   sfc_mex:sfc_mex.obj
 0001:00018ca0       sf_vector_vector_index_ok  0000000180019ca0 f   sfc_mex:sfc_mex.obj
 0001:00018cd0       ssGetCurrentInputPortDimensions_wrapper 0000000180019cd0 f   sfc_mex:sfc_mex.obj
 0001:00018cf0       ssGetCurrentOutputPortDimensions_wrapper 0000000180019cf0 f   sfc_mex:sfc_mex.obj
 0001:00018d10       sf_mex_emlrt_context_is_debug_mode 0000000180019d10 f   sfc_mex:sfc_mex.obj
 0001:00018d20       sf_mex_emlrt_context_set_debug_mode 0000000180019d20 f   sfc_mex:sfc_mex.obj
 0001:00018d30       sf_mex_emlrtNameCapturePostProcessR2012a 0000000180019d30 f   sfc_mex:sfc_mex.obj
 0001:00018da0       sf_clear_error_manager_info 0000000180019da0 f   sfc_mex:sfc_mex.obj
 0001:00018e00       sf_mex_stop_simulation_abruptly_wo_error 0000000180019e00 f   sfc_mex:sfc_mex.obj
 0001:00018e40       sf_mex_error_message       0000000180019e40 f   sfc_mex:sfc_mex.obj
 0001:00018eb0       sf_react_to_error_in_matlab_call 0000000180019eb0 f   sfc_mex:sfc_mex.obj
 0001:00018ee0       sf_mex_addfield            0000000180019ee0 f   sfc_mex:sfc_mex.obj
 0001:00018f80       sf_mex_getfield            0000000180019f80 f   sfc_mex:sfc_mex.obj
 0001:00019280       sf_mex_check_class         000000018001a280 f   sfc_mex:sfc_mex.obj
 0001:00019320       sf_mex_is_real             000000018001a320 f   sfc_mex:sfc_mex.obj
 0001:00019790       sf_mex_decode_encoded_mx_struct_array 000000018001a790 f   sfc_mex:sfc_mex.obj
 0001:00019a80       sf_mex_lw_bounds_check     000000018001aa80 f   sfc_mex:sfc_mex.obj
 0001:00019ab0       sf_mex_lw_size_eq_check_1d 000000018001aab0 f   sfc_mex:sfc_mex.obj
 0001:00019ad0       sf_mex_lw_size_eq_check_nd 000000018001aad0 f   sfc_mex:sfc_mex.obj
 0001:00019cb0       sf_mex_lw_dim_size_eq_check 000000018001acb0 f   sfc_mex:sfc_mex.obj
 0001:00019ce0       sf_mex_lw_dim_size_geq_check 000000018001ace0 f   sfc_mex:sfc_mex.obj
 0001:00019d10       sf_mex_lw_sub_assign_size_check_nd 000000018001ad10 f   sfc_mex:sfc_mex.obj
 0001:00019ee0       sf_mex_lw_runtime_error_msgid 000000018001aee0 f   sfc_mex:sfc_mex.obj
 0001:00019fd0       sf_mex_lw_matrix_matrix_index_check 000000018001afd0 f   sfc_mex:sfc_mex.obj
 0001:00019ff0       sf_mex_lw_vector_vector_index_check 000000018001aff0 f   sfc_mex:sfc_mex.obj
 0001:0001a030       sf_mex_lw_for_loop_vector_check 000000018001b030 f   sfc_mex:sfc_mex.obj
 0001:0001a0c0       sf_mex_lw_non_negative_check 000000018001b0c0 f   sfc_mex:sfc_mex.obj
 0001:0001a100       sf_mex_overflow_error      000000018001b100 f   sfc_mex:sfc_mex.obj
 0001:0001a110       sf_mex_dividebyzero_error  000000018001b110 f   sfc_mex:sfc_mex.obj
 0001:0001a120       sf_mex_unsafe_enum_error   000000018001b120 f   sfc_mex:sfc_mex.obj
 0001:0001a130       sf_emlrtErrHandler         000000018001b130 f   sfc_mex:sfc_mex.obj
 0001:0001a210       sf_mex_size_one_check      000000018001b210 f   sfc_mex:sfc_mex.obj
 0001:0001a230       sf_mex_printf              000000018001b230 f   sfc_mex:sfc_mex.obj
 0001:0001a400       sf_mex_check_size          000000018001b400 f   sfc_mex:sfc_mex.obj
 0001:0001a6a0       sf_mex_check_struct        000000018001b6a0 f   sfc_mex:sfc_mex.obj
 0001:0001a900       sf_mex_check_struct_vs     000000018001b900 f   sfc_mex:sfc_mex.obj
 0001:0001a990       sf_mex_check_fi            000000018001b990 f   sfc_mex:sfc_mex.obj
 0001:0001aa90       sf_mex_check_fi_vs         000000018001ba90 f   sfc_mex:sfc_mex.obj
 0001:0001ab30       sf_echo_expression         000000018001bb30 f   sfc_mex:sfc_mex.obj
 0001:0001ab90       sf_assertion_failed        000000018001bb90 f   sfc_mex:sfc_mex.obj
 0001:0001ae70       sf_mex_evalin              000000018001be70 f   sfc_mex:sfc_mex.obj
 0001:0001b0e0       sf_mex_export              000000018001c0e0 f   sfc_mex:sfc_mex.obj
 0001:0001b1a0       sf_mex_get_ml_var_no_error 000000018001c1a0 f   sfc_mex:sfc_mex.obj
 0001:0001b340       sf_mex_get_ml_var          000000018001c340 f   sfc_mex:sfc_mex.obj
 0001:0001b7d0       ml_set_element_value_in_array 000000018001c7d0 f   sfc_mex:sfc_mex.obj
 0001:0001c890       sf_mex_call_impl           000000018001d890 f   sfc_mex:sfc_mex.obj
 0001:0001ccb0       sf_mex_call_debug          000000018001dcb0 f   sfc_mex:sfc_mex.obj
 0001:0001cce0       sf_mex_call                000000018001dce0 f   sfc_mex:sfc_mex.obj
 0001:0001d330       sf_mex_createstruct        000000018001e330 f   sfc_mex:sfc_mex.obj
 0001:0001d440       sf_mex_createstructarray   000000018001e440 f   sfc_mex:sfc_mex.obj
 0001:0001d4c0       sf_mex_get_mx_datatype_from_sf_datatype 000000018001e4c0 f   sfc_mex:sfc_mex.obj
 0001:0001d7d0       sf_mex_ml_var_sub          000000018001e7d0 f   sfc_mex:sfc_mex.obj
 0001:0001d9b0       sf_mex_ml_var_subsasgn     000000018001e9b0 f   sfc_mex:sfc_mex.obj
 0001:0001ddb0       sf_mex_sub                 000000018001edb0 f   sfc_mex:sfc_mex.obj
 0001:0001dfc0       sf_mex_subsasgn            000000018001efc0 f   sfc_mex:sfc_mex.obj
 0001:0001e4d0       sf_mex_create              000000018001f4d0 f   sfc_mex:sfc_mex.obj
 0001:0001ee70       sf_mex_import_named        000000018001fe70 f   sfc_mex:sfc_mex.obj
 0001:0001eed0       sf_mex_import              000000018001fed0 f   sfc_mex:sfc_mex.obj
 0001:0001ef20       sf_mex_import_vs           000000018001ff20 f   sfc_mex:sfc_mex.obj
 0001:0001f030       sf_mex_lower_fixpt_mx_array 0000000180020030 f   sfc_mex:sfc_mex.obj
 0001:0001f330       sf_send_message_wrapper    0000000180020330 f   sfc_mex:sfc_sf.obj
 0001:0001f360       sf_receive_message_wrapper 0000000180020360 f   sfc_mex:sfc_sf.obj
 0001:0001f3a0       sf_check_out_message_wrapper 00000001800203a0 f   sfc_mex:sfc_sf.obj
 0001:0001f3e0       sf_check_in_message_wrapper 00000001800203e0 f   sfc_mex:sfc_sf.obj
 0001:0001f420       sf_no_message_wrapper      0000000180020420 f   sfc_mex:sfc_sf.obj
 0001:0001f7b0       sim_mode_is_rtw_gen        00000001800207b0 f   sfc_mex:sfc_sf.obj
 0001:0001f7e0       sim_mode_is_external       00000001800207e0 f   sfc_mex:sfc_sf.obj
 0001:0001f7f0       sim_mode_is_modelref_sim   00000001800207f0 f   sfc_mex:sfc_sf.obj
 0001:0001f810       mdlInitializeSizes         0000000180020810 f   sfc_mex:sfc_sf.obj
 0001:0001f830       mdlInitializeSampleTimes   0000000180020830 f   sfc_mex:sfc_sf.obj
 0001:0001f870       mdlZeroCrossings           0000000180020870 f   sfc_mex:sfc_sf.obj
 0001:0001f960       mdlDerivatives             0000000180020960 f   sfc_mex:sfc_sf.obj
 0001:0001fa20       mdl_initialize_conditions_processing 0000000180020a20 f   sfc_mex:sfc_sf.obj
 0001:0001fa50       mdlInitializeConditions    0000000180020a50 f   sfc_mex:sfc_sf.obj
 0001:0001fb10       mdlGetSimState             0000000180020b10 f   sfc_mex:sfc_sf.obj
 0001:0001fb20       mdlSetSimState             0000000180020b20 f   sfc_mex:sfc_sf.obj
 0001:0001fb30       mdl_ext_mode_exec_processing 0000000180020b30 f   sfc_mex:sfc_sf.obj
 0001:0001fb50       mdlExtModeExec             0000000180020b50 f   sfc_mex:sfc_sf.obj
 0001:0001fcf0       mdlTerminate               0000000180020cf0 f   sfc_mex:sfc_sf.obj
 0001:0001fd60       mdlRTW                     0000000180020d60 f   sfc_mex:sfc_sf.obj
 0001:0001fd90       mdlSetWorkWidths           0000000180020d90 f   sfc_mex:sfc_sf.obj
 0001:0001fda0       mdlProcessParameters       0000000180020da0 f   sfc_mex:sfc_sf.obj
 0001:0001fdb0       mdl_start_processing       0000000180020db0 f   sfc_mex:sfc_sf.obj
 0001:0001fe10       mdlStart                   0000000180020e10 f   sfc_mex:sfc_sf.obj
 0001:0001ff20       mdlEnable                  0000000180020f20 f   sfc_mex:sfc_sf.obj
 0001:00020000       mdlDisable                 0000000180021000 f   sfc_mex:sfc_sf.obj
 0001:000200c0       sf_get_chart_instance_ptr  00000001800210c0 f   sfc_mex:sfc_sf.obj
 0001:000200e0       sf_load_rtw_optimization_info 00000001800210e0 f   sfc_mex:sfc_sf.obj
 0001:000201b0       sf_update_buildInfo        00000001800211b0 f   sfc_mex:sfc_sf.obj
 0001:000202b0       sf_rtw_info_uint_prop      00000001800212b0 f   sfc_mex:sfc_sf.obj
 0001:000203f0       sf_is_chart_inlinable      00000001800213f0 f   sfc_mex:sfc_sf.obj
 0001:00020410       sf_mark_output_events_with_multiple_callers 0000000180021410 f   sfc_mex:sfc_sf.obj
 0001:000205a0       sf_mark_chart_reusable_outputs 00000001800215a0 f   sfc_mex:sfc_sf.obj
 0001:00020800       sf_mark_chart_expressionable_inputs 0000000180021800 f   sfc_mex:sfc_sf.obj
 0001:00020a60       sf_get_subchart_simstruct  0000000180021a60 f   sfc_mex:sfc_sf.obj
 0001:00020ab0       sf_get_fixpt_data_type_id  0000000180021ab0 f   sfc_mex:sfc_sf.obj
 0001:00020af0       sf_get_enum_data_type_id   0000000180021af0 f   sfc_mex:sfc_sf.obj
 0001:00020b30       sf_get_param_data_type_id  0000000180021b30 f   sfc_mex:sfc_sf.obj
 0001:00020b60       sf_mex_listen_for_ctrl_c_force 0000000180021b60 f   sfc_mex:sfc_sf.obj
 0001:00020c70       sf_mex_draw_now            0000000180021c70 f   sfc_mex:sfc_sf.obj
 0001:00020cb0       sf_mex_set_debugger_sim_status_listener_fcn 0000000180021cb0 f   sfc_mex:sfc_sf.obj
 0001:00020cc0       sf_mex_listen_for_ctrl_c   0000000180021cc0 f   sfc_mex:sfc_sf.obj
 0001:00020d60       sf_mex_get_sfun_param      0000000180021d60 f   sfc_mex:sfc_sf.obj
 0001:00020db0       sf_get_runtime_param_data  0000000180021db0 f   sfc_mex:sfc_sf.obj
 0001:00020df0       sf_call_output_fcn_call    0000000180021df0 f   sfc_mex:sfc_sf.obj
 0001:00020f30       sf_call_output_fcn_enable  0000000180021f30 f   sfc_mex:sfc_sf.obj
 0001:00020fc0       sf_call_output_fcn_disable 0000000180021fc0 f   sfc_mex:sfc_sf.obj
 0001:00021050       sf_clear_rtw_identifier    0000000180022050 f   sfc_mex:sfc_sf.obj
 0001:00021870       sf_set_encoded_dwork_info  0000000180022870 f   sfc_mex:sfc_sf.obj
 0001:000218c0       sf_get_dwork_info_from_mat_file 00000001800228c0 f   sfc_mex:sfc_sf.obj
 0001:00021a80       sf_set_rtw_dwork_info      0000000180022a80 f   sfc_mex:sfc_sf.obj
 0001:00021bf0       mdlOutputs                 0000000180022bf0 f   sfc_mex:sfc_sf.obj
 0001:00021d10       sf_debug_chart_instance_initialized_quick 0000000180022d10 f   sfc_debug:sfcdebug.obj
 0001:00021d90       sf_debug_disp              0000000180022d90 f   sfc_debug:sfcdebug.obj
 0001:00022060       sf_debug_data_runtime_size_mismatch_error_check 0000000180023060 f   sfc_debug:sfcdebug.obj
 0001:00022110       sf_debug_try_loading_machine 0000000180023110 f   sfc_debug:sfcdebug.obj
 0001:00022210       sf_debug_reset_current_state_configuration 0000000180023210 f   sfc_debug:sfcdebug.obj
 0001:00022290       sf_debug_store_current_state_configuration 0000000180023290 f   sfc_debug:sfcdebug.obj
 0001:00022310       sf_debug_restore_previous_state_configuration 0000000180023310 f   sfc_debug:sfcdebug.obj
 0001:00022390       sf_debug_restore_previous_state_configuration2 0000000180023390 f   sfc_debug:sfcdebug.obj
 0001:00022410       sf_debug_get_event_scope   0000000180023410 f   sfc_debug:sfcdebug.obj
 0001:00022580       use_debugger_step_animation 0000000180023580 f   sfc_debug:sfcdebug.obj
 0001:000225a0       sf_debug_get_script_id     00000001800235a0 f   sfc_debug:sfcdebug.obj
 0001:00022630       sf_debug_set_script_translation 0000000180023630 f   sfc_debug:sfcdebug.obj
 0001:000227b0       sf_debug_extract_message_post_receive_info 00000001800237b0 f   sfc_debug:sfcdebug.obj
 0001:00022970       sf_debug_get_current_machine_id 0000000180023970 f   sfc_debug:sfcdebug.obj
 0001:00022990       sf_debug_get_current_optional_integer 0000000180023990 f   sfc_debug:sfcdebug.obj
 0001:000229a0       sf_debug_get_current_machine_number 00000001800239a0 f   sfc_debug:sfcdebug.obj
 0001:000229c0       sf_debug_get_current_machine_name 00000001800239c0 f   sfc_debug:sfcdebug.obj
 0001:000229e0       sf_debug_get_current_chart_id 00000001800239e0 f   sfc_debug:sfcdebug.obj
 0001:00022a20       sf_debug_get_current_chart_number 0000000180023a20 f   sfc_debug:sfcdebug.obj
 0001:00022a30       sf_debug_get_current_instance_number 0000000180023a30 f   sfc_debug:sfcdebug.obj
 0001:00022a40       sf_debug_get_current_is_minor_time_step 0000000180023a40 f   sfc_debug:sfcdebug.obj
 0001:00022ac0       sf_debug_get_current_object_type 0000000180023ac0 f   sfc_debug:sfcdebug.obj
 0001:00022ad0       sf_debug_get_current_instance_handle 0000000180023ad0 f   sfc_debug:sfcdebug.obj
 0001:00022b30       sf_debug_get_current_event_type 0000000180023b30 f   sfc_debug:sfcdebug.obj
 0001:00022b40       sf_debug_get_current_object_id 0000000180023b40 f   sfc_debug:sfcdebug.obj
 0001:00022b80       sf_debug_get_current_active_event_type 0000000180023b80 f   sfc_debug:sfcdebug.obj
 0001:00022b90       sf_debug_get_current_active_event_id 0000000180023b90 f   sfc_debug:sfcdebug.obj
 0001:00022bd0       sf_debug_get_current_tag_type 0000000180023bd0 f   sfc_debug:sfcdebug.obj
 0001:00022be0       sf_debug_get_current_simulation_time 0000000180023be0 f   sfc_debug:sfcdebug.obj
 0001:00022bf0       sf_debug_get_current_coverage_percentage 0000000180023bf0 f   sfc_debug:sfcdebug.obj
 0001:00022c00       sf_debug_current_statement_context 0000000180023c00 f   sfc_debug:sfcdebug.obj
 0001:00022c80       sf_debug_get_current_statement_info 0000000180023c80 f   sfc_debug:sfcdebug.obj
 0001:00022e20       sf_debug_terminate_instance 0000000180023e20 f   sfc_debug:sfcdebug.obj
 0001:00023140       sf_debug_assertion_failed  0000000180024140 f   sfc_debug:sfcdebug.obj
 0001:00023310       sf_debug_create_debug_instance_struct 0000000180024310 f   sfc_debug:sfcdebug.obj
 0001:00023360       sf_debug_set_number_of_data_with_change_event_for_machine 0000000180024360 f   sfc_debug:sfcdebug.obj
 0001:000233b0       sf_debug_set_machine_event_thresholds 00000001800243b0 f   sfc_debug:sfcdebug.obj
 0001:000233d0       sf_debug_set_machine_event_scope 00000001800243d0 f   sfc_debug:sfcdebug.obj
 0001:00023420       sf_debug_set_machine_data_thresholds 0000000180024420 f   sfc_debug:sfcdebug.obj
 0001:00023470       sf_debug_set_machine_data_scope 0000000180024470 f   sfc_debug:sfcdebug.obj
 0001:00023510       sf_debug_set_machine_data_name 0000000180024510 f   sfc_debug:sfcdebug.obj
 0001:000235c0       sf_debug_set_machine_data_size 00000001800245c0 f   sfc_debug:sfcdebug.obj
 0001:00023710       sf_debug_set_machine_data_type 0000000180024710 f   sfc_debug:sfcdebug.obj
 0001:00023880       sf_debug_get_chart_data_number 0000000180024880 f   sfc_debug:sfcdebug.obj
 0001:000238a0       sf_debug_get_chart_event_number 00000001800248a0 f   sfc_debug:sfcdebug.obj
 0001:000238c0       sf_debug_set_chart_state_info 00000001800248c0 f   sfc_debug:sfcdebug.obj
 0001:00023950       sf_debug_set_chart_decomposition 0000000180024950 f   sfc_debug:sfcdebug.obj
 0001:000239c0       sf_debug_set_chart_substate_count 00000001800249c0 f   sfc_debug:sfcdebug.obj
 0001:00023aa0       sf_debug_set_chart_substate_index 0000000180024aa0 f   sfc_debug:sfcdebug.obj
 0001:00023b20       sf_debug_set_chart_state_substate_count 0000000180024b20 f   sfc_debug:sfcdebug.obj
 0001:00023c40       sf_debug_set_chart_state_substate_index 0000000180024c40 f   sfc_debug:sfcdebug.obj
 0001:00023cd0       sf_debug_set_number_of_data_with_change_event_for_chart 0000000180024cd0 f   sfc_debug:sfcdebug.obj
 0001:00023d60       sf_debug_set_number_of_states_with_entry_event_for_chart 0000000180024d60 f   sfc_debug:sfcdebug.obj
 0001:00023de0       sf_debug_set_number_of_states_with_exit_event_for_chart 0000000180024de0 f   sfc_debug:sfcdebug.obj
 0001:00023e60       sf_debug_set_chart_disable_implicit_casting 0000000180024e60 f   sfc_debug:sfcdebug.obj
 0001:00023ed0       sf_debug_set_chart_event_thresholds 0000000180024ed0 f   sfc_debug:sfcdebug.obj
 0001:00023f50       sf_debug_set_chart_data_compiled_props 0000000180024f50 f   sfc_debug:sfcdebug.obj
 0001:00024290       sf_debug_set_chart_data_props 0000000180025290 f   sfc_debug:sfcdebug.obj
 0001:000245b0       sf_debug_check_fi_license  00000001800255b0 f   sfc_debug:sfcdebug.obj
 0001:00024770       sf_debug_symbol_scope_push 0000000180025770 f   sfc_debug:sfcdebug.obj
 0001:000247b0       sf_debug_symbol_scope_push_eml 00000001800257b0 f   sfc_debug:sfcdebug.obj
 0001:00024800       sf_debug_symbol_scope_pop  0000000180025800 f   sfc_debug:sfcdebug.obj
 0001:00024840       sf_debug_symbol_scope_add_importable 0000000180025840 f   sfc_debug:sfcdebug.obj
 0001:000248c0       sf_debug_symbol_scope_add  00000001800258c0 f   sfc_debug:sfcdebug.obj
 0001:00024940       sf_debug_symbol_scope_add_dyn_importable 0000000180025940 f   sfc_debug:sfcdebug.obj
 0001:00024a00       sf_debug_symbol_scope_add_dyn 0000000180025a00 f   sfc_debug:sfcdebug.obj
 0001:00024a40       sf_debug_symbol_scope_add_eml_importable 0000000180025a40 f   sfc_debug:sfcdebug.obj
 0001:00024a80       sf_debug_symbol_scope_add_eml 0000000180025a80 f   sfc_debug:sfcdebug.obj
 0001:00024ac0       sf_debug_symbol_scope_add_eml_dyn_importable 0000000180025ac0 f   sfc_debug:sfcdebug.obj
 0001:00024b20       sf_debug_symbol_scope_add_eml_dyn 0000000180025b20 f   sfc_debug:sfcdebug.obj
 0001:00024b80       sf_debug_symbol_switch     0000000180025b80 f   sfc_debug:sfcdebug.obj
 0001:00024ba0       sf_debug_symbol_scope_add_verbose 0000000180025ba0 f   sfc_debug:sfcdebug.obj
 0001:00024c70       sf_debug_set_machine_data_value_ptr 0000000180025c70 f   sfc_debug:sfcdebug.obj
 0001:00024cb0       sf_debug_set_instance_data_value_ptr 0000000180025cb0 f   sfc_debug:sfcdebug.obj
 0001:00024d80       sf_debug_unset_instance_data_value_ptr 0000000180025d80 f   sfc_debug:sfcdebug.obj
 0001:00024e30       sf_debug_set_chart_event_scope 0000000180025e30 f   sfc_debug:sfcdebug.obj
 0001:00024eb0       sf_debug_set_chart_transition_coverage_maps 0000000180025eb0 f   sfc_debug:sfcdebug.obj
 0001:00024fb0       sf_debug_set_chart_state_coverage_maps 0000000180025fb0 f   sfc_debug:sfcdebug.obj
 0001:00025080       sf_debug_set_instance_transition_coverage_weights 0000000180026080 f   sfc_debug:sfcdebug.obj
 0001:00025110       sf_debug_set_instance_state_coverage_weights 0000000180026110 f   sfc_debug:sfcdebug.obj
 0001:00025360       sf_debug_unload_machine    0000000180026360 f   sfc_debug:sfcdebug.obj
 0001:000253b0       sf_debug_load_machine      00000001800263b0 f   sfc_debug:sfcdebug.obj
 0001:000254c0       sf_debug_set_active_instance_in_data_dictionary 00000001800264c0 f   sfc_debug:sfcdebug.obj
 0001:000256a0       sf_debug_set_active_instance 00000001800266a0 f   sfc_debug:sfcdebug.obj
 0001:00025800       sf_debug_chart_visiblity_change 0000000180026800 f   sfc_debug:sfcdebug.obj
 0001:000258f0       sf_debug_select_chart      00000001800268f0 f   sfc_debug:sfcdebug.obj
 0001:00025a50       sf_debug_set_instance_cv_ids 0000000180026a50 f   sfc_debug:sfcdebug.obj
 0001:00025d80       sf_debug_select_charts     0000000180026d80 f   sfc_debug:sfcdebug.obj
 0001:00025f30       sf_debug_initialized       0000000180026f30 f   sfc_debug:sfcdebug.obj
 0001:00025f50       sf_debug_is_uninterruptible 0000000180026f50 f   sfc_debug:sfcdebug.obj
 0001:00025f80       sf_debug_initialize_debugger_gui 0000000180026f80 f   sfc_debug:sfcdebug.obj
 0001:00026360       sf_debug_resume            0000000180027360 f   sfc_debug:sfcdebug.obj
 0001:00026380       sf_debug_go                0000000180027380 f   sfc_debug:sfcdebug.obj
 0001:00026390       sf_debug_break             0000000180027390 f   sfc_debug:sfcdebug.obj
 0001:000263a0       sf_debug_step_over         00000001800273a0 f   sfc_debug:sfcdebug.obj
 0001:000263b0       sf_debug_step_out          00000001800273b0 f   sfc_debug:sfcdebug.obj
 0001:000263c0       sf_debug_set_disable_all_breakpoints 00000001800273c0 f   sfc_debug:sfcdebug.obj
 0001:000263d0       sf_debug_disable_all_breakpoints_and_go 00000001800273d0 f   sfc_debug:sfcdebug.obj
 0001:000263e0       sf_debug_break_on_chart_entry 00000001800273e0 f   sfc_debug:sfcdebug.obj
 0001:000263f0       sf_debug_break_on_event_broadcast 00000001800273f0 f   sfc_debug:sfcdebug.obj
 0001:00026400       sf_debug_break_on_state_entry 0000000180027400 f   sfc_debug:sfcdebug.obj
 0001:00026410       sf_debug_break_between_times 0000000180027410 f   sfc_debug:sfcdebug.obj
 0001:00026430       sf_debug_browse_data       0000000180027430 f   sfc_debug:sfcdebug.obj
 0001:00026440       sf_debug_watch_data        0000000180027440 f   sfc_debug:sfcdebug.obj
 0001:00026470       sf_debug_assign_data       0000000180027470 f   sfc_debug:sfcdebug.obj
 0001:00026480       sf_debug_whos              0000000180027480 f   sfc_debug:sfcdebug.obj
 0001:000264a0       sf_debug_get_consistency_info 00000001800274a0 f   sfc_debug:sfcdebug.obj
 0001:000264b0       sf_debug_browse_trace      00000001800274b0 f   sfc_debug:sfcdebug.obj
 0001:000264c0       sf_debug_set_breakpoints   00000001800274c0 f   sfc_debug:sfcdebug.obj
 0001:00026630       sf_debug_set_eml_breakpoints 0000000180027630 f   sfc_debug:sfcdebug.obj
 0001:00026790       sf_debug_set_script_breakpoints 0000000180027790 f   sfc_debug:sfcdebug.obj
 0001:00026810       sf_debug_add_script_breakpoints 0000000180027810 f   sfc_debug:sfcdebug.obj
 0001:00026880       sf_debug_clear_script_breakpoints 0000000180027880 f   sfc_debug:sfcdebug.obj
 0001:000268f0       sf_debug_query_script_breakpoints 00000001800278f0 f   sfc_debug:sfcdebug.obj
 0001:000269a0       sf_debug_get_eml_script_id 00000001800279a0 f   sfc_debug:sfcdebug.obj
 0001:000269f0       sf_debug_set_watch         00000001800279f0 f   sfc_debug:sfcdebug.obj
 0001:00026c10       sf_debug_get_instance_handle 0000000180027c10 f   sfc_debug:sfcdebug.obj
 0001:00026ca0       sf_debug_get_active_states 0000000180027ca0 f   sfc_debug:sfcdebug.obj
 0001:00026cb0       sf_debug_set_honor_breakpoints 0000000180027cb0 f   sfc_debug:sfcdebug.obj
 0001:00026cc0       sf_debug_get_animation     0000000180027cc0 f   sfc_debug:sfcdebug.obj
 0001:00026cd0       sf_debug_set_animation     0000000180027cd0 f   sfc_debug:sfcdebug.obj
 0001:00026ce0       sf_debug_animate           0000000180027ce0 f   sfc_debug:sfcdebug.obj
 0001:00026d00       sf_debug_cycle_detection_check 0000000180027d00 f   sfc_debug:sfcdebug.obj
 0001:00026d10       sf_debug_data_range_check  0000000180027d10 f   sfc_debug:sfcdebug.obj
 0001:00026d20       sf_debug_transition_conflict_check 0000000180027d20 f   sfc_debug:sfcdebug.obj
 0001:00026d30       sf_debug_state_consistency_check 0000000180027d30 f   sfc_debug:sfcdebug.obj
 0001:00026d40       sf_debug_data_range_check_enabled 0000000180027d40 f   sfc_debug:sfcdebug.obj
 0001:00026d60       sf_debug_transition_conflict_check_enabled 0000000180027d60 f   sfc_debug:sfcdebug.obj
 0001:00026d80       sf_debug_transition_conflict_check_begin 0000000180027d80 f   sfc_debug:sfcdebug.obj
 0001:00026da0       sf_debug_transition_conflict_check_end 0000000180027da0 f   sfc_debug:sfcdebug.obj
 0001:00026dc0       sf_debug_stop_debugging    0000000180027dc0 f   sfc_debug:sfcdebug.obj
 0001:00026df0       sf_debug_is_cycle_detected 0000000180027df0 f   sfc_debug:sfcdebug.obj
 0001:00026e00       sf_debug_is_array_bounds_detected 0000000180027e00 f   sfc_debug:sfcdebug.obj
 0001:00026e10       sf_debug_get_state_vectors_data_size 0000000180027e10 f   sfc_debug:sfcdebug.obj
 0001:00026e50       sf_debug_get_state_vectors_data 0000000180027e50 f   sfc_debug:sfcdebug.obj
 0001:00026f60       sf_debug_set_state_vectors_data 0000000180027f60 f   sfc_debug:sfcdebug.obj
 0001:000271f0       sf_debug_get_script_index  00000001800281f0 f   sfc_debug:sfcdebug.obj
 0001:00027380       sf_debug_add_script        0000000180028380 f   sfc_debug:sfcdebug.obj
 0001:00027510       cv_eval_point              0000000180028510 f   sfc_debug:sfcdebug.obj
 0001:00027680       cv_eval_testobjective      0000000180028680 f   sfc_debug:sfcdebug.obj
 0001:00027790       sf_debug_cv_init_state     0000000180028790 f   sfc_debug:sfcdebug.obj
 0001:000278c0       sf_debug_cv_init_chart     00000001800288c0 f   sfc_debug:sfcdebug.obj
 0001:000279b0       sf_debug_cv_init_trans     00000001800289b0 f   sfc_debug:sfcdebug.obj
 0001:00027ac0       sf_debug_cv_init_saturation 0000000180028ac0 f   sfc_debug:sfcdebug.obj
 0001:00027bc0       sf_debug_cv_init_testobjectives 0000000180028bc0 f   sfc_debug:sfcdebug.obj
 0001:00027da0       cv_eml_init_script         0000000180028da0 f   sfc_debug:sfcdebug.obj
 0001:00027ec0       cv_eml_init_fcn            0000000180028ec0 f   sfc_debug:sfcdebug.obj
 0001:00027fd0       cv_eml_init_testobjective  0000000180028fd0 f   sfc_debug:sfcdebug.obj
 0001:000280b0       cv_eml_init_saturation     00000001800290b0 f   sfc_debug:sfcdebug.obj
 0001:00028180       cv_eml_init_if             0000000180029180 f   sfc_debug:sfcdebug.obj
 0001:00028260       cv_eml_init_for            0000000180029260 f   sfc_debug:sfcdebug.obj
 0001:00028330       cv_eml_init_while          0000000180029330 f   sfc_debug:sfcdebug.obj
 0001:00028400       cv_eml_init_mcdc           0000000180029400 f   sfc_debug:sfcdebug.obj
 0001:00028520       cv_eml_init_switch         0000000180029520 f   sfc_debug:sfcdebug.obj
 0001:00028620       cv_eml_eval                0000000180029620 f   sfc_debug:sfcdebug.obj
 0001:00028710       sf_debug_bm_is_a_eml_breakpoint 0000000180029710 f   sfc_debug:sfcdebug.obj
 0001:00028860       sf_debug_temporal_threshold 0000000180029860 f   sfc_debug:sfcdebug.obj
 0001:00028bd0       sf_debug_transition_conflict_error 0000000180029bd0 f   sfc_debug:sfcdebug.obj
 0001:00028f30       sf_debug_state_inconsistency_error 0000000180029f30 f   sfc_debug:sfcdebug.obj
 0001:00029050       sf_debug_check_for_state_inconsistency 000000018002a050 f   sfc_debug:sfcdebug.obj
 0001:00029090       sf_debug_cycle_detecton_error 000000018002a090 f   sfc_debug:sfcdebug.obj
 0001:000297e0       sf_debug_size_eq_check_1d  000000018002a7e0 f   sfc_debug:sfcdebug.obj
 0001:00029800       sf_debug_size_eq_check_nd  000000018002a800 f   sfc_debug:sfcdebug.obj
 0001:00029a00       sf_debug_dim_size_eq_check 000000018002aa00 f   sfc_debug:sfcdebug.obj
 0001:00029a30       sf_debug_dim_size_geq_check 000000018002aa30 f   sfc_debug:sfcdebug.obj
 0001:00029a60       sf_debug_sub_assign_size_check_nd 000000018002aa60 f   sfc_debug:sfcdebug.obj
 0001:00029c40       sf_debug_matrix_matrix_index_check 000000018002ac40 f   sfc_debug:sfcdebug.obj
 0001:00029c90       sf_debug_vector_vector_index_check 000000018002ac90 f   sfc_debug:sfcdebug.obj
 0001:00029ce0       sf_debug_for_loop_vector_check 000000018002ace0 f   sfc_debug:sfcdebug.obj
 0001:00029d80       sf_debug_runtime_error_msgid 000000018002ad80 f   sfc_debug:sfcdebug.obj
 0001:00029e20       sf_debug_data_array_bounds_error_check 000000018002ae20 f   sfc_debug:sfcdebug.obj
 0001:00029f30       sf_debug_eml_data_array_bounds_error_check 000000018002af30 f   sfc_debug:sfcdebug.obj
 0001:0002a3f0       sf_debug_integer_check     000000018002b3f0 f   sfc_debug:sfcdebug.obj
 0001:0002a4e0       sf_debug_not_nan_check     000000018002b4e0 f   sfc_debug:sfcdebug.obj
 0001:0002a5b0       sf_debug_non_negative_check 000000018002b5b0 f   sfc_debug:sfcdebug.obj
 0001:0002a680       sf_debug_overflow_detection 000000018002b680 f   sfc_debug:sfcdebug.obj
 0001:0002ace0       sf_debug_cast_to_real32_T  000000018002bce0 f   sfc_debug:sfcdebug.obj
 0001:0002adb0       sf_debug_cast_to_int8_T    000000018002bdb0 f   sfc_debug:sfcdebug.obj
 0001:0002ae80       sf_debug_cast_to_uint8_T   000000018002be80 f   sfc_debug:sfcdebug.obj
 0001:0002af50       sf_debug_cast_to_int16_T   000000018002bf50 f   sfc_debug:sfcdebug.obj
 0001:0002b020       sf_debug_cast_to_uint16_T  000000018002c020 f   sfc_debug:sfcdebug.obj
 0001:0002b0f0       sf_debug_cast_to_int32_T   000000018002c0f0 f   sfc_debug:sfcdebug.obj
 0001:0002b1c0       sf_debug_cast_to_uint32_T  000000018002c1c0 f   sfc_debug:sfcdebug.obj
 0001:0002b290       sf_debug_data_range_error  000000018002c290 f   sfc_debug:sfcdebug.obj
 0001:0002b5a0       sf_debug_read_before_write_check 000000018002c5a0 f   sfc_debug:sfcdebug.obj
 0001:0002b9d0       sf_debug_data_range_error_wrapper_min_max 000000018002c9d0 f   sfc_debug:sfcdebug.obj
 0001:0002baf0       sf_debug_data_range_error_wrapper_min 000000018002caf0 f   sfc_debug:sfcdebug.obj
 0001:0002bc00       sf_debug_data_range_error_wrapper_max 000000018002cc00 f   sfc_debug:sfcdebug.obj
 0001:0002bd10       sf_debug_data_range_wrapper 000000018002cd10 f   sfc_debug:sfcdebug.obj
 0001:0002bdd0       sf_debug_set_current_status_info 000000018002cdd0 f   sfc_debug:sfcdebug.obj
 0001:0002c170       sf_debug_register_message_post_receive_info 000000018002d170 f   sfc_debug:sfcdebug.obj
 0001:0002c3c0       sf_debug_call              000000018002d3c0 f   sfc_debug:sfcdebug.obj
 0001:0002cd20       sf_debug_initialize_machine 000000018002dd20 f   sfc_debug:sfcdebug.obj
 0001:0002cfd0       sf_debug_initialize_chart  000000018002dfd0 f   sfc_debug:sfcdebug.obj
 0001:0002d420       sf_debug_ensure_script     000000018002e420 f   sfc_debug:sfcdebug.obj
 0001:0002d4d0       cv_eval_saturation         000000018002e4d0 f   sfc_debug:sfcdebug.obj
 0001:0002d650       cv_saturation_accum        000000018002e650 f   sfc_debug:sfcdebug.obj
 0001:0002d790       cv_script_init_script      000000018002e790 f   sfc_debug:sfcdebug.obj
 0001:0002d880       cv_script_init_fcn         000000018002e880 f   sfc_debug:sfcdebug.obj
 0001:0002d940       cv_script_init_testobjective 000000018002e940 f   sfc_debug:sfcdebug.obj
 0001:0002da00       cv_script_init_saturation  000000018002ea00 f   sfc_debug:sfcdebug.obj
 0001:0002dab0       cv_script_init_if          000000018002eab0 f   sfc_debug:sfcdebug.obj
 0001:0002db70       cv_script_init_for         000000018002eb70 f   sfc_debug:sfcdebug.obj
 0001:0002dc20       cv_script_init_while       000000018002ec20 f   sfc_debug:sfcdebug.obj
 0001:0002dcd0       cv_script_init_mcdc        000000018002ecd0 f   sfc_debug:sfcdebug.obj
 0001:0002ddd0       cv_script_init_switch      000000018002edd0 f   sfc_debug:sfcdebug.obj
 0001:0002deb0       cv_script_eval             000000018002eeb0 f   sfc_debug:sfcdebug.obj
 0001:0002df80       eml_debug_line_call        000000018002ef80 f   sfc_debug:sfcdebug.obj
 0001:0002e150       sf_debug_terminate         000000018002f150 f   sfc_debug:sfcdebug.obj
 0001:0002e360       sf_debug_set_script_cv_ids 000000018002f360 f   sfc_debug:sfcdebug.obj
 0001:0002e490       sf_debug_api               000000018002f490 f   sfc_debug:sfc_api.obj
 0001:0002fd80       sf_debug_sm_terminate      0000000180030d80 f   sfc_debug:sfdb_animation.obj
 0001:0002ff30       sf_debug_reset_path_objects 0000000180030f30 f   sfc_debug:sfdb_animation.obj
 0001:0002ffb0       sf_debug_sm_reset_object_selection_status 0000000180030fb0 f   sfc_debug:sfdb_animation.obj
 0001:00030050       sf_debug_sm_reset_state_buffer 0000000180031050 f   sfc_debug:sfdb_animation.obj
 0001:00030120       sf_debug_sm_store_state_buffer 0000000180031120 f   sfc_debug:sfdb_animation.obj
 0001:000301a0       sf_debug_sm_restore_state_buffer1 00000001800311a0 f   sfc_debug:sfdb_animation.obj
 0001:00030210       sf_debug_sm_restore_state_buffer2 0000000180031210 f   sfc_debug:sfdb_animation.obj
 0001:00030280       sf_debug_sm_chart_active   0000000180031280 f   sfc_debug:sfdb_animation.obj
 0001:000302d0       sf_debug_sm_select_active_objects 00000001800312d0 f   sfc_debug:sfdb_animation.obj
 0001:000307a0       sf_debug_sm_is_chart_active 00000001800317a0 f   sfc_debug:sfdb_animation.obj
 0001:000307e0       sf_debug_sm_is_state_active 00000001800317e0 f   sfc_debug:sfdb_animation.obj
 0001:00030a20       sf_debug_sm_get_active_states 0000000180031a20 f   sfc_debug:sfdb_animation.obj
 0001:00030fd0       sf_debug_sm_initialize_instance 0000000180031fd0 f   sfc_debug:sfdb_animation.obj
 0001:000311e0       sf_debug_sm_change_object_selection_status 00000001800321e0 f   sfc_debug:sfdb_animation.obj
 0001:000314b0       cv_create_interface        00000001800324b0 f   sfc_debug:cv_sfinterface.obj
 0001:000317c0       cv_init_trans              00000001800327c0 f   sfc_debug:cv_sfinterface.obj
 0001:00031810       cv_init_saturation         0000000180032810 f   sfc_debug:cv_sfinterface.obj
 0001:00031850       cv_init_testobjective      0000000180032850 f   sfc_debug:cv_sfinterface.obj
 0001:00031890       cv_init_state              0000000180032890 f   sfc_debug:cv_sfinterface.obj
 0001:00031900       cv_init_chart              0000000180032900 f   sfc_debug:cv_sfinterface.obj
 0001:00031950       cv_dec_update_call         0000000180032950 f   sfc_debug:cv_sfinterface.obj
 0001:00031990       cv_cond_update_call        0000000180032990 f   sfc_debug:cv_sfinterface.obj
 0001:000319d0       cv_saturation_update_call  00000001800329d0 f   sfc_debug:cv_sfinterface.obj
 0001:00031a10       cv_saturation_update_accum 0000000180032a10 f   sfc_debug:cv_sfinterface.obj
 0001:00031a50       cv_testobjective_update_call 0000000180032a50 f   sfc_debug:cv_sfinterface.obj
 0001:00031a90       cv_sigrange_update         0000000180032a90 f   sfc_debug:cv_sfinterface.obj
 0001:00031ad0       cvsf_eml_eval              0000000180032ad0 f   sfc_debug:cv_sfinterface.obj
 0001:00031bb0       cvsf_eml_init_script       0000000180032bb0 f   sfc_debug:cv_sfinterface.obj
 0001:00031c40       cvsf_eml_init_fcn          0000000180032c40 f   sfc_debug:cv_sfinterface.obj
 0001:00031ca0       cvsf_eml_init_testobjective 0000000180032ca0 f   sfc_debug:cv_sfinterface.obj
 0001:00031d00       cvsf_eml_init_saturation   0000000180032d00 f   sfc_debug:cv_sfinterface.obj
 0001:00031d50       cvsf_eml_init_if           0000000180032d50 f   sfc_debug:cv_sfinterface.obj
 0001:00031db0       cvsf_eml_init_for          0000000180032db0 f   sfc_debug:cv_sfinterface.obj
 0001:00031e00       cvsf_eml_init_while        0000000180032e00 f   sfc_debug:cv_sfinterface.obj
 0001:00031e50       cvsf_eml_init_mcdc         0000000180032e50 f   sfc_debug:cv_sfinterface.obj
 0001:00031ee0       cvsf_eml_init_switch       0000000180032ee0 f   sfc_debug:cv_sfinterface.obj
 0001:00031f50       cvsf_script_eval           0000000180032f50 f   sfc_debug:cv_sfinterface.obj
 0001:00032030       cvsf_script_init_script    0000000180033030 f   sfc_debug:cv_sfinterface.obj
 0001:000320c0       cvsf_script_init_fcn       00000001800330c0 f   sfc_debug:cv_sfinterface.obj
 0001:00032120       cvsf_script_init_testobjective 0000000180033120 f   sfc_debug:cv_sfinterface.obj
 0001:00032180       cvsf_script_init_saturation 0000000180033180 f   sfc_debug:cv_sfinterface.obj
 0001:000321d0       cvsf_script_init_if        00000001800331d0 f   sfc_debug:cv_sfinterface.obj
 0001:00032230       cvsf_script_init_for       0000000180033230 f   sfc_debug:cv_sfinterface.obj
 0001:00032280       cvsf_script_init_while     0000000180033280 f   sfc_debug:cv_sfinterface.obj
 0001:000322d0       cvsf_script_init_mcdc      00000001800332d0 f   sfc_debug:cv_sfinterface.obj
 0001:00032360       cvsf_script_init_switch    0000000180033360 f   sfc_debug:cv_sfinterface.obj
 0001:000323d0       cv_destroy_interface       00000001800333d0 f   sfc_debug:cv_sfinterface.obj
 0001:000323f0       cv_create_instance_objects 00000001800333f0 f   sfc_debug:cv_sfinterface.obj
 0001:00032860       cv_is_enabled              0000000180033860 f   sfc_debug:cv_sfinterface.obj
 0001:00032870       sf_debug_cv_initialize_script 0000000180033870 f   sfc_debug:cv_sfinterface.obj
 0001:00032a00       sf_debug_cv_initialize_instance 0000000180033a00 f   sfc_debug:cv_sfinterface.obj
 0001:00032d90       sf_debug_cv_terminate_chart 0000000180033d90 f   sfc_debug:cv_sfinterface.obj
 0001:00032eb0       cv_call_trans_test         0000000180033eb0 f   sfc_debug:cv_sfinterface.obj
 0001:00032ec0       cv_call_sub_cond_test      0000000180033ec0 f   sfc_debug:cv_sfinterface.obj
 0001:00032f00       sf_debug_st_initialize_machine 0000000180033f00 f   sfc_debug:sfdb_data_browse.obj
 0001:00032fb0       sf_debug_st_initialize_instance 0000000180033fb0 f   sfc_debug:sfdb_data_browse.obj
 0001:000331c0       sf_debug_st_terminate      00000001800341c0 f   sfc_debug:sfdb_data_browse.obj
 0001:00033560       sf_debug_st_set_data_value_ptr_in_machine 0000000180034560 f   sfc_debug:sfdb_data_browse.obj
 0001:000335f0       sf_debug_st_set_data_value_ptr_in_instance 00000001800345f0 f   sfc_debug:sfdb_data_browse.obj
 0001:000336d0       sf_debug_st_unset_data_value_ptr_in_machine 00000001800346d0 f   sfc_debug:sfdb_data_browse.obj
 0001:00033740       sf_debug_st_unset_data_value_ptr_in_instance 0000000180034740 f   sfc_debug:sfdb_data_browse.obj
 0001:00033a00       sf_debug_mx_value          0000000180034a00 f   sfc_debug:sfdb_data_browse.obj
 0001:00033a60       sf_debug_mx_packed_vector  0000000180034a60 f   sfc_debug:sfdb_data_browse.obj
 0001:00033b40       sf_debug_mx_uint_vector    0000000180034b40 f   sfc_debug:sfdb_data_browse.obj
 0001:00033bf0       sf_debug_st_get_double_value_from_void_ptr_vector 0000000180034bf0 f   sfc_debug:sfdb_data_browse.obj
 0001:000346d0       sf_debug_st_browse_data    00000001800356d0 f   sfc_debug:sfdb_data_browse.obj
 0001:00034f10       sf_debug_hm_initialize_instance 0000000180035f10 f   sfc_debug:sfdb_handle_management.obj
 0001:000353f0       sf_debug_hm_get_object_id  00000001800363f0 f   sfc_debug:sfdb_handle_management.obj
 0001:00035fa0       sf_debug_hm_update_chart_visibility 0000000180036fa0 f   sfc_debug:sfdb_handle_management.obj
 0001:00037190       sf_debug_object_is_eml_function 0000000180038190 f   sfc_debug:sfdb_handle_management.obj
 0001:00037200       sf_debug_hm_initialize_ids_in_machine 0000000180038200 f   sfc_debug:sfdb_handle_management.obj
 0001:00037370       sf_debug_hm_initialize_ids_in_chart 0000000180038370 f   sfc_debug:sfdb_handle_management.obj
 0001:00037470       sf_debug_hm_initialize_chart 0000000180038470 f   sfc_debug:sfdb_handle_management.obj
 0001:00037b70       sf_debug_hm_terminate      0000000180038b70 f   sfc_debug:sfdb_handle_management.obj
 0001:00037bd0       sf_debug_hm_initialize_machine 0000000180038bd0 f   sfc_debug:sfdb_handle_management.obj
 0001:000382f0       sf_debug_ss_initialize     00000001800392f0 f   sfc_debug:sfdb_symbol_scope.obj
 0001:00038310       sf_debug_ss_terminate      0000000180039310 f   sfc_debug:sfdb_symbol_scope.obj
 0001:000383a0       sf_debug_ss_push_symbol_scope 00000001800393a0 f   sfc_debug:sfdb_symbol_scope.obj
 0001:000384a0       sf_debug_ss_push_symbol_scope_eml 00000001800394a0 f   sfc_debug:sfdb_symbol_scope.obj
 0001:00038500       sf_debug_ss_pop_symbol_scope 0000000180039500 f   sfc_debug:sfdb_symbol_scope.obj
 0001:000385b0       sf_debug_ss_add_symbol     00000001800395b0 f   sfc_debug:sfdb_symbol_scope.obj
 0001:00038720       sf_debug_ss_add_symbol_eml 0000000180039720 f   sfc_debug:sfdb_symbol_scope.obj
 0001:00039620       sf_debug_ss_set_data_value 000000018003a620 f   sfc_debug:sfdb_symbol_scope.obj
 0001:00039a70       getInstanceNumber          000000018003aa70 f   sfc_debug:sfdb_symbol_scope.obj
 0001:00039b40       sf_debug_ss_watch_data     000000018003ab40 f   sfc_debug:sfdb_symbol_scope.obj
 0001:00039d30       sf_debug_ss_assign_data    000000018003ad30 f   sfc_debug:sfdb_symbol_scope.obj
 0001:0003a740       get_data_entry_name        000000018003b740 f   sfc_debug:sfdb_symbol_scope.obj
 0001:0003a790       sf_debug_ss_whos           000000018003b790 f   sfc_debug:sfdb_symbol_scope.obj
 0001:0003ade0       sf_debug_cc_initialize_chart 000000018003bde0 f   sfc_debug:sfdb_coverage.obj
 0001:0003b7d0       sf_debug_cc_initialize_instance 000000018003c7d0 f   sfc_debug:sfdb_coverage.obj
 0001:0003c510       sf_debug_cc_terminate      000000018003d510 f   sfc_debug:sfdb_coverage.obj
 0001:0003c600       sf_debug_cc_set_transition_maps 000000018003d600 f   sfc_debug:sfdb_coverage.obj
 0001:0003c730       sf_debug_cc_set_state_maps 000000018003d730 f   sfc_debug:sfdb_coverage.obj
 0001:0003c810       sf_debug_cc_set_transition_weights 000000018003d810 f   sfc_debug:sfdb_coverage.obj
 0001:0003cad0       sf_debug_cc_set_state_weights 000000018003dad0 f   sfc_debug:sfdb_coverage.obj
 0001:0003cda0       sf_debug_cc_mark_transition_guard 000000018003dda0 f   sfc_debug:sfdb_coverage.obj
 0001:0003ce30       sf_debug_cc_mark_transition_trigger 000000018003de30 f   sfc_debug:sfdb_coverage.obj
 0001:0003cec0       sf_debug_cc_mark_transition_decision 000000018003dec0 f   sfc_debug:sfdb_coverage.obj
 0001:0003cf30       sf_debug_cc_mark_transition_condition_action 000000018003df30 f   sfc_debug:sfdb_coverage.obj
 0001:0003cf80       sf_debug_cc_mark_transition_transition_action 000000018003df80 f   sfc_debug:sfdb_coverage.obj
 0001:0003cfd0       sf_debug_cc_mark_state_entry 000000018003dfd0 f   sfc_debug:sfdb_coverage.obj
 0001:0003d020       sf_debug_cc_mark_state_during 000000018003e020 f   sfc_debug:sfdb_coverage.obj
 0001:0003d070       sf_debug_cc_mark_state_exit 000000018003e070 f   sfc_debug:sfdb_coverage.obj
 0001:0003d0c0       sf_debug_bm_clear_script_breakpoints 000000018003e0c0 f   sfc_debug:sfdb_breakpoints.obj
 0001:0003d0f0       sf_debug_bm_set_script_breakpoint 000000018003e0f0 f   sfc_debug:sfdb_breakpoints.obj
 0001:0003d170       sf_debug_bm_clear_single_script_breakpoint 000000018003e170 f   sfc_debug:sfdb_breakpoints.obj
 0001:0003d1f0       sf_debug_bm_query_script_breakpoint 000000018003e1f0 f   sfc_debug:sfdb_breakpoints.obj
 0001:0003d240       sf_debug_bm_initialize_scripts 000000018003e240 f   sfc_debug:sfdb_breakpoints.obj
 0001:0003d8d0       sf_debug_bm_terminate      000000018003e8d0 f   sfc_debug:sfdb_breakpoints.obj
 0001:0003dbb0       sf_debug_bm_remove_all_breakpoints_in_machine 000000018003ebb0 f   sfc_debug:sfdb_breakpoints.obj
 0001:0003dc10       sf_debug_bm_remove_all_breakpoints_in_chart 000000018003ec10 f   sfc_debug:sfdb_breakpoints.obj
 0001:0003dd60       sf_debug_bm_initialize_global_breakpoints 000000018003ed60 f   sfc_debug:sfdb_breakpoints.obj
 0001:0003dee0       sf_debug_bm_set_breakpoint 000000018003eee0 f   sfc_debug:sfdb_breakpoints.obj
 0001:0003e4a0       sf_debug_bm_set_eml_breakpoint 000000018003f4a0 f   sfc_debug:sfdb_breakpoints.obj
 0001:0003e530       sf_debug_bm_initialize_machine_breakpoint_map 000000018003f530 f   sfc_debug:sfdb_breakpoints.obj
 0001:0003e950       sf_debug_bm_is_a_breakpoint 000000018003f950 f   sfc_debug:sfdb_breakpoints.obj
 0001:0003ee70       sf_debug_bm_get_all_breakpoints_in_machine 000000018003fe70 f   sfc_debug:sfdb_breakpoints.obj
 0001:0003f170       sf_debug_bm_get_all_breakpoints_in_chart 0000000180040170 f   sfc_debug:sfdb_breakpoints.obj
 0001:0003fd00       sf_debug_bm_initialize_machine 0000000180040d00 f   sfc_debug:sfdb_breakpoints.obj
 0001:0003fdd0       sf_debug_bm_initialize_chart 0000000180040dd0 f   sfc_debug:sfdb_breakpoints.obj
 0001:000401c0       sf_debug_sc_terminate      00000001800411c0 f   sfc_debug:sfdb_state_consistency.obj
 0001:000404e0       sf_debug_sc_is_chart_consistent 00000001800414e0 f   sfc_debug:sfdb_state_consistency.obj
 0001:00040790       sf_debug_sc_get_consistency_error_info 0000000180041790 f   sfc_debug:sfdb_state_consistency.obj
 0001:00040ba0       sf_debug_tm_terminate      0000000180041ba0 f   sfc_debug:sfdb_call_stack.obj
 0001:00040c50       sf_debug_tm_push_chart_instance 0000000180041c50 f   sfc_debug:sfdb_call_stack.obj
 0001:00040d90       sf_debug_tm_pop_chart_instance 0000000180041d90 f   sfc_debug:sfdb_call_stack.obj
 0001:00040df0       sf_debug_tm_push_trace_node 0000000180041df0 f   sfc_debug:sfdb_call_stack.obj
 0001:00040f70       sf_debug_tm_pop_trace_node 0000000180041f70 f   sfc_debug:sfdb_call_stack.obj
 0001:00040ff0       sf_debug_tm_get_current_global_trace_index 0000000180041ff0 f   sfc_debug:sfdb_call_stack.obj
 0001:00041000       sf_debug_tm_get_current_local_trace_index 0000000180042000 f   sfc_debug:sfdb_call_stack.obj
 0001:00041030       sf_debug_tm_set_cycle_detected_flag 0000000180042030 f   sfc_debug:sfdb_call_stack.obj
 0001:00041070       sf_debug_tm_set_cycle_started_flag 0000000180042070 f   sfc_debug:sfdb_call_stack.obj
 0001:000410b0       sf_debug_tm_get_chart_number_from_stack 00000001800420b0 f   sfc_debug:sfdb_call_stack.obj
 0001:000412b0       sf_debug_tm_browse_trace   00000001800422b0 f   sfc_debug:sfdb_call_stack.obj
 0001:000415c0       sf_debug_cd_initialize_instance 00000001800425c0 f   sfc_debug:sfdb_cycle_detection.obj
 0001:00041870       sf_debug_cd_mark_processed_transition_in_instance 0000000180042870 f   sfc_debug:sfdb_cycle_detection.obj
 0001:00041910       sf_debug_cd_checksum_push  0000000180042910 f   sfc_debug:sfdb_cycle_detection.obj
 0001:00041bc0       sf_debug_cd_checksum_pop   0000000180042bc0 f   sfc_debug:sfdb_cycle_detection.obj
 0001:00041c30       sf_debug_cd_turn_off_cycle_detection 0000000180042c30 f   sfc_debug:sfdb_cycle_detection.obj
 0001:00041c80       sf_debug_cd_terminate      0000000180042c80 f   sfc_debug:sfdb_cycle_detection.obj
 0001:00041eb0       md5_initialize_state       0000000180042eb0 f   sfc_debug:ckmd5.obj
 0001:00042940       md5_update_state           0000000180043940 f   sfc_debug:ckmd5.obj
 0001:00042960       md5_get_hash               0000000180043960 f   sfc_debug:ckmd5.obj
 0001:00042990       md5_get_hash_for_a_single_string 0000000180043990 f   sfc_debug:ckmd5.obj
 0001:000429f0       mxGetPr                    00000001800439f0 f   libmx:libmx.dll
 0001:000429f6       mxCreateDoubleScalar       00000001800439f6 f   libmx:libmx.dll
 0001:000429fc       mxCreateDoubleMatrix_730   00000001800439fc f   libmx:libmx.dll
 0001:00042a02       mxSetField_730             0000000180043a02 f   libmx:libmx.dll
 0001:00042a08       mxCreateString             0000000180043a08 f   libmx:libmx.dll
 0001:00042a0e       mxCreateStructMatrix_730   0000000180043a0e f   libmx:libmx.dll
 0001:00042a14       mxCreateCellMatrix_730     0000000180043a14 f   libmx:libmx.dll
 0001:00042a1a       mxDestroyArray             0000000180043a1a f   libmx:libmx.dll
 0001:00042a20       mxDuplicateArray           0000000180043a20 f   libmx:libmx.dll
 0001:00042a26       mxIsEmpty                  0000000180043a26 f   libmx:libmx.dll
 0001:00042a2c       mxGetInf                   0000000180043a2c f   libmx:libmx.dll
 0001:00042a32       mxGetString_730            0000000180043a32 f   libmx:libmx.dll
 0001:00042a38       mxIsChar                   0000000180043a38 f   libmx:libmx.dll
 0001:00042a3e       mxGetClassID               0000000180043a3e f   libmx:libmx.dll
 0001:00042a44       mxIsNumeric                0000000180043a44 f   libmx:libmx.dll
 0001:00042a4a       mxIsComplex                0000000180043a4a f   libmx:libmx.dll
 0001:00042a50       mxGetN                     0000000180043a50 f   libmx:libmx.dll
 0001:00042a56       mxGetM                     0000000180043a56 f   libmx:libmx.dll
 0001:00042a5c       mxCalloc                   0000000180043a5c f   libmx:libmx.dll
 0001:00042a62       mxGetScalar                0000000180043a62 f   libmx:libmx.dll
 0001:00042a68       mxIsLogical                0000000180043a68 f   libmx:libmx.dll
 0001:00042a6e       mxCreateDoubleMatrix_700   0000000180043a6e f   libmx:libmx.dll
 0001:00042a74       mxFree                     0000000180043a74 f   libmx:libmx.dll
 0001:00042a7a       mxArrayToString            0000000180043a7a f   libmx:libmx.dll
 0001:00042a80       mxCreateCellMatrix_700     0000000180043a80 f   libmx:libmx.dll
 0001:00042a86       mxSetCell_700              0000000180043a86 f   libmx:libmx.dll
 0001:00042a8c       mxGetCell_700              0000000180043a8c f   libmx:libmx.dll
 0001:00042a92       mxGetClassName             0000000180043a92 f   libmx:libmx.dll
 0001:00042a98       mxSetField_700             0000000180043a98 f   libmx:libmx.dll
 0001:00042a9e       mxAddField                 0000000180043a9e f   libmx:libmx.dll
 0001:00042aa4       mxGetField_700             0000000180043aa4 f   libmx:libmx.dll
 0001:00042aaa       mxGetNumberOfElements      0000000180043aaa f   libmx:libmx.dll
 0001:00042ab0       mxIsStruct                 0000000180043ab0 f   libmx:libmx.dll
 0001:00042ab6       mxIsA                      0000000180043ab6 f   libmx:libmx.dll
 0001:00042abc       mxIsClass                  0000000180043abc f   libmx:libmx.dll
 0001:00042ac2       mxGetLogicals              0000000180043ac2 f   libmx:libmx.dll
 0001:00042ac8       mxIsSparse                 0000000180043ac8 f   libmx:libmx.dll
 0001:00042ace       mxSetFieldByNumber_700     0000000180043ace f   libmx:libmx.dll
 0001:00042ad4       mxGetFieldByNumber_700     0000000180043ad4 f   libmx:libmx.dll
 0001:00042ada       mxGetFieldNameByNumber     0000000180043ada f   libmx:libmx.dll
 0001:00042ae0       mxGetNumberOfFields        0000000180043ae0 f   libmx:libmx.dll
 0001:00042ae6       mxCreateStructMatrix_700   0000000180043ae6 f   libmx:libmx.dll
 0001:00042aec       mxGetFieldNumber           0000000180043aec f   libmx:libmx.dll
 0001:00042af2       mxIsNaN                    0000000180043af2 f   libmx:libmx.dll
 0001:00042af8       mxGetData                  0000000180043af8 f   libmx:libmx.dll
 0001:00042afe       mxGetImagData              0000000180043afe f   libmx:libmx.dll
 0001:00042b04       mxArrayClassIDName         0000000180043b04 f   libmx:libmx.dll
 0001:00042b0a       mxCreateNumericMatrix_700  0000000180043b0a f   libmx:libmx.dll
 0001:00042b10       mxCreateStructArray_700    0000000180043b10 f   libmx:libmx.dll
 0001:00042b16       mxCalcSingleSubscript_700  0000000180043b16 f   libmx:libmx.dll
 0001:00042b1c       mxGetDimensions_700        0000000180043b1c f   libmx:libmx.dll
 0001:00042b22       mxGetNumberOfDimensions_700 0000000180043b22 f   libmx:libmx.dll
 0001:00042b28       mxCreateNumericArray_700   0000000180043b28 f   libmx:libmx.dll
 0001:00042b2e       mxGetElementSize           0000000180043b2e f   libmx:libmx.dll
 0001:00042b34       mxCreateStringFromNChars_700 0000000180043b34 f   libmx:libmx.dll
 0001:00042b3a       mxGetString_700            0000000180043b3a f   libmx:libmx.dll
 0001:00042b40       mxIsLogicalScalarTrue      0000000180043b40 f   libmx:libmx.dll
 0001:00042b46       mxCreateLogicalScalar      0000000180043b46 f   libmx:libmx.dll
 0001:00042b4c       mexUnlock                  0000000180043b4c f   libmex:libmex.dll
 0001:00042b52       mexIsLocked                0000000180043b52 f   libmex:libmex.dll
 0001:00042b58       mexWarnMsgTxt              0000000180043b58 f   libmex:libmex.dll
 0001:00042b5e       mexCallMATLAB              0000000180043b5e f   libmex:libmex.dll
 0001:00042b64       mexErrMsgTxt               0000000180043b64 f   libmex:libmex.dll
 0001:00042b6a       mexMakeArrayPersistent     0000000180043b6a f   libmex:libmex.dll
 0001:00042b70       mexSetTrapFlag             0000000180043b70 f   libmex:libmex.dll
 0001:00042b76       mexPutVariable             0000000180043b76 f   libmex:libmex.dll
 0001:00042b7c       mexGetVariable             0000000180043b7c f   libmex:libmex.dll
 0001:00042b82       mexLock                    0000000180043b82 f   libmex:libmex.dll
 0001:00042b88       mexMakeMemoryPersistent    0000000180043b88 f   libmex:libmex.dll
 0001:00042b8e       mexFunctionName            0000000180043b8e f   libmex:libmex.dll
 0001:00042b94       ssRegisterDataTypeFxpFSlopeFixExpBias 0000000180043b94 f   libfixedpoint:libfixedpoint.dll
 0001:00042b9a       ssRegisterDataTypeFxpScaledDouble 0000000180043b9a f   libfixedpoint:libfixedpoint.dll
 0001:00042ba0       utMalloc                   0000000180043ba0 f   libut:libut.dll
 0001:00042ba6       utFree                     0000000180043ba6 f   libut:libut.dll
 0001:00042bac       utVSNprintf                0000000180043bac f   libut:libut.dll
 0001:00042bb2       utCPUtime                  0000000180043bb2 f   libut:libut.dll
 0001:00042bb8       utCalloc                   0000000180043bb8 f   libut:libut.dll
 0001:00042bbe       utRealloc                  0000000180043bbe f   libut:libut.dll
 0001:00042bc4       muDoubleScalarIsNaN        0000000180043bc4 f   libmwmathutil:libmwmathutil.dll
 0001:00042bca       muDoubleScalarAbs          0000000180043bca f   libmwmathutil:libmwmathutil.dll
 0001:00042bd0       muDoubleScalarSqrt         0000000180043bd0 f   libmwmathutil:libmwmathutil.dll
 0001:00042bd6       emlrtCreateRootTLS         0000000180043bd6 f   libemlrt:libemlrt.dll
 0001:00042bdc       emlrtDestroyRootTLS        0000000180043bdc f   libemlrt:libemlrt.dll
 0001:00042be2       emlrtCheckBuiltInR2012b    0000000180043be2 f   libemlrt:libemlrt.dll
 0001:00042be8       emlrtCheckVsBuiltInR2012b  0000000180043be8 f   libemlrt:libemlrt.dll
 0001:00042bee       emlrtCheckEnumR2012b       0000000180043bee f   libemlrt:libemlrt.dll
 0001:00042bf4       emlrtCreateEnumR2012b      0000000180043bf4 f   libemlrt:libemlrt.dll
 0001:00042bfa       emlrtGetEnumElementR2009a  0000000180043bfa f   libemlrt:libemlrt.dll
 0001:00042c00       emlrtCreateReference       0000000180043c00 f   libemlrt:libemlrt.dll
 0001:00042c06       emlrtImportVsFiArrayR2009b 0000000180043c06 f   libemlrt:libemlrt.dll
 0001:00042c0c       emlrtNameCapturePostProcessR2012a 0000000180043c0c f   libemlrt:libemlrt.dll
 0001:00042c12       emlrtExtractMessageId      0000000180043c12 f   libemlrt:libemlrt.dll
 0001:00042c18       emlrtTranslateMessageIDtoLCPstring 0000000180043c18 f   libemlrt:libemlrt.dll
 0001:00042c1e       emlrtForLoopVectorIsValidR2011b 0000000180043c1e f   libemlrt:libemlrt.dll
 0001:00042c24       emlrtTranslateUTF16MessagetoLCPstring 0000000180043c24 f   libemlrt:libemlrt.dll
 0001:00042c2a       emlrtGetEnumUnderlyingArrayR2009a 0000000180043c2a f   libemlrt:libemlrt.dll
 0001:00042c30       emlrtIsEnumR2009a          0000000180043c30 f   libemlrt:libemlrt.dll
 0001:00042c38       __GSHandlerCheckCommon     0000000180043c38 f   MSVCRT:gshandler.obj
 0001:00042c9c       __GSHandlerCheck           0000000180043c9c f   MSVCRT:gshandler.obj
 0001:00042cba       strlen                     0000000180043cba f   MSVCRT:MSVCR100.dll
 0001:00042cd0       __security_check_cookie    0000000180043cd0 f   MSVCRT:amdsecgs.obj
 0001:00042cf0       memset                     0000000180043cf0 f   MSVCRT:MSVCR100.dll
 0001:00042d10       __chkstk                   0000000180043d10 f   MSVCRT:chkstk.obj
 0001:00042d10       _alloca_probe              0000000180043d10     MSVCRT:chkstk.obj
 0001:00042d5e       strcmp                     0000000180043d5e f   MSVCRT:MSVCR100.dll
 0001:00042d64       free                       0000000180043d64 f   MSVCRT:MSVCR100.dll
 0001:00042d6a       sprintf                    0000000180043d6a f   MSVCRT:MSVCR100.dll
 0001:00042d70       malloc                     0000000180043d70 f   MSVCRT:MSVCR100.dll
 0001:00042d76       strcat                     0000000180043d76 f   MSVCRT:MSVCR100.dll
 0001:00042d7c       memcpy                     0000000180043d7c f   MSVCRT:MSVCR100.dll
 0001:00042d84       NtCurrentTeb               0000000180043d84 f i MSVCRT:crtdll.obj
 0001:00042df0       _CRT_INIT                  0000000180043df0 f   MSVCRT:crtdll.obj
 0001:00043188       _DllMainCRTStartup         0000000180044188 f   MSVCRT:crtdll.obj
 0001:000431c6       strncpy                    00000001800441c6 f   MSVCRT:MSVCR100.dll
 0001:000431cc       longjmp                    00000001800441cc f   MSVCRT:MSVCR100.dll
 0001:000431d2       strncmp                    00000001800441d2 f   MSVCRT:MSVCR100.dll
 0001:000431d8       ceil                       00000001800441d8 f   MSVCRT:MSVCR100.dll
 0001:000431de       strrchr                    00000001800441de f   MSVCRT:MSVCR100.dll
 0001:000431e4       _setjmp                    00000001800441e4 f   MSVCRT:MSVCR100.dll
 0001:000431ea       ldexp                      00000001800441ea f   MSVCRT:MSVCR100.dll
 0001:000431f0       __report_gsfailure         00000001800441f0 f   MSVCRT:gs_report.obj
 0001:0004333c       __clean_type_info_names    000000018004433c f   MSVCRT:tncleanup.obj
 0001:00043348       _onexit                    0000000180044348 f   MSVCRT:atonexit.obj
 0001:000433f8       atexit                     00000001800443f8 f   MSVCRT:atonexit.obj
 0001:00043410       _RTC_Initialize            0000000180044410 f   MSVCRT:_initsect_.obj
 0001:00043448       _RTC_Terminate             0000000180044448 f   MSVCRT:_initsect_.obj
 0001:00043480       _malloc_crt                0000000180044480 f   MSVCRT:MSVCR100.dll
 0001:00043490       _ValidateImageBase         0000000180044490 f   MSVCRT:pesect.obj
 0001:000434c0       _FindPESection             00000001800444c0 f   MSVCRT:pesect.obj
 0001:00043510       _IsNonwritableInCurrentImage 0000000180044510 f   MSVCRT:pesect.obj
 0001:00043552       _initterm                  0000000180044552 f   MSVCRT:MSVCR100.dll
 0001:00043558       _initterm_e                0000000180044558 f   MSVCRT:MSVCR100.dll
 0001:0004355e       _encoded_null              000000018004455e f   MSVCRT:MSVCR100.dll
 0001:00043564       _amsg_exit                 0000000180044564 f   MSVCRT:MSVCR100.dll
 0001:0004356a       __C_specific_handler       000000018004456a f   MSVCRT:MSVCR100.dll
 0001:00043570       __CppXcptFilter            0000000180044570 f   MSVCRT:MSVCR100.dll
 0001:00043578       DllMain                    0000000180044578 f   MSVCRT:dllmain.obj
 0001:0004359c       __security_init_cookie     000000018004459c f   MSVCRT:gs_support.obj
 0001:00043650       __crt_debugger_hook        0000000180044650 f   MSVCRT:MSVCR100.dll
 0001:00043656       __clean_type_info_names_internal 0000000180044656 f   MSVCRT:MSVCR100.dll
 0001:0004365c       _unlock                    000000018004465c f   MSVCRT:MSVCR100.dll
 0001:00043662       __dllonexit                0000000180044662 f   MSVCRT:MSVCR100.dll
 0001:00043668       _lock                      0000000180044668 f   MSVCRT:MSVCR100.dll
 0001:0004366e       EncodePointer              000000018004466e f   kernel32:KERNEL32.dll
 0001:00043674       DecodePointer              0000000180044674 f   kernel32:KERNEL32.dll
 0001:0004367a       Sleep                      000000018004467a f   kernel32:KERNEL32.dll
 0001:00043680       TerminateProcess           0000000180044680 f   kernel32:KERNEL32.dll
 0001:00043686       GetCurrentProcess          0000000180044686 f   kernel32:KERNEL32.dll
 0001:0004368c       UnhandledExceptionFilter   000000018004468c f   kernel32:KERNEL32.dll
 0001:00043692       SetUnhandledExceptionFilter 0000000180044692 f   kernel32:KERNEL32.dll
 0001:00043698       IsDebuggerPresent          0000000180044698 f   kernel32:KERNEL32.dll
 0001:0004369e       RtlVirtualUnwind           000000018004469e f   kernel32:KERNEL32.dll
 0001:000436a4       RtlLookupFunctionEntry     00000001800446a4 f   kernel32:KERNEL32.dll
 0001:000436aa       RtlCaptureContext          00000001800446aa f   kernel32:KERNEL32.dll
 0001:000436b0       DisableThreadLibraryCalls  00000001800446b0 f   kernel32:KERNEL32.dll
 0001:000436b6       QueryPerformanceCounter    00000001800446b6 f   kernel32:KERNEL32.dll
 0001:000436bc       GetTickCount               00000001800446bc f   kernel32:KERNEL32.dll
 0001:000436c2       GetCurrentThreadId         00000001800446c2 f   kernel32:KERNEL32.dll
 0001:000436c8       GetCurrentProcessId        00000001800446c8 f   kernel32:KERNEL32.dll
 0001:000436ce       GetSystemTimeAsFileTime    00000001800446ce f   kernel32:KERNEL32.dll
 0002:00000000       __imp_RtlLookupFunctionEntry 0000000180045000     kernel32:KERNEL32.dll
 0002:00000008       __imp_RtlVirtualUnwind     0000000180045008     kernel32:KERNEL32.dll
 0002:00000010       __imp_IsDebuggerPresent    0000000180045010     kernel32:KERNEL32.dll
 0002:00000018       __imp_SetUnhandledExceptionFilter 0000000180045018     kernel32:KERNEL32.dll
 0002:00000020       __imp_UnhandledExceptionFilter 0000000180045020     kernel32:KERNEL32.dll
 0002:00000028       __imp_GetCurrentProcess    0000000180045028     kernel32:KERNEL32.dll
 0002:00000030       __imp_TerminateProcess     0000000180045030     kernel32:KERNEL32.dll
 0002:00000038       __imp_Sleep                0000000180045038     kernel32:KERNEL32.dll
 0002:00000040       __imp_DecodePointer        0000000180045040     kernel32:KERNEL32.dll
 0002:00000048       __imp_EncodePointer        0000000180045048     kernel32:KERNEL32.dll
 0002:00000050       __imp_DisableThreadLibraryCalls 0000000180045050     kernel32:KERNEL32.dll
 0002:00000058       __imp_QueryPerformanceCounter 0000000180045058     kernel32:KERNEL32.dll
 0002:00000060       __imp_GetTickCount         0000000180045060     kernel32:KERNEL32.dll
 0002:00000068       __imp_GetCurrentThreadId   0000000180045068     kernel32:KERNEL32.dll
 0002:00000070       __imp_GetCurrentProcessId  0000000180045070     kernel32:KERNEL32.dll
 0002:00000078       __imp_GetSystemTimeAsFileTime 0000000180045078     kernel32:KERNEL32.dll
 0002:00000080       __imp_RtlCaptureContext    0000000180045080     kernel32:KERNEL32.dll
 0002:00000088       \177KERNEL32_NULL_THUNK_DATA 0000000180045088     kernel32:KERNEL32.dll
 0002:00000090       __imp__onexit              0000000180045090     MSVCRT:MSVCR100.dll
 0002:00000098       __imp__lock                0000000180045098     MSVCRT:MSVCR100.dll
 0002:000000a0       __imp___dllonexit          00000001800450a0     MSVCRT:MSVCR100.dll
 0002:000000a8       __imp__unlock              00000001800450a8     MSVCRT:MSVCR100.dll
 0002:000000b0       __imp___clean_type_info_names_internal 00000001800450b0     MSVCRT:MSVCR100.dll
 0002:000000b8       __imp___crt_debugger_hook  00000001800450b8     MSVCRT:MSVCR100.dll
 0002:000000c0       __imp___CppXcptFilter      00000001800450c0     MSVCRT:MSVCR100.dll
 0002:000000c8       __imp___C_specific_handler 00000001800450c8     MSVCRT:MSVCR100.dll
 0002:000000d0       __imp__amsg_exit           00000001800450d0     MSVCRT:MSVCR100.dll
 0002:000000d8       __imp__encoded_null        00000001800450d8     MSVCRT:MSVCR100.dll
 0002:000000e0       __imp__initterm_e          00000001800450e0     MSVCRT:MSVCR100.dll
 0002:000000e8       __imp__initterm            00000001800450e8     MSVCRT:MSVCR100.dll
 0002:000000f0       __imp__malloc_crt          00000001800450f0     MSVCRT:MSVCR100.dll
 0002:000000f8       __imp_ldexp                00000001800450f8     MSVCRT:MSVCR100.dll
 0002:00000100       __imp__setjmp              0000000180045100     MSVCRT:MSVCR100.dll
 0002:00000108       __imp_strrchr              0000000180045108     MSVCRT:MSVCR100.dll
 0002:00000110       __imp_ceil                 0000000180045110     MSVCRT:MSVCR100.dll
 0002:00000118       __imp_strncmp              0000000180045118     MSVCRT:MSVCR100.dll
 0002:00000120       __imp_longjmp              0000000180045120     MSVCRT:MSVCR100.dll
 0002:00000128       __imp_strncpy              0000000180045128     MSVCRT:MSVCR100.dll
 0002:00000130       __imp_memcpy               0000000180045130     MSVCRT:MSVCR100.dll
 0002:00000138       __imp_strcat               0000000180045138     MSVCRT:MSVCR100.dll
 0002:00000140       __imp_malloc               0000000180045140     MSVCRT:MSVCR100.dll
 0002:00000148       __imp_sprintf              0000000180045148     MSVCRT:MSVCR100.dll
 0002:00000150       __imp_free                 0000000180045150     MSVCRT:MSVCR100.dll
 0002:00000158       __imp_strcmp               0000000180045158     MSVCRT:MSVCR100.dll
 0002:00000160       __imp_memset               0000000180045160     MSVCRT:MSVCR100.dll
 0002:00000168       __imp_strlen               0000000180045168     MSVCRT:MSVCR100.dll
 0002:00000170       \177MSVCR100_NULL_THUNK_DATA 0000000180045170     MSVCRT:MSVCR100.dll
 0002:00000178       __imp_emlrtIsEnumR2009a    0000000180045178     libemlrt:libemlrt.dll
 0002:00000180       __imp_emlrtGetEnumUnderlyingArrayR2009a 0000000180045180     libemlrt:libemlrt.dll
 0002:00000188       __imp_emlrtTranslateUTF16MessagetoLCPstring 0000000180045188     libemlrt:libemlrt.dll
 0002:00000190       __imp_emlrtForLoopVectorIsValidR2011b 0000000180045190     libemlrt:libemlrt.dll
 0002:00000198       __imp_emlrtTranslateMessageIDtoLCPstring 0000000180045198     libemlrt:libemlrt.dll
 0002:000001a0       __imp_emlrtExtractMessageId 00000001800451a0     libemlrt:libemlrt.dll
 0002:000001a8       __imp_emlrtNameCapturePostProcessR2012a 00000001800451a8     libemlrt:libemlrt.dll
 0002:000001b0       __imp_emlrtImportVsFiArrayR2009b 00000001800451b0     libemlrt:libemlrt.dll
 0002:000001b8       __imp_emlrtCreateReference 00000001800451b8     libemlrt:libemlrt.dll
 0002:000001c0       __imp_emlrtGetEnumElementR2009a 00000001800451c0     libemlrt:libemlrt.dll
 0002:000001c8       __imp_emlrtCreateEnumR2012b 00000001800451c8     libemlrt:libemlrt.dll
 0002:000001d0       __imp_emlrtDestroyRootTLS  00000001800451d0     libemlrt:libemlrt.dll
 0002:000001d8       __imp_emlrtCheckBuiltInR2012b 00000001800451d8     libemlrt:libemlrt.dll
 0002:000001e0       __imp_emlrtCheckVsBuiltInR2012b 00000001800451e0     libemlrt:libemlrt.dll
 0002:000001e8       __imp_emlrtCheckEnumR2012b 00000001800451e8     libemlrt:libemlrt.dll
 0002:000001f0       __imp_emlrtCreateRootTLS   00000001800451f0     libemlrt:libemlrt.dll
 0002:000001f8       \177libemlrt_NULL_THUNK_DATA 00000001800451f8     libemlrt:libemlrt.dll
 0002:00000200       __imp_ssRegisterDataTypeFxpScaledDouble 0000000180045200     libfixedpoint:libfixedpoint.dll
 0002:00000208       __imp_ssRegisterDataTypeFxpFSlopeFixExpBias 0000000180045208     libfixedpoint:libfixedpoint.dll
 0002:00000210       \177libfixedpoint_NULL_THUNK_DATA 0000000180045210     libfixedpoint:libfixedpoint.dll
 0002:00000218       __imp_mexLock              0000000180045218     libmex:libmex.dll
 0002:00000220       __imp_mexPutVariable       0000000180045220     libmex:libmex.dll
 0002:00000228       __imp_mexFunctionName      0000000180045228     libmex:libmex.dll
[...]
 0001:00019380       sf_mex_check_complex       000000018001a380 f   sfc_mex:sfc_mex.obj
 0001:00019410       sf_mex_check_sparse        000000018001a410 f   sfc_mex:sfc_mex.obj
 0001:00019470       sf_mex_check_numerictype   000000018001a470 f   sfc_mex:sfc_mex.obj
 0001:00019600       sf_mex_check_fimath        000000018001a600 f   sfc_mex:sfc_mex.obj
 0001:0001a160       size_mismatch_error        000000018001b160 f   sfc_mex:sfc_mex.obj
 0001:0001abd0       check_array_dimensions     000000018001bbd0 f   sfc_mex:sfc_mex.obj
 0001:0001ac40       check_input_mxarray        000000018001bc40 f   sfc_mex:sfc_mex.obj
 0001:0001b380       sf_numeric_value_to_double 000000018001c380 f   sfc_mex:sfc_mex.obj
 0001:0001b3d0       ml_generic_out_of_bounds_check 000000018001c3d0 f   sfc_mex:sfc_mex.obj
 0001:0001b590       ml_get_element_value_from_array 000000018001c590 f   sfc_mex:sfc_mex.obj
 0001:0001b930       _ml_generic_castability_check 000000018001c930 f   sfc_mex:sfc_mex.obj
 0001:0001c080       ml_generic_castability_check 000000018001d080 f   sfc_mex:sfc_mex.obj
 0001:0001c120       ml_check_mx_array_for_single_castability 000000018001d120 f   sfc_mex:sfc_mex.obj
 0001:0001c1c0       ml_check_mx_array_for_logical_castability 000000018001d1c0 f   sfc_mex:sfc_mex.obj
 0001:0001c260       ml_check_mx_array_for_int8_castability 000000018001d260 f   sfc_mex:sfc_mex.obj
 0001:0001c310       ml_check_mx_array_for_uint8_castability 000000018001d310 f   sfc_mex:sfc_mex.obj
 0001:0001c370       ml_check_mx_array_for_int16_castability 000000018001d370 f   sfc_mex:sfc_mex.obj
 0001:0001c3d0       ml_check_mx_array_for_uint16_castability 000000018001d3d0 f   sfc_mex:sfc_mex.obj
 0001:0001c430       ml_check_mx_array_for_int32_castability 000000018001d430 f   sfc_mex:sfc_mex.obj
 0001:0001c490       ml_check_mx_array_for_uint32_castability 000000018001d490 f   sfc_mex:sfc_mex.obj
 0001:0001c4f0       ml_check_mx_array_for_castability 000000018001d4f0 f   sfc_mex:sfc_mex.obj
 0001:0001cd10       set_data_value             000000018001dd10 f   sfc_mex:sfc_mex.obj
 0001:0001d080       get_data_value             000000018001e080 f   sfc_mex:sfc_mex.obj
 0001:0001d190       get_next_element_address   000000018001e190 f   sfc_mex:sfc_mex.obj
 0001:0001d260       sf_normalize_index         000000018001e260 f   sfc_mex:sfc_mex.obj
 0001:0001d610       ml_array_index_bound_check 000000018001e610 f   sfc_mex:sfc_mex.obj
 0001:0001e190       mx_value                   000000018001f190 f   sfc_mex:sfc_mex.obj
 0001:0001e1e0       sf_create_numeric_array    000000018001f1e0 f   sfc_mex:sfc_mex.obj
 0001:0001e280       sf_mex_assign_to_mx_array  000000018001f280 f   sfc_mex:sfc_mex.obj
 0001:0001e5f0       assign_from_mx_array       000000018001f5f0 f   sfc_mex:sfc_mex.obj
 0001:0001ed50       sf_mex_import_v            000000018001fd50 f   sfc_mex:sfc_mex.obj
 0001:0001f460       get_machine_and_chart_file_number 0000000180020460 f   sfc_mex:sfc_sf.obj
 0001:0001f550       get_sfun_block_specialization 0000000180020550 f   sfc_mex:sfc_sf.obj
 0001:0001f600       call_sf_machine_global_method_dispatcher 0000000180020600 f   sfc_mex:sfc_sf.obj
 0001:0001f850       mdl_zeroCrossings_processing 0000000180020850 f   sfc_mex:sfc_sf.obj
 0001:0001f930       mdl_derivatives_processing 0000000180020930 f   sfc_mex:sfc_sf.obj
 0001:0001fc10       mdl_outputs_continuous_legacy 0000000180020c10 f   sfc_mex:sfc_sf.obj
 0001:0001fc90       mdl_outputs_processing     0000000180020c90 f   sfc_mex:sfc_sf.obj
 0001:0001ff00       mdl_enable_processing      0000000180020f00 f   sfc_mex:sfc_sf.obj
 0001:0001ffe0       mdl_disable_processing     0000000180020fe0 f   sfc_mex:sfc_sf.obj
 0001:00020e70       sf_call_output_fcn_enable_disable 0000000180021e70 f   sfc_mex:sfc_sf.obj
 0001:000210f0       set_dwork_information_from_mx_array 00000001800220f0 f   sfc_mex:sfc_sf.obj
 0001:000219e0       ptr2mxStruct               00000001800229e0 f   sfc_mex:sfc_sf.obj
 0001:00021cf0       SNPRINTF_WRAPPER           0000000180022cf0 f   sfc_debug:sfcdebug.obj
 0001:00021d20       sf_debug_chart_instance_initialized 0000000180022d20 f   sfc_debug:sfcdebug.obj
 0001:00021ec0       sfrtAddSize                0000000180022ec0 f   sfc_debug:sfcdebug.obj
 0001:00021f80       sfrtGenSizeString          0000000180022f80 f   sfc_debug:sfcdebug.obj
 0001:000226d0       fill_single_message_info   00000001800236d0 f   sfc_debug:sfcdebug.obj
 0001:00022950       sf_debug_sim_status_listener 0000000180023950 f   sfc_debug:sfcdebug.obj
 0001:00022ee0       sf_debug_form_mask_bits    0000000180023ee0 f   sfc_debug:sfcdebug.obj
 0001:00022f00       sf_debug_form_sf_data_type_offsets 0000000180023f00 f   sfc_debug:sfcdebug.obj
 0001:00022fc0       sf_debug_free_all          0000000180023fc0 f   sfc_debug:sfcdebug.obj
 0001:00023150       sf_debug_append_debugger_context 0000000180024150 f   sfc_debug:sfcdebug.obj
 0001:000234c0       local_strdup               00000001800244c0 f   sfc_debug:sfcdebug.obj
 0001:00024440       sf_debug_em_terminate      0000000180025440 f   sfc_debug:sfcdebug.obj
 0001:00024480       sf_debug_push_eml_function 0000000180025480 f   sfc_debug:sfcdebug.obj
 0001:00024520       sf_debug_pop_eml_function  0000000180025520 f   sfc_debug:sfcdebug.obj
 0001:000251c0       sf_debug_get_machine_number_from_id_or_name 00000001800261c0 f   sfc_debug:sfcdebug.obj
 0001:00025310       sf_debug_get_chart_number_from_id 0000000180026310 f   sfc_debug:sfcdebug.obj
 0001:000260f0       sf_debug_transfer_control_to_debugger_GUI 00000001800270f0 f   sfc_debug:sfcdebug.obj
 0001:00027060       sf_debug_scripts_rehash    0000000180028060 f   sfc_debug:sfcdebug.obj
 0001:00027270       sf_debug_get_script_line_count 0000000180028270 f   sfc_debug:sfcdebug.obj
 0001:00027cc0       cv_eml_state_cvId          0000000180028cc0 f   sfc_debug:sfcdebug.obj
 0001:00027d30       cv_eml_trans_cvId          0000000180028d30 f   sfc_debug:sfcdebug.obj
 0001:000291b0       sf_debug_data_array_bounds_error 000000018002a1b0 f   sfc_debug:sfcdebug.obj
 0001:00029560       eml_debug_runtime_error_doclink 000000018002a560 f   sfc_debug:sfcdebug.obj
 0001:000296d0       sf_debug_runtime_error     000000018002a6d0 f   sfc_debug:sfcdebug.obj
 0001:00029740       sf_debug_matlab_error      000000018002a740 f   sfc_debug:sfcdebug.obj
 0001:0002a0b0       sf_debug_data_value_error  000000018002b0b0 f   sfc_debug:sfcdebug.obj
 0001:0002a980       sf_debug_data_loss_error   000000018002b980 f   sfc_debug:sfcdebug.obj
 0001:0002b8a0       call_cv_range_check        000000018002c8a0 f   sfc_debug:sfcdebug.obj
 0001:0002c100       sf_debug_invoke_cycle_detection_code 000000018002d100 f   sfc_debug:sfcdebug.obj
 0001:0002cc70       sf_reset_debug_info_struct 000000018002dc70 f   sfc_debug:sfcdebug.obj
 0001:0002d460       cv_script_cvId             000000018002e460 f   sfc_debug:sfcdebug.obj
 0001:0002e620       sfc_api_chart_visible      000000018002f620 f   sfc_debug:sfc_api.obj
 0001:0002e6b0       sfc_api_active_instance    000000018002f6b0 f   sfc_debug:sfc_api.obj
 0001:0002e740       sfc_api_machine_load       000000018002f740 f   sfc_debug:sfc_api.obj
 0001:0002e830       sfc_api_debugger_alive     000000018002f830 f   sfc_debug:sfc_api.obj
 0001:0002e840       sfc_api_go                 000000018002f840 f   sfc_debug:sfc_api.obj
 0001:0002e850       sfc_api_step_over          000000018002f850 f   sfc_debug:sfc_api.obj
 0001:0002e860       sfc_api_step_out           000000018002f860 f   sfc_debug:sfc_api.obj
 0001:0002e870       sfc_api_resume             000000018002f870 f   sfc_debug:sfc_api.obj
 0001:0002e880       sfc_api_break              000000018002f880 f   sfc_debug:sfc_api.obj
 0001:0002e890       sfc_api_stop_debugging     000000018002f890 f   sfc_debug:sfc_api.obj
 0001:0002e8f0       sfc_api_is_cycle_detected  000000018002f8f0 f   sfc_debug:sfc_api.obj
 0001:0002e950       sfc_api_is_array_bounds_detected 000000018002f950 f   sfc_debug:sfc_api.obj
 0001:0002e9b0       sfc_api_set_disable_all_breakpoints 000000018002f9b0 f   sfc_debug:sfc_api.obj
 0001:0002ea30       sfc_api_disable_all_breakpoints_and_go 000000018002fa30 f   sfc_debug:sfc_api.obj
 0001:0002ea40       sfc_api_close              000000018002fa40 f   sfc_debug:sfc_api.obj
 0001:0002ea50       sfc_api_browse_data        000000018002fa50 f   sfc_debug:sfc_api.obj
 0001:0002ead0       sfc_api_watch_data         000000018002fad0 f   sfc_debug:sfc_api.obj
 0001:0002ebe0       sfc_api_extract_message_post_receive_info 000000018002fbe0 f   sfc_debug:sfc_api.obj
 0001:0002ec00       sfc_api_assign_data        000000018002fc00 f   sfc_debug:sfc_api.obj
 0001:0002ecb0       sfc_api_whos               000000018002fcb0 f   sfc_debug:sfc_api.obj
 0001:0002ed40       sfc_api_get_consistency_info 000000018002fd40 f   sfc_debug:sfc_api.obj
 0001:0002ed50       sfc_api_browse_trace       000000018002fd50 f   sfc_debug:sfc_api.obj
 0001:0002ed60       sfc_api_break_on_chart_entry 000000018002fd60 f   sfc_debug:sfc_api.obj
 0001:0002ed90       sfc_api_break_on_event_broadcast 000000018002fd90 f   sfc_debug:sfc_api.obj
 0001:0002edc0       sfc_api_break_on_state_entry 000000018002fdc0 f   sfc_debug:sfc_api.obj
 0001:0002edf0       sfc_api_set_watch          000000018002fdf0 f   sfc_debug:sfc_api.obj
 0001:0002eea0       sfc_api_set_breakpoints    000000018002fea0 f   sfc_debug:sfc_api.obj
 0001:0002ef60       sfc_api_set_eml_breakpoints 000000018002ff60 f   sfc_debug:sfc_api.obj
 0001:0002f000       sfc_api_set_script_breakpoints 0000000180030000 f   sfc_debug:sfc_api.obj
 0001:0002f060       sfc_api_add_script_breakpoints 0000000180030060 f   sfc_debug:sfc_api.obj
 0001:0002f0c0       sfc_api_clear_script_breakpoints 00000001800300c0 f   sfc_debug:sfc_api.obj
 0001:0002f120       sfc_api_query_script_breakpoints 0000000180030120 f   sfc_debug:sfc_api.obj
 0001:0002f190       sfc_api_get_script_id      0000000180030190 f   sfc_debug:sfc_api.obj
 0001:0002f250       sfc_api_get_active_states  0000000180030250 f   sfc_debug:sfc_api.obj
 0001:0002f2e0       sfc_api_break_between_times 00000001800302e0 f   sfc_debug:sfc_api.obj
 0001:0002f350       sfc_api_get_instance_handle 0000000180030350 f   sfc_debug:sfc_api.obj
 0001:0002f420       sfc_api_set_animation      0000000180030420 f   sfc_debug:sfc_api.obj
 0001:0002f470       sfc_api_select_chart       0000000180030470 f   sfc_debug:sfc_api.obj
 0001:0002f4e0       sfc_api_select_charts      00000001800304e0 f   sfc_debug:sfc_api.obj
 0001:0002f510       sfc_api_cycle_detection_check 0000000180030510 f   sfc_debug:sfc_api.obj
 0001:0002f560       sfc_api_data_range_check   0000000180030560 f   sfc_debug:sfc_api.obj
 0001:0002f5b0       sfc_api_transition_conflict_check 00000001800305b0 f   sfc_debug:sfc_api.obj
 0001:0002f600       sfc_api_state_consistency_check 0000000180030600 f   sfc_debug:sfc_api.obj
 0001:0002f650       sfc_api_set_instance_cv_ids 0000000180030650 f   sfc_debug:sfc_api.obj
 0001:0002f780       sfc_api_set_script_cv_ids  0000000180030780 f   sfc_debug:sfc_api.obj
 0001:0002f850       sfc_api_get_current_machine_id 0000000180030850 f   sfc_debug:sfc_api.obj
 0001:0002f880       sfc_api_get_current_machine_number 0000000180030880 f   sfc_debug:sfc_api.obj
 0001:0002f8b0       sfc_api_get_current_chart_number 00000001800308b0 f   sfc_debug:sfc_api.obj
 0001:0002f8e0       sfc_api_get_current_instance_number 00000001800308e0 f   sfc_debug:sfc_api.obj
 0001:0002f910       sfc_api_get_current_instance_handle 0000000180030910 f   sfc_debug:sfc_api.obj
 0001:0002f930       sfc_api_get_current_is_minor_time_step 0000000180030930 f   sfc_debug:sfc_api.obj
 0001:0002f960       sfc_api_get_current_machine_name 0000000180030960 f   sfc_debug:sfc_api.obj
 0001:0002f980       sfc_api_get_current_chart_id 0000000180030980 f   sfc_debug:sfc_api.obj
 0001:0002f9b0       sfc_api_get_current_object_type 00000001800309b0 f   sfc_debug:sfc_api.obj
 0001:0002f9e0       sfc_api_get_current_event_type 00000001800309e0 f   sfc_debug:sfc_api.obj
 0001:0002fa10       sfc_api_get_current_object_id 0000000180030a10 f   sfc_debug:sfc_api.obj
 0001:0002fa40       sfc_get_current_active_event_type 0000000180030a40 f   sfc_debug:sfc_api.obj
 0001:0002fa70       sfc_api_get_current_active_event_id 0000000180030a70 f   sfc_debug:sfc_api.obj
 0001:0002faa0       sfc_api_get_current_simulation_time 0000000180030aa0 f   sfc_debug:sfc_api.obj
 0001:0002fac0       sfc_get_current_tag_type   0000000180030ac0 f   sfc_debug:sfc_api.obj
 0001:0002faf0       sfc_get_current_coverage_percentage 0000000180030af0 f   sfc_debug:sfc_api.obj
 0001:0002fb10       sfc_get_current_statement_context 0000000180030b10 f   sfc_debug:sfc_api.obj
 0001:0002fb30       sfc_get_current_optional_integer 0000000180030b30 f   sfc_debug:sfc_api.obj
 0001:0002fb60       sfc_get_current_statement_info 0000000180030b60 f   sfc_debug:sfc_api.obj
 0001:0002fc00       sfc_api_get                0000000180030c00 f   sfc_debug:sfc_api.obj
 0001:00030860       sf_debug_sm_fill_state_activity_data 0000000180031860 f   sfc_debug:sfdb_animation.obj
 0001:000330a0       void_ptr_stack_vector_free_total 00000001800340a0 f   sfc_debug:sfdb_data_browse.obj
 0001:00033120       sf_debug_st_terminate_machine 0000000180034120 f   sfc_debug:sfdb_data_browse.obj
 0001:00033160       sf_debug_st_terminate_instance 0000000180034160 f   sfc_debug:sfdb_data_browse.obj
 0001:00033510       push_on_to_void_ptr_stack  0000000180034510 f   sfc_debug:sfdb_data_browse.obj
 0001:000336a0       pop_from_void_ptr_stack    00000001800346a0 f   sfc_debug:sfdb_data_browse.obj
 0001:000337d0       sf_debug_st_get_data_value 00000001800347d0 f   sfc_debug:sfdb_data_browse.obj
 0001:00033d00       mx_value                   0000000180034d00 f   sfc_debug:sfdb_data_browse.obj
 0001:00033d40       sf_debug_st_fill_data_struct 0000000180034d40 f   sfc_debug:sfdb_data_browse.obj
 0001:00034080       data_type_format_strings   0000000180035080 f   sfc_debug:sfdb_data_browse.obj
 0001:00034130       sf_debug_st_fill_data      0000000180035130 f   sfc_debug:sfdb_data_browse.obj
 0001:00034e20       sf_debug_hm_get_simulink_handle 0000000180035e20 f   sfc_debug:sfdb_handle_management.obj
 0001:000358d0       sf_debug_hm_initialize_globals 00000001800368d0 f   sfc_debug:sfdb_handle_management.obj
 0001:000359d0       sf_debug_hm_get_machine_debug_flag 00000001800369d0 f   sfc_debug:sfdb_handle_management.obj
 0001:00035b40       sf_debug_hm_get_machine_id 0000000180036b40 f   sfc_debug:sfdb_handle_management.obj
 0001:00035c60       sf_debug_hm_get_chart_id   0000000180036c60 f   sfc_debug:sfdb_handle_management.obj
 0001:00035e00       sf_debug_hm_register_executing_SFunction 0000000180036e00 f   sfc_debug:sfdb_handle_management.obj
 0001:00036190       sf_debug_hm_form_object_boolean_properties 0000000180037190 f   sfc_debug:sfdb_handle_management.obj
 0001:00036460       sf_debug_hm_form_object_properties 0000000180037460 f   sfc_debug:sfdb_handle_management.obj
 0001:000366a0       sf_debug_hm_terminate_charts 00000001800376a0 f   sfc_debug:sfdb_handle_management.obj
 0001:00036d80       sf_debug_hm_terminate_machines 0000000180037d80 f   sfc_debug:sfdb_handle_management.obj
 0001:000387f0       sf_debug_ss_copy_dimension 00000001800397f0 f   sfc_debug:sfdb_symbol_scope.obj
 0001:000388b0       sf_debug_ss_get_number_elements 00000001800398b0 f   sfc_debug:sfdb_symbol_scope.obj
 0001:000388d0       sf_debug_ss_fill_data_struct 00000001800398d0 f   sfc_debug:sfdb_symbol_scope.obj
 0001:00038c20       sf_debug_ss_reset_data_info 0000000180039c20 f   sfc_debug:sfdb_symbol_scope.obj
 0001:00038c80       sf_debug_fill_data_info_by_symbol_scope_entry 0000000180039c80 f   sfc_debug:sfdb_symbol_scope.obj
 0001:00038d40       sf_debug_fill_data_info_by_data_vector 0000000180039d40 f   sfc_debug:sfdb_symbol_scope.obj
 0001:00038f90       get_data_info_helper       0000000180039f90 f   sfc_debug:sfdb_symbol_scope.obj
 0001:00039280       sf_debug_ss_get_data_info  000000018003a280 f   sfc_debug:sfdb_symbol_scope.obj
 0001:000394a0       sf_debug_select_mex_function 000000018003a4a0 f   sfc_debug:sfdb_symbol_scope.obj
 0001:000394d0       sf_debug_is_dyn_matrix_initialized 000000018003a4d0 f   sfc_debug:sfdb_symbol_scope.obj
 0001:000394f0       sf_debug_ss_set_data_value_try 000000018003a4f0 f   sfc_debug:sfdb_symbol_scope.obj
 0001:000396e0       sf_debug_ss_get_data_value 000000018003a6e0 f   sfc_debug:sfdb_symbol_scope.obj
 0001:00039e40       sf_debug_ss_data_bytes_string 000000018003ae40 f   sfc_debug:sfdb_symbol_scope.obj
 0001:00039ed0       sf_debug_ss_data_class_string 000000018003aed0 f   sfc_debug:sfdb_symbol_scope.obj
 0001:0003a250       sf_debug_ss_data_size_string 000000018003b250 f   sfc_debug:sfdb_symbol_scope.obj
 0001:0003a330       sf_debug_ss_data_create_data_info_struct 000000018003b330 f   sfc_debug:sfdb_symbol_scope.obj
 0001:0003a5e0       sf_debug_ss_data_create_name_value_pair 000000018003b5e0 f   sfc_debug:sfdb_symbol_scope.obj
 0001:0003a680       sf_debug_ss_data_get_whos_info 000000018003b680 f   sfc_debug:sfdb_symbol_scope.obj
 0001:0003a690       same_named_data_in_data_array 000000018003b690 f   sfc_debug:sfdb_symbol_scope.obj
 0001:0003be20       sf_debug_cc_terminate_chart 000000018003ce20 f   sfc_debug:sfdb_coverage.obj
 0001:0003c130       sf_debug_cc_terminate_instance 000000018003d130 f   sfc_debug:sfdb_coverage.obj
 0001:0003cd00       sf_debug_cc_mark_object_if_needed 000000018003dd00 f   sfc_debug:sfdb_coverage.obj
 0001:0003d580       sf_debug_bm_initialize_eml 000000018003e580 f   sfc_debug:sfdb_breakpoints.obj
 0001:0003e640       sf_debug_bm_map_debug_tag_to_breakpoint_tag 000000018003f640 f   sfc_debug:sfdb_breakpoints.obj
 0001:0003e720       sf_debug_bm_is_a_eml_breakpoint_impl 000000018003f720 f   sfc_debug:sfdb_breakpoints.obj
 0001:00040050       sf_debug_sc_push_on_error_stack 0000000180041050 f   sfc_debug:sfdb_state_consistency.obj
 0001:00040170       sf_debug_sc_reset_error_stack 0000000180041170 f   sfc_debug:sfdb_state_consistency.obj
 0001:00040300       sf_debug_sc_is_state_inconsistent 0000000180041300 f   sfc_debug:sfdb_state_consistency.obj
 0001:000405f0       sf_debug_sc_fill_consistency_info 00000001800415f0 f   sfc_debug:sfdb_state_consistency.obj
 0001:00040b90       void_assertion_fcn         0000000180041b90 f   sfc_debug:sfdb_call_stack.obj
 0001:000410e0       sf_debug_tm_fill_local_trace 00000001800420e0 f   sfc_debug:sfdb_call_stack.obj
 0001:00041680       sf_debug_cd_terminate_instance 0000000180042680 f   sfc_debug:sfdb_cycle_detection.obj
 0001:000416e0       sf_debug_cd_free_checksum_stack 00000001800426e0 f   sfc_debug:sfdb_cycle_detection.obj
 0001:00041730       sf_debug_cd_reset_pack_strings 0000000180042730 f   sfc_debug:sfdb_cycle_detection.obj
 0001:00041dd0       md5file_clear              0000000180042dd0 f   sfc_debug:ckmd5.obj
 0001:00041e00       Encode                     0000000180042e00 f   sfc_debug:ckmd5.obj
 0001:00041e50       Decode                     0000000180042e50 f   sfc_debug:ckmd5.obj
 0001:00041ef0       MD5Transform               0000000180042ef0 f   sfc_debug:ckmd5.obj
 0001:00042750       md5file_addn               0000000180043750 f   sfc_debug:ckmd5.obj
 0001:00042820       md5file_hash               0000000180043820 f   sfc_debug:ckmd5.obj
 0001:00042d90       pre_c_init                 0000000180043d90 f   MSVCRT:crtdll.obj
 0001:0004304c       __DllMainCRTStartup        000000018004404c f   MSVCRT:crtdll.obj
 0001:000436e0       __DllMainCRTStartup$filt$0 00000001800446e0 f   MSVCRT:crtdll.obj
 0001:00043710       __DllMainCRTStartup$fin$1  0000000180044710 f   MSVCRT:crtdll.obj
 0001:0004372a       _onexit$fin$0              000000018004472a f   MSVCRT:atonexit.obj
 0001:00043750       _IsNonwritableInCurrentImage$filt$0 0000000180044750 f   MSVCRT:pesect.obj
