 AssemControl_sfun

 Timestamp is 54b7eb87 (Thu Jan 15 17:32:07 2015)

 Preferred load address is 0000000180000000

 Start         Length     Name                   Class
 0001:00000000 00037d14H .text                   CODE
 0001:00037d20 00000092H .text$x                 CODE
 0002:00000000 000004a0H .idata$5                DATA
 0002:000004a0 00000008H .CRT$XCA                DATA
 0002:000004a8 00000008H .CRT$XCZ                DATA
 0002:000004b0 00000008H .CRT$XIA                DATA
 0002:000004b8 00000008H .CRT$XIAA               DATA
 0002:000004c0 00000008H .CRT$XIZ                DATA
 0002:000004d0 00004b2cH .rdata                  DATA
 0002:00005000 00000008H .rtc$IAA                DATA
 0002:00005008 00000008H .rtc$IZZ                DATA
 0002:00005010 00000008H .rtc$TAA                DATA
 0002:00005018 00000008H .rtc$TZZ                DATA
 0002:00005020 000041e4H .xdata                  DATA
 0002:00009204 000000a0H .idata$2                DATA
 0002:000092a4 00000014H .idata$3                DATA
 0002:000092b8 000004a0H .idata$4                DATA
 0002:00009758 00000ad8H .idata$6                DATA
 0002:0000a230 00000057H .edata                  DATA
 0003:00000000 00001e68H .data                   DATA
 0003:00001e80 00002418H .bss                    DATA
 0004:00000000 00003168H .pdata                  DATA

  Address         Publics by Value              Rva+Base               Lib:Object

 0000:00000000       ___safe_se_handler_count   0000000000000000     <absolute>
 0000:00000000       ___safe_se_handler_table   0000000000000000     <absolute>
 0000:00000000       __ImageBase                0000000180000000     <linker-defined>
 0001:00000000       sf_c2_AssemControl_get_eml_resolved_functions_info 0000000180001000 f   c2_AssemControl.obj
 0001:000009a0       sf_c2_AssemControl_get_check_sum 00000001800019a0 f   c2_AssemControl.obj
 0001:00000a20       sf_c2_AssemControl_get_autoinheritance_info 0000000180001a20 f   c2_AssemControl.obj
 0001:00001220       sf_c2_AssemControl_third_party_uses_info 0000000180002220 f   c2_AssemControl.obj
 0001:00001250       sf_internal_get_sim_state_c2_AssemControl 0000000180002250 f   c2_AssemControl.obj
 0001:00001800       sf_internal_set_sim_state_c2_AssemControl 0000000180002800 f   c2_AssemControl.obj
 0001:00001f70       c2_AssemControl_method_dispatcher 0000000180002f70 f   c2_AssemControl.obj
 0001:00005b90       sf_process_check_sum_call  0000000180006b90 f   AssemControl_sfun_registry.obj
 0001:00005be0       sf_process_autoinheritance_call 0000000180006be0 f   AssemControl_sfun_registry.obj
 0001:00005d80       sf_process_get_third_party_uses_info_call 0000000180006d80 f   AssemControl_sfun_registry.obj
 0001:00005f20       sf_process_get_eml_resolved_functions_info_call 0000000180006f20 f   AssemControl_sfun_registry.obj
 0001:000060a0       sf_mex_unlock_call         00000001800070a0 f   AssemControl_sfun_registry.obj
 0001:00006150       sf_machine_global_initializer_called 0000000180007150 f   AssemControl_sfun_registry.obj
 0001:00006180       sf_machine_global_method_dispatcher 0000000180007180 f   AssemControl_sfun_registry.obj
 0001:000061e0       sf_machine_global_terminator 00000001800071e0 f   AssemControl_sfun_registry.obj
 0001:00006230       sf_register_machine_exported_symbols 0000000180007230 f   AssemControl_sfun_registry.obj
 0001:00006250       callCustomFcn              0000000180007250 f   AssemControl_sfun_registry.obj
 0001:00006260       sf_machine_global_initializer 0000000180007260 f   AssemControl_sfun_registry.obj
 0001:000062e0       _ssSetStateAbsTol          00000001800072e0 f   AssemControl_sfun_registry.obj
 0001:000063c0       _ssGetAbsTol               00000001800073c0 f   AssemControl_sfun_registry.obj
 0001:00006430       _ssSetInputPortMatrixDimensions 0000000180007430 f   AssemControl_sfun_registry.obj
 0001:00006540       _ssSetOutputPortMatrixDimensions 0000000180007540 f   AssemControl_sfun_registry.obj
 0001:00006650       _ssSetInputPortVectorDimension 0000000180007650 f   AssemControl_sfun_registry.obj
 0001:00006720       _ssSetOutputPortVectorDimension 0000000180007720 f   AssemControl_sfun_registry.obj
 0001:000067f0       ssIsRunTimeParamTunable    00000001800077f0 f   AssemControl_sfun_registry.obj
 0001:00006860       ssGetSFuncBlockHandle      0000000180007860 f   AssemControl_sfun_registry.obj
 0001:000068d0       _ssGetCurrentInputPortWidth 00000001800078d0 f   AssemControl_sfun_registry.obj
 0001:000069f0       _ssGetCurrentOutputPortWidth 00000001800079f0 f   AssemControl_sfun_registry.obj
 0001:00006b10       _ssGetCallSystemNumFcnCallDestinations 0000000180007b10 f   AssemControl_sfun_registry.obj
 0001:00006b80       ssWarning                  0000000180007b80 f   AssemControl_sfun_registry.obj
 0001:00006c90       ssGetIsZeroCrossControlDisabled 0000000180007c90 f   AssemControl_sfun_registry.obj
 0001:00006d00       ssSetIsInputPortUsedForContZcSignal 0000000180007d00 f   AssemControl_sfun_registry.obj
 0001:00006d70       ssSetZcSignalIsZcElementDisc 0000000180007d70 f   AssemControl_sfun_registry.obj
 0001:00006e20       ssSetZcSignalName          0000000180007e20 f   AssemControl_sfun_registry.obj
 0001:00006e90       ssSetZcSignalWidth         0000000180007e90 f   AssemControl_sfun_registry.obj
 0001:00006f00       ssSetZcSignalZcEventType   0000000180007f00 f   AssemControl_sfun_registry.obj
 0001:00006f70       ssSetZcSignalType          0000000180007f70 f   AssemControl_sfun_registry.obj
 0001:00006fe0       ssSetZcSignalZcTol         0000000180007fe0 f   AssemControl_sfun_registry.obj
 0001:00007050       ssSetZcSignalNeedsEventNotification 0000000180008050 f   AssemControl_sfun_registry.obj
 0001:000070c0       ssCreateAndAddZcSignalInfo 00000001800080c0 f   AssemControl_sfun_registry.obj
 0001:00007130       ssCloneAndAddZcSignalInfo  0000000180008130 f   AssemControl_sfun_registry.obj
 0001:000071a0       ssGetNumZcSignals          00000001800081a0 f   AssemControl_sfun_registry.obj
 0001:00007210       ssGetZcSignalVector        0000000180008210 f   AssemControl_sfun_registry.obj
 0001:00007280       ssGetZcSignalZcEvents      0000000180008280 f   AssemControl_sfun_registry.obj
 0001:000072f0       ssGetZcSignalName          00000001800082f0 f   AssemControl_sfun_registry.obj
 0001:00007360       ssGetZcSignalWidth         0000000180008360 f   AssemControl_sfun_registry.obj
 0001:000073d0       ssGetZcSignalZcEventType   00000001800083d0 f   AssemControl_sfun_registry.obj
 0001:00007440       ssGetZcSignalType          0000000180008440 f   AssemControl_sfun_registry.obj
 0001:000074b0       ssGetZcSignalZcTol         00000001800084b0 f   AssemControl_sfun_registry.obj
 0001:00007530       ssGetZcSignalNeedsEventNotification 0000000180008530 f   AssemControl_sfun_registry.obj
 0001:000075a0       ssGetZcSignalIsZcElementDisc 00000001800085a0 f   AssemControl_sfun_registry.obj
 0001:00007640       ssGetIsInputPortElementContinuous 0000000180008640 f   AssemControl_sfun_registry.obj
 0001:000076e0       _ssGetInputPortSignalPtrsFcn 00000001800086e0 f   AssemControl_sfun_registry.obj
 0001:000079a0       _ssGetInputPortSignalFcn   00000001800089a0 f   AssemControl_sfun_registry.obj
 0001:00007bc0       _ssSetInputPortDirectFeedThroughFcn 0000000180008bc0 f   AssemControl_sfun_registry.obj
 0001:00007d20       _ssSetInputPortReusableFcn 0000000180008d20 f   AssemControl_sfun_registry.obj
 0001:00007e10       _ssSetOutputPortReusableFcn 0000000180008e10 f   AssemControl_sfun_registry.obj
 0001:00007ef0       ssGetDTypeIdFromMxArray    0000000180008ef0 f   AssemControl_sfun_registry.obj
 0001:00008010       ssWriteRTWStr              0000000180009010 f   AssemControl_sfun_registry.obj
 0001:00008070       ssWriteRTWMxVectParam      0000000180009070 f   AssemControl_sfun_registry.obj
 0001:000080d0       ssWriteRTWMx2dMatParam     00000001800090d0 f   AssemControl_sfun_registry.obj
 0001:00008150       ssWriteRTWNameValuePair    0000000180009150 f   AssemControl_sfun_registry.obj
 0001:00008640       ssWriteRTWParameters       0000000180009640 f   AssemControl_sfun_registry.obj
 0001:00008c40       ssWriteRTWParamSettings    0000000180009c40 f   AssemControl_sfun_registry.obj
 0001:00009310       ssWriteRTWWorkVect         000000018000a310 f   AssemControl_sfun_registry.obj
 0001:00009810       mexFunction                000000018000a810 f   AssemControl_sfun_registry.obj
 0001:0000b540       ProcessMexSfunctionEveryCall 000000018000c540 f   AssemControl_sfun_registry.obj
 0001:0000b6b0       AssemControl_initializer   000000018000c6b0 f   AssemControl_sfun.obj
 0001:0000b6c0       AssemControl_terminator    000000018000c6c0 f   AssemControl_sfun.obj
 0001:0000b6d0       sf_AssemControl_method_dispatcher 000000018000c6d0 f   AssemControl_sfun.obj
 0001:0000b720       sf_AssemControl_process_check_sum_call 000000018000c720 f   AssemControl_sfun.obj
 0001:0000bb30       sf_AssemControl_autoinheritance_info 000000018000cb30 f   AssemControl_sfun.obj
 0001:0000bca0       sf_AssemControl_get_eml_resolved_functions_info 000000018000cca0 f   AssemControl_sfun.obj
 0001:0000bdd0       sf_AssemControl_third_party_uses_info 000000018000cdd0 f   AssemControl_sfun.obj
 0001:0000bf20       AssemControl_debug_initialize 000000018000cf20 f   AssemControl_sfun.obj
 0001:0000bfa0       AssemControl_register_exported_symbols 000000018000cfa0 f   AssemControl_sfun.obj
 0001:0000bfb0       load_AssemControl_optimization_info 000000018000cfb0 f   AssemControl_sfun.obj
 0001:0000c000       unload_AssemControl_optimization_info 000000018000d000 f   AssemControl_sfun.obj
 0001:0000c120       sf_mex_mx_is_numeric       000000018000d120 f   sfc_mex:sfc_mex.obj
 0001:0000c160       strcmp_ignore_ws           000000018000d160 f   sfc_mex:sfc_mex.obj
 0001:0000c2a0       sf_mex_duplicatearraysafe  000000018000d2a0 f   sfc_mex:sfc_mex.obj
 0001:0000c400       sf_set_error_debugger_context_message_fcn 000000018000d400 f   sfc_mex:sfc_mex.obj
 0001:0000c410       sf_set_debugger_matlab_error_fcn 000000018000d410 f   sfc_mex:sfc_mex.obj
 0001:0000c450       sf_set_error_prefix_string 000000018000d450 f   sfc_mex:sfc_mex.obj
 0001:0000c480       sf_get_error_prefix_string 000000018000d480 f   sfc_mex:sfc_mex.obj
 0001:0000c490       sf_mex_enter_parallel_region 000000018000d490 f   sfc_mex:sfc_mex.obj
 0001:0000c4a0       sf_mex_exit_parallel_region 000000018000d4a0 f   sfc_mex:sfc_mex.obj
 0001:0000c4b0       sf_get_current_jmp_buf_ptr 000000018000d4b0 f   sfc_mex:sfc_mex.obj
 0001:0000c4c0       sf_set_current_jmp_buf_ptr 000000018000d4c0 f   sfc_mex:sfc_mex.obj
 0001:0000c4d0       sf_mex_set_halt_simulation 000000018000d4d0 f   sfc_mex:sfc_mex.obj
 0001:0000c4e0       sf_mex_get_halt_simulation 000000018000d4e0 f   sfc_mex:sfc_mex.obj
 0001:0000c4f0       sf_mex_clear_error_message 000000018000d4f0 f   sfc_mex:sfc_mex.obj
 0001:0000c510       sf_mex_get_error_message_for_read 000000018000d510 f   sfc_mex:sfc_mex.obj
 0001:0000c520       sf_mex_get_error_message_buffer_length 000000018000d520 f   sfc_mex:sfc_mex.obj
 0001:0000c600       sf_mex_warning_message     000000018000d600 f   sfc_mex:sfc_mex.obj
 0001:0000c670       sf_mex_v_errbuf_createf    000000018000d670 f   sfc_mex:sfc_mex.obj
 0001:0000c680       sf_mex_errbuf_createf      000000018000d680 f   sfc_mex:sfc_mex.obj
 0001:0000c6b0       sf_mex_v_errbuf_catf       000000018000d6b0 f   sfc_mex:sfc_mex.obj
 0001:0000c6f0       sf_mex_errbuf_catf         000000018000d6f0 f   sfc_mex:sfc_mex.obj
 0001:0000c740       sf_mex_errbuf_copy         000000018000d740 f   sfc_mex:sfc_mex.obj
 0001:0000c750       sf_mex_errbuf_clear        000000018000d750 f   sfc_mex:sfc_mex.obj
 0001:0000c760       sf_mex_errbuf_isempty      000000018000d760 f   sfc_mex:sfc_mex.obj
 0001:0000c860       sf_mex_set_error_status    000000018000d860 f   sfc_mex:sfc_mex.obj
 0001:0000c8b0       sf_mex_error_direct_call   000000018000d8b0 f   sfc_mex:sfc_mex.obj
 0001:0000c8d0       sf_mex_error_message_no_long_jump 000000018000d8d0 f   sfc_mex:sfc_mex.obj
 0001:0000c8f0       sf_mex_long_jump_on_error  000000018000d8f0 f   sfc_mex:sfc_mex.obj
 0001:0000c920       sf_mex_call_matlab         000000018000d920 f   sfc_mex:sfc_mex.obj
 0001:0000ca40       sf_mex_check_builtin       000000018000da40 f   sfc_mex:sfc_mex.obj
 0001:0000cae0       sf_mex_check_builtin_vs    000000018000dae0 f   sfc_mex:sfc_mex.obj
 0001:0000cba0       sf_mex_check_enum          000000018000dba0 f   sfc_mex:sfc_mex.obj
 0001:0000cc20       sf_mex_create_enum         000000018000dc20 f   sfc_mex:sfc_mex.obj
 0001:0000cc90       sf_mex_get_enum_element    000000018000dc90 f   sfc_mex:sfc_mex.obj
 0001:0000cca0       sf_mex_createcellarray     000000018000dca0 f   sfc_mex:sfc_mex.obj
 0001:0000ccb0       sf_mex_setcell             000000018000dcb0 f   sfc_mex:sfc_mex.obj
 0001:0000ccc0       sf_mex_getcell             000000018000dcc0 f   sfc_mex:sfc_mex.obj
 0001:0000ccd0       sf_mex_dup                 000000018000dcd0 f   sfc_mex:sfc_mex.obj
 0001:0000ccf0       sf_mex_assign              000000018000dcf0 f   sfc_mex:sfc_mex.obj
 0001:0000cd70       sf_mex_destroy             000000018000dd70 f   sfc_mex:sfc_mex.obj
 0001:0000cda0       mx_array_has_fi_type       000000018000dda0 f   sfc_mex:sfc_mex.obj
 0001:0000cdd0       sf_mex_convert_from_fi     000000018000ddd0 f   sfc_mex:sfc_mex.obj
 0001:0000cf00       sf_mex_convert_to_double   000000018000df00 f   sfc_mex:sfc_mex.obj
 0001:0000d020       sf_mex_import_fi_vs        000000018000e020 f   sfc_mex:sfc_mex.obj
 0001:0000d250       sf_matrix_matrix_index_ok  000000018000e250 f   sfc_mex:sfc_mex.obj
 0001:0000d2e0       sf_vector_vector_index_ok  000000018000e2e0 f   sfc_mex:sfc_mex.obj
 0001:0000d310       ssGetCurrentInputPortDimensions_wrapper 000000018000e310 f   sfc_mex:sfc_mex.obj
 0001:0000d330       ssGetCurrentOutputPortDimensions_wrapper 000000018000e330 f   sfc_mex:sfc_mex.obj
 0001:0000d350       sf_mex_emlrt_context_is_debug_mode 000000018000e350 f   sfc_mex:sfc_mex.obj
 0001:0000d360       sf_mex_emlrt_context_set_debug_mode 000000018000e360 f   sfc_mex:sfc_mex.obj
 0001:0000d370       sf_mex_emlrtNameCapturePostProcessR2012a 000000018000e370 f   sfc_mex:sfc_mex.obj
 0001:0000d3e0       sf_clear_error_manager_info 000000018000e3e0 f   sfc_mex:sfc_mex.obj
 0001:0000d440       sf_mex_stop_simulation_abruptly_wo_error 000000018000e440 f   sfc_mex:sfc_mex.obj
 0001:0000d480       sf_mex_error_message       000000018000e480 f   sfc_mex:sfc_mex.obj
 0001:0000d4f0       sf_react_to_error_in_matlab_call 000000018000e4f0 f   sfc_mex:sfc_mex.obj
 0001:0000d520       sf_mex_addfield            000000018000e520 f   sfc_mex:sfc_mex.obj
 0001:0000d5c0       sf_mex_getfield            000000018000e5c0 f   sfc_mex:sfc_mex.obj
 0001:0000d8c0       sf_mex_check_class         000000018000e8c0 f   sfc_mex:sfc_mex.obj
 0001:0000d960       sf_mex_is_real             000000018000e960 f   sfc_mex:sfc_mex.obj
 0001:0000ddd0       sf_mex_decode_encoded_mx_struct_array 000000018000edd0 f   sfc_mex:sfc_mex.obj
 0001:0000e0c0       sf_mex_lw_bounds_check     000000018000f0c0 f   sfc_mex:sfc_mex.obj
 0001:0000e0f0       sf_mex_lw_size_eq_check_1d 000000018000f0f0 f   sfc_mex:sfc_mex.obj
 0001:0000e110       sf_mex_lw_size_eq_check_nd 000000018000f110 f   sfc_mex:sfc_mex.obj
 0001:0000e2f0       sf_mex_lw_dim_size_eq_check 000000018000f2f0 f   sfc_mex:sfc_mex.obj
 0001:0000e320       sf_mex_lw_dim_size_geq_check 000000018000f320 f   sfc_mex:sfc_mex.obj
 0001:0000e350       sf_mex_lw_sub_assign_size_check_nd 000000018000f350 f   sfc_mex:sfc_mex.obj
 0001:0000e520       sf_mex_lw_runtime_error_msgid 000000018000f520 f   sfc_mex:sfc_mex.obj
 0001:0000e610       sf_mex_lw_matrix_matrix_index_check 000000018000f610 f   sfc_mex:sfc_mex.obj
 0001:0000e630       sf_mex_lw_vector_vector_index_check 000000018000f630 f   sfc_mex:sfc_mex.obj
 0001:0000e670       sf_mex_lw_for_loop_vector_check 000000018000f670 f   sfc_mex:sfc_mex.obj
 0001:0000e700       sf_mex_lw_non_negative_check 000000018000f700 f   sfc_mex:sfc_mex.obj
 0001:0000e740       sf_mex_overflow_error      000000018000f740 f   sfc_mex:sfc_mex.obj
 0001:0000e750       sf_mex_dividebyzero_error  000000018000f750 f   sfc_mex:sfc_mex.obj
 0001:0000e760       sf_mex_unsafe_enum_error   000000018000f760 f   sfc_mex:sfc_mex.obj
 0001:0000e770       sf_emlrtErrHandler         000000018000f770 f   sfc_mex:sfc_mex.obj
 0001:0000e850       sf_mex_size_one_check      000000018000f850 f   sfc_mex:sfc_mex.obj
 0001:0000e870       sf_mex_printf              000000018000f870 f   sfc_mex:sfc_mex.obj
 0001:0000ea40       sf_mex_check_size          000000018000fa40 f   sfc_mex:sfc_mex.obj
 0001:0000ece0       sf_mex_check_struct        000000018000fce0 f   sfc_mex:sfc_mex.obj
 0001:0000ef40       sf_mex_check_struct_vs     000000018000ff40 f   sfc_mex:sfc_mex.obj
 0001:0000efd0       sf_mex_check_fi            000000018000ffd0 f   sfc_mex:sfc_mex.obj
 0001:0000f0d0       sf_mex_check_fi_vs         00000001800100d0 f   sfc_mex:sfc_mex.obj
 0001:0000f170       sf_echo_expression         0000000180010170 f   sfc_mex:sfc_mex.obj
 0001:0000f1d0       sf_assertion_failed        00000001800101d0 f   sfc_mex:sfc_mex.obj
 0001:0000f4b0       sf_mex_evalin              00000001800104b0 f   sfc_mex:sfc_mex.obj
 0001:0000f720       sf_mex_export              0000000180010720 f   sfc_mex:sfc_mex.obj
 0001:0000f7e0       sf_mex_get_ml_var_no_error 00000001800107e0 f   sfc_mex:sfc_mex.obj
 0001:0000f980       sf_mex_get_ml_var          0000000180010980 f   sfc_mex:sfc_mex.obj
 0001:0000fe10       ml_set_element_value_in_array 0000000180010e10 f   sfc_mex:sfc_mex.obj
 0001:00010ed0       sf_mex_call_impl           0000000180011ed0 f   sfc_mex:sfc_mex.obj
 0001:000112f0       sf_mex_call_debug          00000001800122f0 f   sfc_mex:sfc_mex.obj
 0001:00011320       sf_mex_call                0000000180012320 f   sfc_mex:sfc_mex.obj
 0001:00011970       sf_mex_createstruct        0000000180012970 f   sfc_mex:sfc_mex.obj
 0001:00011a80       sf_mex_createstructarray   0000000180012a80 f   sfc_mex:sfc_mex.obj
 0001:00011b00       sf_mex_get_mx_datatype_from_sf_datatype 0000000180012b00 f   sfc_mex:sfc_mex.obj
 0001:00011e10       sf_mex_ml_var_sub          0000000180012e10 f   sfc_mex:sfc_mex.obj
 0001:00011ff0       sf_mex_ml_var_subsasgn     0000000180012ff0 f   sfc_mex:sfc_mex.obj
 0001:000123f0       sf_mex_sub                 00000001800133f0 f   sfc_mex:sfc_mex.obj
 0001:00012600       sf_mex_subsasgn            0000000180013600 f   sfc_mex:sfc_mex.obj
 0001:00012b10       sf_mex_create              0000000180013b10 f   sfc_mex:sfc_mex.obj
 0001:000134b0       sf_mex_import_named        00000001800144b0 f   sfc_mex:sfc_mex.obj
 0001:00013510       sf_mex_import              0000000180014510 f   sfc_mex:sfc_mex.obj
 0001:00013560       sf_mex_import_vs           0000000180014560 f   sfc_mex:sfc_mex.obj
 0001:00013670       sf_mex_lower_fixpt_mx_array 0000000180014670 f   sfc_mex:sfc_mex.obj
 0001:00013970       sf_send_message_wrapper    0000000180014970 f   sfc_mex:sfc_sf.obj
 0001:000139a0       sf_receive_message_wrapper 00000001800149a0 f   sfc_mex:sfc_sf.obj
 0001:000139e0       sf_check_out_message_wrapper 00000001800149e0 f   sfc_mex:sfc_sf.obj
 0001:00013a20       sf_check_in_message_wrapper 0000000180014a20 f   sfc_mex:sfc_sf.obj
 0001:00013a60       sf_no_message_wrapper      0000000180014a60 f   sfc_mex:sfc_sf.obj
 0001:00013df0       sim_mode_is_rtw_gen        0000000180014df0 f   sfc_mex:sfc_sf.obj
 0001:00013e20       sim_mode_is_external       0000000180014e20 f   sfc_mex:sfc_sf.obj
 0001:00013e30       sim_mode_is_modelref_sim   0000000180014e30 f   sfc_mex:sfc_sf.obj
 0001:00013e50       mdlInitializeSizes         0000000180014e50 f   sfc_mex:sfc_sf.obj
 0001:00013e70       mdlInitializeSampleTimes   0000000180014e70 f   sfc_mex:sfc_sf.obj
 0001:00013eb0       mdlZeroCrossings           0000000180014eb0 f   sfc_mex:sfc_sf.obj
 0001:00013fa0       mdlDerivatives             0000000180014fa0 f   sfc_mex:sfc_sf.obj
 0001:00014060       mdl_initialize_conditions_processing 0000000180015060 f   sfc_mex:sfc_sf.obj
 0001:00014090       mdlInitializeConditions    0000000180015090 f   sfc_mex:sfc_sf.obj
 0001:00014150       mdlGetSimState             0000000180015150 f   sfc_mex:sfc_sf.obj
 0001:00014160       mdlSetSimState             0000000180015160 f   sfc_mex:sfc_sf.obj
 0001:00014170       mdl_ext_mode_exec_processing 0000000180015170 f   sfc_mex:sfc_sf.obj
 0001:00014190       mdlExtModeExec             0000000180015190 f   sfc_mex:sfc_sf.obj
 0001:00014330       mdlTerminate               0000000180015330 f   sfc_mex:sfc_sf.obj
 0001:000143a0       mdlRTW                     00000001800153a0 f   sfc_mex:sfc_sf.obj
 0001:000143d0       mdlSetWorkWidths           00000001800153d0 f   sfc_mex:sfc_sf.obj
 0001:000143e0       mdlProcessParameters       00000001800153e0 f   sfc_mex:sfc_sf.obj
 0001:000143f0       mdl_start_processing       00000001800153f0 f   sfc_mex:sfc_sf.obj
 0001:00014450       mdlStart                   0000000180015450 f   sfc_mex:sfc_sf.obj
 0001:00014560       mdlEnable                  0000000180015560 f   sfc_mex:sfc_sf.obj
 0001:00014640       mdlDisable                 0000000180015640 f   sfc_mex:sfc_sf.obj
 0001:00014700       sf_get_chart_instance_ptr  0000000180015700 f   sfc_mex:sfc_sf.obj
 0001:00014720       sf_load_rtw_optimization_info 0000000180015720 f   sfc_mex:sfc_sf.obj
 0001:000147f0       sf_update_buildInfo        00000001800157f0 f   sfc_mex:sfc_sf.obj
 0001:000148f0       sf_rtw_info_uint_prop      00000001800158f0 f   sfc_mex:sfc_sf.obj
 0001:00014a30       sf_is_chart_inlinable      0000000180015a30 f   sfc_mex:sfc_sf.obj
 0001:00014a50       sf_mark_output_events_with_multiple_callers 0000000180015a50 f   sfc_mex:sfc_sf.obj
 0001:00014be0       sf_mark_chart_reusable_outputs 0000000180015be0 f   sfc_mex:sfc_sf.obj
 0001:00014e40       sf_mark_chart_expressionable_inputs 0000000180015e40 f   sfc_mex:sfc_sf.obj
 0001:000150a0       sf_get_subchart_simstruct  00000001800160a0 f   sfc_mex:sfc_sf.obj
 0001:000150f0       sf_get_fixpt_data_type_id  00000001800160f0 f   sfc_mex:sfc_sf.obj
 0001:00015130       sf_get_enum_data_type_id   0000000180016130 f   sfc_mex:sfc_sf.obj
 0001:00015170       sf_get_param_data_type_id  0000000180016170 f   sfc_mex:sfc_sf.obj
 0001:000151a0       sf_mex_listen_for_ctrl_c_force 00000001800161a0 f   sfc_mex:sfc_sf.obj
 0001:000152b0       sf_mex_draw_now            00000001800162b0 f   sfc_mex:sfc_sf.obj
 0001:000152f0       sf_mex_set_debugger_sim_status_listener_fcn 00000001800162f0 f   sfc_mex:sfc_sf.obj
 0001:00015300       sf_mex_listen_for_ctrl_c   0000000180016300 f   sfc_mex:sfc_sf.obj
 0001:000153a0       sf_mex_get_sfun_param      00000001800163a0 f   sfc_mex:sfc_sf.obj
 0001:000153f0       sf_get_runtime_param_data  00000001800163f0 f   sfc_mex:sfc_sf.obj
 0001:00015430       sf_call_output_fcn_call    0000000180016430 f   sfc_mex:sfc_sf.obj
 0001:00015570       sf_call_output_fcn_enable  0000000180016570 f   sfc_mex:sfc_sf.obj
 0001:00015600       sf_call_output_fcn_disable 0000000180016600 f   sfc_mex:sfc_sf.obj
 0001:00015690       sf_clear_rtw_identifier    0000000180016690 f   sfc_mex:sfc_sf.obj
 0001:00015eb0       sf_set_encoded_dwork_info  0000000180016eb0 f   sfc_mex:sfc_sf.obj
 0001:00015f00       sf_get_dwork_info_from_mat_file 0000000180016f00 f   sfc_mex:sfc_sf.obj
 0001:000160c0       sf_set_rtw_dwork_info      00000001800170c0 f   sfc_mex:sfc_sf.obj
 0001:00016230       mdlOutputs                 0000000180017230 f   sfc_mex:sfc_sf.obj
 0001:00016350       sf_debug_chart_instance_initialized_quick 0000000180017350 f   sfc_debug:sfcdebug.obj
 0001:000163d0       sf_debug_disp              00000001800173d0 f   sfc_debug:sfcdebug.obj
 0001:000166a0       sf_debug_data_runtime_size_mismatch_error_check 00000001800176a0 f   sfc_debug:sfcdebug.obj
 0001:00016750       sf_debug_try_loading_machine 0000000180017750 f   sfc_debug:sfcdebug.obj
 0001:00016850       sf_debug_reset_current_state_configuration 0000000180017850 f   sfc_debug:sfcdebug.obj
 0001:000168d0       sf_debug_store_current_state_configuration 00000001800178d0 f   sfc_debug:sfcdebug.obj
 0001:00016950       sf_debug_restore_previous_state_configuration 0000000180017950 f   sfc_debug:sfcdebug.obj
 0001:000169d0       sf_debug_restore_previous_state_configuration2 00000001800179d0 f   sfc_debug:sfcdebug.obj
 0001:00016a50       sf_debug_get_event_scope   0000000180017a50 f   sfc_debug:sfcdebug.obj
 0001:00016bc0       use_debugger_step_animation 0000000180017bc0 f   sfc_debug:sfcdebug.obj
 0001:00016be0       sf_debug_get_script_id     0000000180017be0 f   sfc_debug:sfcdebug.obj
 0001:00016c70       sf_debug_set_script_translation 0000000180017c70 f   sfc_debug:sfcdebug.obj
 0001:00016df0       sf_debug_extract_message_post_receive_info 0000000180017df0 f   sfc_debug:sfcdebug.obj
 0001:00016fb0       sf_debug_get_current_machine_id 0000000180017fb0 f   sfc_debug:sfcdebug.obj
 0001:00016fd0       sf_debug_get_current_optional_integer 0000000180017fd0 f   sfc_debug:sfcdebug.obj
 0001:00016fe0       sf_debug_get_current_machine_number 0000000180017fe0 f   sfc_debug:sfcdebug.obj
 0001:00017000       sf_debug_get_current_machine_name 0000000180018000 f   sfc_debug:sfcdebug.obj
 0001:00017020       sf_debug_get_current_chart_id 0000000180018020 f   sfc_debug:sfcdebug.obj
 0001:00017060       sf_debug_get_current_chart_number 0000000180018060 f   sfc_debug:sfcdebug.obj
 0001:00017070       sf_debug_get_current_instance_number 0000000180018070 f   sfc_debug:sfcdebug.obj
 0001:00017080       sf_debug_get_current_is_minor_time_step 0000000180018080 f   sfc_debug:sfcdebug.obj
 0001:00017100       sf_debug_get_current_object_type 0000000180018100 f   sfc_debug:sfcdebug.obj
 0001:00017110       sf_debug_get_current_instance_handle 0000000180018110 f   sfc_debug:sfcdebug.obj
 0001:00017170       sf_debug_get_current_event_type 0000000180018170 f   sfc_debug:sfcdebug.obj
 0001:00017180       sf_debug_get_current_object_id 0000000180018180 f   sfc_debug:sfcdebug.obj
 0001:000171c0       sf_debug_get_current_active_event_type 00000001800181c0 f   sfc_debug:sfcdebug.obj
 0001:000171d0       sf_debug_get_current_active_event_id 00000001800181d0 f   sfc_debug:sfcdebug.obj
 0001:00017210       sf_debug_get_current_tag_type 0000000180018210 f   sfc_debug:sfcdebug.obj
 0001:00017220       sf_debug_get_current_simulation_time 0000000180018220 f   sfc_debug:sfcdebug.obj
 0001:00017230       sf_debug_get_current_coverage_percentage 0000000180018230 f   sfc_debug:sfcdebug.obj
 0001:00017240       sf_debug_current_statement_context 0000000180018240 f   sfc_debug:sfcdebug.obj
 0001:000172c0       sf_debug_get_current_statement_info 00000001800182c0 f   sfc_debug:sfcdebug.obj
 0001:00017460       sf_debug_terminate_instance 0000000180018460 f   sfc_debug:sfcdebug.obj
 0001:00017780       sf_debug_assertion_failed  0000000180018780 f   sfc_debug:sfcdebug.obj
 0001:00017950       sf_debug_create_debug_instance_struct 0000000180018950 f   sfc_debug:sfcdebug.obj
 0001:000179a0       sf_debug_set_number_of_data_with_change_event_for_machine 00000001800189a0 f   sfc_debug:sfcdebug.obj
 0001:000179f0       sf_debug_set_machine_event_thresholds 00000001800189f0 f   sfc_debug:sfcdebug.obj
 0001:00017a10       sf_debug_set_machine_event_scope 0000000180018a10 f   sfc_debug:sfcdebug.obj
 0001:00017a60       sf_debug_set_machine_data_thresholds 0000000180018a60 f   sfc_debug:sfcdebug.obj
 0001:00017ab0       sf_debug_set_machine_data_scope 0000000180018ab0 f   sfc_debug:sfcdebug.obj
 0001:00017b50       sf_debug_set_machine_data_name 0000000180018b50 f   sfc_debug:sfcdebug.obj
 0001:00017c00       sf_debug_set_machine_data_size 0000000180018c00 f   sfc_debug:sfcdebug.obj
 0001:00017d50       sf_debug_set_machine_data_type 0000000180018d50 f   sfc_debug:sfcdebug.obj
 0001:00017ec0       sf_debug_get_chart_data_number 0000000180018ec0 f   sfc_debug:sfcdebug.obj
 0001:00017ee0       sf_debug_get_chart_event_number 0000000180018ee0 f   sfc_debug:sfcdebug.obj
 0001:00017f00       sf_debug_set_chart_state_info 0000000180018f00 f   sfc_debug:sfcdebug.obj
 0001:00017f90       sf_debug_set_chart_decomposition 0000000180018f90 f   sfc_debug:sfcdebug.obj
 0001:00018000       sf_debug_set_chart_substate_count 0000000180019000 f   sfc_debug:sfcdebug.obj
 0001:000180e0       sf_debug_set_chart_substate_index 00000001800190e0 f   sfc_debug:sfcdebug.obj
 0001:00018160       sf_debug_set_chart_state_substate_count 0000000180019160 f   sfc_debug:sfcdebug.obj
 0001:00018280       sf_debug_set_chart_state_substate_index 0000000180019280 f   sfc_debug:sfcdebug.obj
 0001:00018310       sf_debug_set_number_of_data_with_change_event_for_chart 0000000180019310 f   sfc_debug:sfcdebug.obj
 0001:000183a0       sf_debug_set_number_of_states_with_entry_event_for_chart 00000001800193a0 f   sfc_debug:sfcdebug.obj
 0001:00018420       sf_debug_set_number_of_states_with_exit_event_for_chart 0000000180019420 f   sfc_debug:sfcdebug.obj
 0001:000184a0       sf_debug_set_chart_disable_implicit_casting 00000001800194a0 f   sfc_debug:sfcdebug.obj
 0001:00018510       sf_debug_set_chart_event_thresholds 0000000180019510 f   sfc_debug:sfcdebug.obj
 0001:00018590       sf_debug_set_chart_data_compiled_props 0000000180019590 f   sfc_debug:sfcdebug.obj
 0001:000188d0       sf_debug_set_chart_data_props 00000001800198d0 f   sfc_debug:sfcdebug.obj
 0001:00018bf0       sf_debug_check_fi_license  0000000180019bf0 f   sfc_debug:sfcdebug.obj
 0001:00018db0       sf_debug_symbol_scope_push 0000000180019db0 f   sfc_debug:sfcdebug.obj
 0001:00018df0       sf_debug_symbol_scope_push_eml 0000000180019df0 f   sfc_debug:sfcdebug.obj
 0001:00018e40       sf_debug_symbol_scope_pop  0000000180019e40 f   sfc_debug:sfcdebug.obj
 0001:00018e80       sf_debug_symbol_scope_add_importable 0000000180019e80 f   sfc_debug:sfcdebug.obj
 0001:00018f00       sf_debug_symbol_scope_add  0000000180019f00 f   sfc_debug:sfcdebug.obj
 0001:00018f80       sf_debug_symbol_scope_add_dyn_importable 0000000180019f80 f   sfc_debug:sfcdebug.obj
 0001:00019040       sf_debug_symbol_scope_add_dyn 000000018001a040 f   sfc_debug:sfcdebug.obj
 0001:00019080       sf_debug_symbol_scope_add_eml_importable 000000018001a080 f   sfc_debug:sfcdebug.obj
 0001:000190c0       sf_debug_symbol_scope_add_eml 000000018001a0c0 f   sfc_debug:sfcdebug.obj
 0001:00019100       sf_debug_symbol_scope_add_eml_dyn_importable 000000018001a100 f   sfc_debug:sfcdebug.obj
 0001:00019160       sf_debug_symbol_scope_add_eml_dyn 000000018001a160 f   sfc_debug:sfcdebug.obj
 0001:000191c0       sf_debug_symbol_switch     000000018001a1c0 f   sfc_debug:sfcdebug.obj
 0001:000191e0       sf_debug_symbol_scope_add_verbose 000000018001a1e0 f   sfc_debug:sfcdebug.obj
 0001:000192b0       sf_debug_set_machine_data_value_ptr 000000018001a2b0 f   sfc_debug:sfcdebug.obj
 0001:000192f0       sf_debug_set_instance_data_value_ptr 000000018001a2f0 f   sfc_debug:sfcdebug.obj
 0001:000193c0       sf_debug_unset_instance_data_value_ptr 000000018001a3c0 f   sfc_debug:sfcdebug.obj
 0001:00019470       sf_debug_set_chart_event_scope 000000018001a470 f   sfc_debug:sfcdebug.obj
 0001:000194f0       sf_debug_set_chart_transition_coverage_maps 000000018001a4f0 f   sfc_debug:sfcdebug.obj
 0001:000195f0       sf_debug_set_chart_state_coverage_maps 000000018001a5f0 f   sfc_debug:sfcdebug.obj
 0001:000196c0       sf_debug_set_instance_transition_coverage_weights 000000018001a6c0 f   sfc_debug:sfcdebug.obj
 0001:00019750       sf_debug_set_instance_state_coverage_weights 000000018001a750 f   sfc_debug:sfcdebug.obj
 0001:000199a0       sf_debug_unload_machine    000000018001a9a0 f   sfc_debug:sfcdebug.obj
 0001:000199f0       sf_debug_load_machine      000000018001a9f0 f   sfc_debug:sfcdebug.obj
 0001:00019b00       sf_debug_set_active_instance_in_data_dictionary 000000018001ab00 f   sfc_debug:sfcdebug.obj
 0001:00019ce0       sf_debug_set_active_instance 000000018001ace0 f   sfc_debug:sfcdebug.obj
 0001:00019e40       sf_debug_chart_visiblity_change 000000018001ae40 f   sfc_debug:sfcdebug.obj
 0001:00019f30       sf_debug_select_chart      000000018001af30 f   sfc_debug:sfcdebug.obj
 0001:0001a090       sf_debug_set_instance_cv_ids 000000018001b090 f   sfc_debug:sfcdebug.obj
 0001:0001a3c0       sf_debug_select_charts     000000018001b3c0 f   sfc_debug:sfcdebug.obj
 0001:0001a570       sf_debug_initialized       000000018001b570 f   sfc_debug:sfcdebug.obj
 0001:0001a590       sf_debug_is_uninterruptible 000000018001b590 f   sfc_debug:sfcdebug.obj
 0001:0001a5c0       sf_debug_initialize_debugger_gui 000000018001b5c0 f   sfc_debug:sfcdebug.obj
 0001:0001a9a0       sf_debug_resume            000000018001b9a0 f   sfc_debug:sfcdebug.obj
 0001:0001a9c0       sf_debug_go                000000018001b9c0 f   sfc_debug:sfcdebug.obj
 0001:0001a9d0       sf_debug_break             000000018001b9d0 f   sfc_debug:sfcdebug.obj
 0001:0001a9e0       sf_debug_step_over         000000018001b9e0 f   sfc_debug:sfcdebug.obj
 0001:0001a9f0       sf_debug_step_out          000000018001b9f0 f   sfc_debug:sfcdebug.obj
 0001:0001aa00       sf_debug_set_disable_all_breakpoints 000000018001ba00 f   sfc_debug:sfcdebug.obj
 0001:0001aa10       sf_debug_disable_all_breakpoints_and_go 000000018001ba10 f   sfc_debug:sfcdebug.obj
 0001:0001aa20       sf_debug_break_on_chart_entry 000000018001ba20 f   sfc_debug:sfcdebug.obj
 0001:0001aa30       sf_debug_break_on_event_broadcast 000000018001ba30 f   sfc_debug:sfcdebug.obj
 0001:0001aa40       sf_debug_break_on_state_entry 000000018001ba40 f   sfc_debug:sfcdebug.obj
 0001:0001aa50       sf_debug_break_between_times 000000018001ba50 f   sfc_debug:sfcdebug.obj
 0001:0001aa70       sf_debug_browse_data       000000018001ba70 f   sfc_debug:sfcdebug.obj
 0001:0001aa80       sf_debug_watch_data        000000018001ba80 f   sfc_debug:sfcdebug.obj
 0001:0001aab0       sf_debug_assign_data       000000018001bab0 f   sfc_debug:sfcdebug.obj
 0001:0001aac0       sf_debug_whos              000000018001bac0 f   sfc_debug:sfcdebug.obj
 0001:0001aae0       sf_debug_get_consistency_info 000000018001bae0 f   sfc_debug:sfcdebug.obj
 0001:0001aaf0       sf_debug_browse_trace      000000018001baf0 f   sfc_debug:sfcdebug.obj
 0001:0001ab00       sf_debug_set_breakpoints   000000018001bb00 f   sfc_debug:sfcdebug.obj
 0001:0001ac70       sf_debug_set_eml_breakpoints 000000018001bc70 f   sfc_debug:sfcdebug.obj
 0001:0001add0       sf_debug_set_script_breakpoints 000000018001bdd0 f   sfc_debug:sfcdebug.obj
 0001:0001ae50       sf_debug_add_script_breakpoints 000000018001be50 f   sfc_debug:sfcdebug.obj
 0001:0001aec0       sf_debug_clear_script_breakpoints 000000018001bec0 f   sfc_debug:sfcdebug.obj
 0001:0001af30       sf_debug_query_script_breakpoints 000000018001bf30 f   sfc_debug:sfcdebug.obj
 0001:0001afe0       sf_debug_get_eml_script_id 000000018001bfe0 f   sfc_debug:sfcdebug.obj
 0001:0001b030       sf_debug_set_watch         000000018001c030 f   sfc_debug:sfcdebug.obj
 0001:0001b250       sf_debug_get_instance_handle 000000018001c250 f   sfc_debug:sfcdebug.obj
 0001:0001b2e0       sf_debug_get_active_states 000000018001c2e0 f   sfc_debug:sfcdebug.obj
 0001:0001b2f0       sf_debug_set_honor_breakpoints 000000018001c2f0 f   sfc_debug:sfcdebug.obj
 0001:0001b300       sf_debug_get_animation     000000018001c300 f   sfc_debug:sfcdebug.obj
 0001:0001b310       sf_debug_set_animation     000000018001c310 f   sfc_debug:sfcdebug.obj
 0001:0001b320       sf_debug_animate           000000018001c320 f   sfc_debug:sfcdebug.obj
 0001:0001b340       sf_debug_cycle_detection_check 000000018001c340 f   sfc_debug:sfcdebug.obj
 0001:0001b350       sf_debug_data_range_check  000000018001c350 f   sfc_debug:sfcdebug.obj
 0001:0001b360       sf_debug_transition_conflict_check 000000018001c360 f   sfc_debug:sfcdebug.obj
 0001:0001b370       sf_debug_state_consistency_check 000000018001c370 f   sfc_debug:sfcdebug.obj
 0001:0001b380       sf_debug_data_range_check_enabled 000000018001c380 f   sfc_debug:sfcdebug.obj
 0001:0001b3a0       sf_debug_transition_conflict_check_enabled 000000018001c3a0 f   sfc_debug:sfcdebug.obj
 0001:0001b3c0       sf_debug_transition_conflict_check_begin 000000018001c3c0 f   sfc_debug:sfcdebug.obj
 0001:0001b3e0       sf_debug_transition_conflict_check_end 000000018001c3e0 f   sfc_debug:sfcdebug.obj
 0001:0001b400       sf_debug_stop_debugging    000000018001c400 f   sfc_debug:sfcdebug.obj
 0001:0001b430       sf_debug_is_cycle_detected 000000018001c430 f   sfc_debug:sfcdebug.obj
 0001:0001b440       sf_debug_is_array_bounds_detected 000000018001c440 f   sfc_debug:sfcdebug.obj
 0001:0001b450       sf_debug_get_state_vectors_data_size 000000018001c450 f   sfc_debug:sfcdebug.obj
 0001:0001b490       sf_debug_get_state_vectors_data 000000018001c490 f   sfc_debug:sfcdebug.obj
 0001:0001b5a0       sf_debug_set_state_vectors_data 000000018001c5a0 f   sfc_debug:sfcdebug.obj
 0001:0001b830       sf_debug_get_script_index  000000018001c830 f   sfc_debug:sfcdebug.obj
 0001:0001b9c0       sf_debug_add_script        000000018001c9c0 f   sfc_debug:sfcdebug.obj
 0001:0001bb50       cv_eval_point              000000018001cb50 f   sfc_debug:sfcdebug.obj
 0001:0001bcc0       cv_eval_testobjective      000000018001ccc0 f   sfc_debug:sfcdebug.obj
 0001:0001bdd0       sf_debug_cv_init_state     000000018001cdd0 f   sfc_debug:sfcdebug.obj
 0001:0001bf00       sf_debug_cv_init_chart     000000018001cf00 f   sfc_debug:sfcdebug.obj
 0001:0001bff0       sf_debug_cv_init_trans     000000018001cff0 f   sfc_debug:sfcdebug.obj
 0001:0001c100       sf_debug_cv_init_saturation 000000018001d100 f   sfc_debug:sfcdebug.obj
 0001:0001c200       sf_debug_cv_init_testobjectives 000000018001d200 f   sfc_debug:sfcdebug.obj
 0001:0001c3e0       cv_eml_init_script         000000018001d3e0 f   sfc_debug:sfcdebug.obj
 0001:0001c500       cv_eml_init_fcn            000000018001d500 f   sfc_debug:sfcdebug.obj
 0001:0001c610       cv_eml_init_testobjective  000000018001d610 f   sfc_debug:sfcdebug.obj
 0001:0001c6f0       cv_eml_init_saturation     000000018001d6f0 f   sfc_debug:sfcdebug.obj
 0001:0001c7c0       cv_eml_init_if             000000018001d7c0 f   sfc_debug:sfcdebug.obj
 0001:0001c8a0       cv_eml_init_for            000000018001d8a0 f   sfc_debug:sfcdebug.obj
 0001:0001c970       cv_eml_init_while          000000018001d970 f   sfc_debug:sfcdebug.obj
 0001:0001ca40       cv_eml_init_mcdc           000000018001da40 f   sfc_debug:sfcdebug.obj
 0001:0001cb60       cv_eml_init_switch         000000018001db60 f   sfc_debug:sfcdebug.obj
 0001:0001cc60       cv_eml_eval                000000018001dc60 f   sfc_debug:sfcdebug.obj
 0001:0001cd50       sf_debug_bm_is_a_eml_breakpoint 000000018001dd50 f   sfc_debug:sfcdebug.obj
 0001:0001cea0       sf_debug_temporal_threshold 000000018001dea0 f   sfc_debug:sfcdebug.obj
 0001:0001d210       sf_debug_transition_conflict_error 000000018001e210 f   sfc_debug:sfcdebug.obj
 0001:0001d570       sf_debug_state_inconsistency_error 000000018001e570 f   sfc_debug:sfcdebug.obj
 0001:0001d690       sf_debug_check_for_state_inconsistency 000000018001e690 f   sfc_debug:sfcdebug.obj
 0001:0001d6d0       sf_debug_cycle_detecton_error 000000018001e6d0 f   sfc_debug:sfcdebug.obj
 0001:0001de20       sf_debug_size_eq_check_1d  000000018001ee20 f   sfc_debug:sfcdebug.obj
 0001:0001de40       sf_debug_size_eq_check_nd  000000018001ee40 f   sfc_debug:sfcdebug.obj
 0001:0001e040       sf_debug_dim_size_eq_check 000000018001f040 f   sfc_debug:sfcdebug.obj
 0001:0001e070       sf_debug_dim_size_geq_check 000000018001f070 f   sfc_debug:sfcdebug.obj
 0001:0001e0a0       sf_debug_sub_assign_size_check_nd 000000018001f0a0 f   sfc_debug:sfcdebug.obj
 0001:0001e280       sf_debug_matrix_matrix_index_check 000000018001f280 f   sfc_debug:sfcdebug.obj
 0001:0001e2d0       sf_debug_vector_vector_index_check 000000018001f2d0 f   sfc_debug:sfcdebug.obj
 0001:0001e320       sf_debug_for_loop_vector_check 000000018001f320 f   sfc_debug:sfcdebug.obj
 0001:0001e3c0       sf_debug_runtime_error_msgid 000000018001f3c0 f   sfc_debug:sfcdebug.obj
 0001:0001e460       sf_debug_data_array_bounds_error_check 000000018001f460 f   sfc_debug:sfcdebug.obj
 0001:0001e570       sf_debug_eml_data_array_bounds_error_check 000000018001f570 f   sfc_debug:sfcdebug.obj
 0001:0001ea30       sf_debug_integer_check     000000018001fa30 f   sfc_debug:sfcdebug.obj
 0001:0001eb20       sf_debug_not_nan_check     000000018001fb20 f   sfc_debug:sfcdebug.obj
 0001:0001ebf0       sf_debug_non_negative_check 000000018001fbf0 f   sfc_debug:sfcdebug.obj
 0001:0001ecc0       sf_debug_overflow_detection 000000018001fcc0 f   sfc_debug:sfcdebug.obj
 0001:0001f320       sf_debug_cast_to_real32_T  0000000180020320 f   sfc_debug:sfcdebug.obj
 0001:0001f3f0       sf_debug_cast_to_int8_T    00000001800203f0 f   sfc_debug:sfcdebug.obj
 0001:0001f4c0       sf_debug_cast_to_uint8_T   00000001800204c0 f   sfc_debug:sfcdebug.obj
 0001:0001f590       sf_debug_cast_to_int16_T   0000000180020590 f   sfc_debug:sfcdebug.obj
 0001:0001f660       sf_debug_cast_to_uint16_T  0000000180020660 f   sfc_debug:sfcdebug.obj
 0001:0001f730       sf_debug_cast_to_int32_T   0000000180020730 f   sfc_debug:sfcdebug.obj
 0001:0001f800       sf_debug_cast_to_uint32_T  0000000180020800 f   sfc_debug:sfcdebug.obj
 0001:0001f8d0       sf_debug_data_range_error  00000001800208d0 f   sfc_debug:sfcdebug.obj
 0001:0001fbe0       sf_debug_read_before_write_check 0000000180020be0 f   sfc_debug:sfcdebug.obj
 0001:00020010       sf_debug_data_range_error_wrapper_min_max 0000000180021010 f   sfc_debug:sfcdebug.obj
 0001:00020130       sf_debug_data_range_error_wrapper_min 0000000180021130 f   sfc_debug:sfcdebug.obj
 0001:00020240       sf_debug_data_range_error_wrapper_max 0000000180021240 f   sfc_debug:sfcdebug.obj
 0001:00020350       sf_debug_data_range_wrapper 0000000180021350 f   sfc_debug:sfcdebug.obj
 0001:00020410       sf_debug_set_current_status_info 0000000180021410 f   sfc_debug:sfcdebug.obj
 0001:000207b0       sf_debug_register_message_post_receive_info 00000001800217b0 f   sfc_debug:sfcdebug.obj
 0001:00020a00       sf_debug_call              0000000180021a00 f   sfc_debug:sfcdebug.obj
 0001:00021360       sf_debug_initialize_machine 0000000180022360 f   sfc_debug:sfcdebug.obj
 0001:00021610       sf_debug_initialize_chart  0000000180022610 f   sfc_debug:sfcdebug.obj
 0001:00021a60       sf_debug_ensure_script     0000000180022a60 f   sfc_debug:sfcdebug.obj
 0001:00021b10       cv_eval_saturation         0000000180022b10 f   sfc_debug:sfcdebug.obj
 0001:00021c90       cv_saturation_accum        0000000180022c90 f   sfc_debug:sfcdebug.obj
 0001:00021dd0       cv_script_init_script      0000000180022dd0 f   sfc_debug:sfcdebug.obj
 0001:00021ec0       cv_script_init_fcn         0000000180022ec0 f   sfc_debug:sfcdebug.obj
 0001:00021f80       cv_script_init_testobjective 0000000180022f80 f   sfc_debug:sfcdebug.obj
 0001:00022040       cv_script_init_saturation  0000000180023040 f   sfc_debug:sfcdebug.obj
 0001:000220f0       cv_script_init_if          00000001800230f0 f   sfc_debug:sfcdebug.obj
 0001:000221b0       cv_script_init_for         00000001800231b0 f   sfc_debug:sfcdebug.obj
 0001:00022260       cv_script_init_while       0000000180023260 f   sfc_debug:sfcdebug.obj
 0001:00022310       cv_script_init_mcdc        0000000180023310 f   sfc_debug:sfcdebug.obj
 0001:00022410       cv_script_init_switch      0000000180023410 f   sfc_debug:sfcdebug.obj
 0001:000224f0       cv_script_eval             00000001800234f0 f   sfc_debug:sfcdebug.obj
 0001:000225c0       eml_debug_line_call        00000001800235c0 f   sfc_debug:sfcdebug.obj
 0001:00022790       sf_debug_terminate         0000000180023790 f   sfc_debug:sfcdebug.obj
 0001:000229a0       sf_debug_set_script_cv_ids 00000001800239a0 f   sfc_debug:sfcdebug.obj
 0001:00022ad0       sf_debug_api               0000000180023ad0 f   sfc_debug:sfc_api.obj
 0001:000243c0       sf_debug_sm_terminate      00000001800253c0 f   sfc_debug:sfdb_animation.obj
 0001:00024570       sf_debug_reset_path_objects 0000000180025570 f   sfc_debug:sfdb_animation.obj
 0001:000245f0       sf_debug_sm_reset_object_selection_status 00000001800255f0 f   sfc_debug:sfdb_animation.obj
 0001:00024690       sf_debug_sm_reset_state_buffer 0000000180025690 f   sfc_debug:sfdb_animation.obj
 0001:00024760       sf_debug_sm_store_state_buffer 0000000180025760 f   sfc_debug:sfdb_animation.obj
 0001:000247e0       sf_debug_sm_restore_state_buffer1 00000001800257e0 f   sfc_debug:sfdb_animation.obj
 0001:00024850       sf_debug_sm_restore_state_buffer2 0000000180025850 f   sfc_debug:sfdb_animation.obj
 0001:000248c0       sf_debug_sm_chart_active   00000001800258c0 f   sfc_debug:sfdb_animation.obj
 0001:00024910       sf_debug_sm_select_active_objects 0000000180025910 f   sfc_debug:sfdb_animation.obj
 0001:00024de0       sf_debug_sm_is_chart_active 0000000180025de0 f   sfc_debug:sfdb_animation.obj
 0001:00024e20       sf_debug_sm_is_state_active 0000000180025e20 f   sfc_debug:sfdb_animation.obj
 0001:00025060       sf_debug_sm_get_active_states 0000000180026060 f   sfc_debug:sfdb_animation.obj
 0001:00025610       sf_debug_sm_initialize_instance 0000000180026610 f   sfc_debug:sfdb_animation.obj
 0001:00025820       sf_debug_sm_change_object_selection_status 0000000180026820 f   sfc_debug:sfdb_animation.obj
 0001:00025af0       cv_create_interface        0000000180026af0 f   sfc_debug:cv_sfinterface.obj
 0001:00025e00       cv_init_trans              0000000180026e00 f   sfc_debug:cv_sfinterface.obj
 0001:00025e50       cv_init_saturation         0000000180026e50 f   sfc_debug:cv_sfinterface.obj
 0001:00025e90       cv_init_testobjective      0000000180026e90 f   sfc_debug:cv_sfinterface.obj
 0001:00025ed0       cv_init_state              0000000180026ed0 f   sfc_debug:cv_sfinterface.obj
 0001:00025f40       cv_init_chart              0000000180026f40 f   sfc_debug:cv_sfinterface.obj
 0001:00025f90       cv_dec_update_call         0000000180026f90 f   sfc_debug:cv_sfinterface.obj
 0001:00025fd0       cv_cond_update_call        0000000180026fd0 f   sfc_debug:cv_sfinterface.obj
 0001:00026010       cv_saturation_update_call  0000000180027010 f   sfc_debug:cv_sfinterface.obj
 0001:00026050       cv_saturation_update_accum 0000000180027050 f   sfc_debug:cv_sfinterface.obj
 0001:00026090       cv_testobjective_update_call 0000000180027090 f   sfc_debug:cv_sfinterface.obj
 0001:000260d0       cv_sigrange_update         00000001800270d0 f   sfc_debug:cv_sfinterface.obj
 0001:00026110       cvsf_eml_eval              0000000180027110 f   sfc_debug:cv_sfinterface.obj
 0001:000261f0       cvsf_eml_init_script       00000001800271f0 f   sfc_debug:cv_sfinterface.obj
 0001:00026280       cvsf_eml_init_fcn          0000000180027280 f   sfc_debug:cv_sfinterface.obj
 0001:000262e0       cvsf_eml_init_testobjective 00000001800272e0 f   sfc_debug:cv_sfinterface.obj
 0001:00026340       cvsf_eml_init_saturation   0000000180027340 f   sfc_debug:cv_sfinterface.obj
 0001:00026390       cvsf_eml_init_if           0000000180027390 f   sfc_debug:cv_sfinterface.obj
 0001:000263f0       cvsf_eml_init_for          00000001800273f0 f   sfc_debug:cv_sfinterface.obj
 0001:00026440       cvsf_eml_init_while        0000000180027440 f   sfc_debug:cv_sfinterface.obj
 0001:00026490       cvsf_eml_init_mcdc         0000000180027490 f   sfc_debug:cv_sfinterface.obj
 0001:00026520       cvsf_eml_init_switch       0000000180027520 f   sfc_debug:cv_sfinterface.obj
 0001:00026590       cvsf_script_eval           0000000180027590 f   sfc_debug:cv_sfinterface.obj
 0001:00026670       cvsf_script_init_script    0000000180027670 f   sfc_debug:cv_sfinterface.obj
 0001:00026700       cvsf_script_init_fcn       0000000180027700 f   sfc_debug:cv_sfinterface.obj
 0001:00026760       cvsf_script_init_testobjective 0000000180027760 f   sfc_debug:cv_sfinterface.obj
 0001:000267c0       cvsf_script_init_saturation 00000001800277c0 f   sfc_debug:cv_sfinterface.obj
 0001:00026810       cvsf_script_init_if        0000000180027810 f   sfc_debug:cv_sfinterface.obj
 0001:00026870       cvsf_script_init_for       0000000180027870 f   sfc_debug:cv_sfinterface.obj
 0001:000268c0       cvsf_script_init_while     00000001800278c0 f   sfc_debug:cv_sfinterface.obj
 0001:00026910       cvsf_script_init_mcdc      0000000180027910 f   sfc_debug:cv_sfinterface.obj
 0001:000269a0       cvsf_script_init_switch    00000001800279a0 f   sfc_debug:cv_sfinterface.obj
 0001:00026a10       cv_destroy_interface       0000000180027a10 f   sfc_debug:cv_sfinterface.obj
 0001:00026a30       cv_create_instance_objects 0000000180027a30 f   sfc_debug:cv_sfinterface.obj
 0001:00026ea0       cv_is_enabled              0000000180027ea0 f   sfc_debug:cv_sfinterface.obj
 0001:00026eb0       sf_debug_cv_initialize_script 0000000180027eb0 f   sfc_debug:cv_sfinterface.obj
 0001:00027040       sf_debug_cv_initialize_instance 0000000180028040 f   sfc_debug:cv_sfinterface.obj
 0001:000273d0       sf_debug_cv_terminate_chart 00000001800283d0 f   sfc_debug:cv_sfinterface.obj
 0001:000274f0       cv_call_trans_test         00000001800284f0 f   sfc_debug:cv_sfinterface.obj
 0001:00027500       cv_call_sub_cond_test      0000000180028500 f   sfc_debug:cv_sfinterface.obj
 0001:00027540       sf_debug_st_initialize_machine 0000000180028540 f   sfc_debug:sfdb_data_browse.obj
 0001:000275f0       sf_debug_st_initialize_instance 00000001800285f0 f   sfc_debug:sfdb_data_browse.obj
 0001:00027800       sf_debug_st_terminate      0000000180028800 f   sfc_debug:sfdb_data_browse.obj
 0001:00027ba0       sf_debug_st_set_data_value_ptr_in_machine 0000000180028ba0 f   sfc_debug:sfdb_data_browse.obj
 0001:00027c30       sf_debug_st_set_data_value_ptr_in_instance 0000000180028c30 f   sfc_debug:sfdb_data_browse.obj
 0001:00027d10       sf_debug_st_unset_data_value_ptr_in_machine 0000000180028d10 f   sfc_debug:sfdb_data_browse.obj
 0001:00027d80       sf_debug_st_unset_data_value_ptr_in_instance 0000000180028d80 f   sfc_debug:sfdb_data_browse.obj
 0001:00028040       sf_debug_mx_value          0000000180029040 f   sfc_debug:sfdb_data_browse.obj
 0001:000280a0       sf_debug_mx_packed_vector  00000001800290a0 f   sfc_debug:sfdb_data_browse.obj
 0001:00028180       sf_debug_mx_uint_vector    0000000180029180 f   sfc_debug:sfdb_data_browse.obj
 0001:00028230       sf_debug_st_get_double_value_from_void_ptr_vector 0000000180029230 f   sfc_debug:sfdb_data_browse.obj
 0001:00028d10       sf_debug_st_browse_data    0000000180029d10 f   sfc_debug:sfdb_data_browse.obj
 0001:00029550       sf_debug_hm_initialize_instance 000000018002a550 f   sfc_debug:sfdb_handle_management.obj
 0001:00029a30       sf_debug_hm_get_object_id  000000018002aa30 f   sfc_debug:sfdb_handle_management.obj
 0001:0002a5e0       sf_debug_hm_update_chart_visibility 000000018002b5e0 f   sfc_debug:sfdb_handle_management.obj
 0001:0002b7d0       sf_debug_object_is_eml_function 000000018002c7d0 f   sfc_debug:sfdb_handle_management.obj
 0001:0002b840       sf_debug_hm_initialize_ids_in_machine 000000018002c840 f   sfc_debug:sfdb_handle_management.obj
 0001:0002b9b0       sf_debug_hm_initialize_ids_in_chart 000000018002c9b0 f   sfc_debug:sfdb_handle_management.obj
 0001:0002bab0       sf_debug_hm_initialize_chart 000000018002cab0 f   sfc_debug:sfdb_handle_management.obj
 0001:0002c1b0       sf_debug_hm_terminate      000000018002d1b0 f   sfc_debug:sfdb_handle_management.obj
 0001:0002c210       sf_debug_hm_initialize_machine 000000018002d210 f   sfc_debug:sfdb_handle_management.obj
 0001:0002c930       sf_debug_ss_initialize     000000018002d930 f   sfc_debug:sfdb_symbol_scope.obj
 0001:0002c950       sf_debug_ss_terminate      000000018002d950 f   sfc_debug:sfdb_symbol_scope.obj
 0001:0002c9e0       sf_debug_ss_push_symbol_scope 000000018002d9e0 f   sfc_debug:sfdb_symbol_scope.obj
 0001:0002cae0       sf_debug_ss_push_symbol_scope_eml 000000018002dae0 f   sfc_debug:sfdb_symbol_scope.obj
 0001:0002cb40       sf_debug_ss_pop_symbol_scope 000000018002db40 f   sfc_debug:sfdb_symbol_scope.obj
 0001:0002cbf0       sf_debug_ss_add_symbol     000000018002dbf0 f   sfc_debug:sfdb_symbol_scope.obj
 0001:0002cd60       sf_debug_ss_add_symbol_eml 000000018002dd60 f   sfc_debug:sfdb_symbol_scope.obj
 0001:0002dc60       sf_debug_ss_set_data_value 000000018002ec60 f   sfc_debug:sfdb_symbol_scope.obj
 0001:0002e0b0       getInstanceNumber          000000018002f0b0 f   sfc_debug:sfdb_symbol_scope.obj
 0001:0002e180       sf_debug_ss_watch_data     000000018002f180 f   sfc_debug:sfdb_symbol_scope.obj
 0001:0002e370       sf_debug_ss_assign_data    000000018002f370 f   sfc_debug:sfdb_symbol_scope.obj
 0001:0002ed80       get_data_entry_name        000000018002fd80 f   sfc_debug:sfdb_symbol_scope.obj
 0001:0002edd0       sf_debug_ss_whos           000000018002fdd0 f   sfc_debug:sfdb_symbol_scope.obj
 0001:0002f420       sf_debug_cc_initialize_chart 0000000180030420 f   sfc_debug:sfdb_coverage.obj
 0001:0002fe10       sf_debug_cc_initialize_instance 0000000180030e10 f   sfc_debug:sfdb_coverage.obj
 0001:00030b50       sf_debug_cc_terminate      0000000180031b50 f   sfc_debug:sfdb_coverage.obj
 0001:00030c40       sf_debug_cc_set_transition_maps 0000000180031c40 f   sfc_debug:sfdb_coverage.obj
 0001:00030d70       sf_debug_cc_set_state_maps 0000000180031d70 f   sfc_debug:sfdb_coverage.obj
 0001:00030e50       sf_debug_cc_set_transition_weights 0000000180031e50 f   sfc_debug:sfdb_coverage.obj
 0001:00031110       sf_debug_cc_set_state_weights 0000000180032110 f   sfc_debug:sfdb_coverage.obj
 0001:000313e0       sf_debug_cc_mark_transition_guard 00000001800323e0 f   sfc_debug:sfdb_coverage.obj
 0001:00031470       sf_debug_cc_mark_transition_trigger 0000000180032470 f   sfc_debug:sfdb_coverage.obj
 0001:00031500       sf_debug_cc_mark_transition_decision 0000000180032500 f   sfc_debug:sfdb_coverage.obj
 0001:00031570       sf_debug_cc_mark_transition_condition_action 0000000180032570 f   sfc_debug:sfdb_coverage.obj
 0001:000315c0       sf_debug_cc_mark_transition_transition_action 00000001800325c0 f   sfc_debug:sfdb_coverage.obj
 0001:00031610       sf_debug_cc_mark_state_entry 0000000180032610 f   sfc_debug:sfdb_coverage.obj
 0001:00031660       sf_debug_cc_mark_state_during 0000000180032660 f   sfc_debug:sfdb_coverage.obj
 0001:000316b0       sf_debug_cc_mark_state_exit 00000001800326b0 f   sfc_debug:sfdb_coverage.obj
 0001:00031700       sf_debug_bm_clear_script_breakpoints 0000000180032700 f   sfc_debug:sfdb_breakpoints.obj
 0001:00031730       sf_debug_bm_set_script_breakpoint 0000000180032730 f   sfc_debug:sfdb_breakpoints.obj
 0001:000317b0       sf_debug_bm_clear_single_script_breakpoint 00000001800327b0 f   sfc_debug:sfdb_breakpoints.obj
 0001:00031830       sf_debug_bm_query_script_breakpoint 0000000180032830 f   sfc_debug:sfdb_breakpoints.obj
 0001:00031880       sf_debug_bm_initialize_scripts 0000000180032880 f   sfc_debug:sfdb_breakpoints.obj
 0001:00031f10       sf_debug_bm_terminate      0000000180032f10 f   sfc_debug:sfdb_breakpoints.obj
 0001:000321f0       sf_debug_bm_remove_all_breakpoints_in_machine 00000001800331f0 f   sfc_debug:sfdb_breakpoints.obj
 0001:00032250       sf_debug_bm_remove_all_breakpoints_in_chart 0000000180033250 f   sfc_debug:sfdb_breakpoints.obj
 0001:000323a0       sf_debug_bm_initialize_global_breakpoints 00000001800333a0 f   sfc_debug:sfdb_breakpoints.obj
 0001:00032520       sf_debug_bm_set_breakpoint 0000000180033520 f   sfc_debug:sfdb_breakpoints.obj
 0001:00032ae0       sf_debug_bm_set_eml_breakpoint 0000000180033ae0 f   sfc_debug:sfdb_breakpoints.obj
 0001:00032b70       sf_debug_bm_initialize_machine_breakpoint_map 0000000180033b70 f   sfc_debug:sfdb_breakpoints.obj
 0001:00032f90       sf_debug_bm_is_a_breakpoint 0000000180033f90 f   sfc_debug:sfdb_breakpoints.obj
 0001:000334b0       sf_debug_bm_get_all_breakpoints_in_machine 00000001800344b0 f   sfc_debug:sfdb_breakpoints.obj
 0001:000337b0       sf_debug_bm_get_all_breakpoints_in_chart 00000001800347b0 f   sfc_debug:sfdb_breakpoints.obj
 0001:00034340       sf_debug_bm_initialize_machine 0000000180035340 f   sfc_debug:sfdb_breakpoints.obj
 0001:00034410       sf_debug_bm_initialize_chart 0000000180035410 f   sfc_debug:sfdb_breakpoints.obj
 0001:00034800       sf_debug_sc_terminate      0000000180035800 f   sfc_debug:sfdb_state_consistency.obj
 0001:00034b20       sf_debug_sc_is_chart_consistent 0000000180035b20 f   sfc_debug:sfdb_state_consistency.obj
 0001:00034dd0       sf_debug_sc_get_consistency_error_info 0000000180035dd0 f   sfc_debug:sfdb_state_consistency.obj
 0001:000351e0       sf_debug_tm_terminate      00000001800361e0 f   sfc_debug:sfdb_call_stack.obj
 0001:00035290       sf_debug_tm_push_chart_instance 0000000180036290 f   sfc_debug:sfdb_call_stack.obj
 0001:000353d0       sf_debug_tm_pop_chart_instance 00000001800363d0 f   sfc_debug:sfdb_call_stack.obj
 0001:00035430       sf_debug_tm_push_trace_node 0000000180036430 f   sfc_debug:sfdb_call_stack.obj
 0001:000355b0       sf_debug_tm_pop_trace_node 00000001800365b0 f   sfc_debug:sfdb_call_stack.obj
 0001:00035630       sf_debug_tm_get_current_global_trace_index 0000000180036630 f   sfc_debug:sfdb_call_stack.obj
 0001:00035640       sf_debug_tm_get_current_local_trace_index 0000000180036640 f   sfc_debug:sfdb_call_stack.obj
 0001:00035670       sf_debug_tm_set_cycle_detected_flag 0000000180036670 f   sfc_debug:sfdb_call_stack.obj
 0001:000356b0       sf_debug_tm_set_cycle_started_flag 00000001800366b0 f   sfc_debug:sfdb_call_stack.obj
 0001:000356f0       sf_debug_tm_get_chart_number_from_stack 00000001800366f0 f   sfc_debug:sfdb_call_stack.obj
 0001:000358f0       sf_debug_tm_browse_trace   00000001800368f0 f   sfc_debug:sfdb_call_stack.obj
 0001:00035c00       sf_debug_cd_initialize_instance 0000000180036c00 f   sfc_debug:sfdb_cycle_detection.obj
 0001:00035eb0       sf_debug_cd_mark_processed_transition_in_instance 0000000180036eb0 f   sfc_debug:sfdb_cycle_detection.obj
 0001:00035f50       sf_debug_cd_checksum_push  0000000180036f50 f   sfc_debug:sfdb_cycle_detection.obj
 0001:00036200       sf_debug_cd_checksum_pop   0000000180037200 f   sfc_debug:sfdb_cycle_detection.obj
 0001:00036270       sf_debug_cd_turn_off_cycle_detection 0000000180037270 f   sfc_debug:sfdb_cycle_detection.obj
 0001:000362c0       sf_debug_cd_terminate      00000001800372c0 f   sfc_debug:sfdb_cycle_detection.obj
 0001:000364f0       md5_initialize_state       00000001800374f0 f   sfc_debug:ckmd5.obj
 0001:00036f80       md5_update_state           0000000180037f80 f   sfc_debug:ckmd5.obj
 0001:00036fa0       md5_get_hash               0000000180037fa0 f   sfc_debug:ckmd5.obj
 0001:00036fd0       md5_get_hash_for_a_single_string 0000000180037fd0 f   sfc_debug:ckmd5.obj
 0001:00037030       mxGetPr                    0000000180038030 f   libmx:libmx.dll
 0001:00037036       mxCreateDoubleScalar       0000000180038036 f   libmx:libmx.dll
 0001:0003703c       mxCreateDoubleMatrix_730   000000018003803c f   libmx:libmx.dll
 0001:00037042       mxSetField_730             0000000180038042 f   libmx:libmx.dll
 0001:00037048       mxCreateString             0000000180038048 f   libmx:libmx.dll
 0001:0003704e       mxCreateStructMatrix_730   000000018003804e f   libmx:libmx.dll
 0001:00037054       mxCreateCellMatrix_730     0000000180038054 f   libmx:libmx.dll
 0001:0003705a       mxDestroyArray             000000018003805a f   libmx:libmx.dll
 0001:00037060       mxDuplicateArray           0000000180038060 f   libmx:libmx.dll
 0001:00037066       mxGetString_730            0000000180038066 f   libmx:libmx.dll
 0001:0003706c       mxIsChar                   000000018003806c f   libmx:libmx.dll
 0001:00037072       mxGetClassID               0000000180038072 f   libmx:libmx.dll
 0001:00037078       mxIsNumeric                0000000180038078 f   libmx:libmx.dll
 0001:0003707e       mxIsComplex                000000018003807e f   libmx:libmx.dll
 0001:00037084       mxGetN                     0000000180038084 f   libmx:libmx.dll
 0001:0003708a       mxGetM                     000000018003808a f   libmx:libmx.dll
 0001:00037090       mxCalloc                   0000000180038090 f   libmx:libmx.dll
 0001:00037096       mxGetScalar                0000000180038096 f   libmx:libmx.dll
 0001:0003709c       mxIsLogical                000000018003809c f   libmx:libmx.dll
 0001:000370a2       mxCreateDoubleMatrix_700   00000001800380a2 f   libmx:libmx.dll
 0001:000370a8       mxFree                     00000001800380a8 f   libmx:libmx.dll
 0001:000370ae       mxArrayToString            00000001800380ae f   libmx:libmx.dll
 0001:000370b4       mxCreateCellMatrix_700     00000001800380b4 f   libmx:libmx.dll
 0001:000370ba       mxSetCell_700              00000001800380ba f   libmx:libmx.dll
 0001:000370c0       mxGetCell_700              00000001800380c0 f   libmx:libmx.dll
 0001:000370c6       mxGetClassName             00000001800380c6 f   libmx:libmx.dll
 0001:000370cc       mxSetField_700             00000001800380cc f   libmx:libmx.dll
 0001:000370d2       mxAddField                 00000001800380d2 f   libmx:libmx.dll
 0001:000370d8       mxGetField_700             00000001800380d8 f   libmx:libmx.dll
 0001:000370de       mxGetNumberOfElements      00000001800380de f   libmx:libmx.dll
 0001:000370e4       mxIsStruct                 00000001800380e4 f   libmx:libmx.dll
 0001:000370ea       mxIsA                      00000001800380ea f   libmx:libmx.dll
 0001:000370f0       mxIsClass                  00000001800380f0 f   libmx:libmx.dll
 0001:000370f6       mxGetLogicals              00000001800380f6 f   libmx:libmx.dll
 0001:000370fc       mxIsSparse                 00000001800380fc f   libmx:libmx.dll
 0001:00037102       mxSetFieldByNumber_700     0000000180038102 f   libmx:libmx.dll
 0001:00037108       mxGetFieldByNumber_700     0000000180038108 f   libmx:libmx.dll
 0001:0003710e       mxGetFieldNameByNumber     000000018003810e f   libmx:libmx.dll
 0001:00037114       mxGetNumberOfFields        0000000180038114 f   libmx:libmx.dll
 0001:0003711a       mxCreateStructMatrix_700   000000018003811a f   libmx:libmx.dll
 0001:00037120       mxGetFieldNumber           0000000180038120 f   libmx:libmx.dll
 0001:00037126       mxIsNaN                    0000000180038126 f   libmx:libmx.dll
 0001:0003712c       mxIsEmpty                  000000018003812c f   libmx:libmx.dll
 0001:00037132       mxGetData                  0000000180038132 f   libmx:libmx.dll
 0001:00037138       mxGetImagData              0000000180038138 f   libmx:libmx.dll
 0001:0003713e       mxArrayClassIDName         000000018003813e f   libmx:libmx.dll
 0001:00037144       mxCreateNumericMatrix_700  0000000180038144 f   libmx:libmx.dll
 0001:0003714a       mxCreateStructArray_700    000000018003814a f   libmx:libmx.dll
 0001:00037150       mxCalcSingleSubscript_700  0000000180038150 f   libmx:libmx.dll
 0001:00037156       mxGetDimensions_700        0000000180038156 f   libmx:libmx.dll
 0001:0003715c       mxGetNumberOfDimensions_700 000000018003815c f   libmx:libmx.dll
 0001:00037162       mxCreateNumericArray_700   0000000180038162 f   libmx:libmx.dll
 0001:00037168       mxGetElementSize           0000000180038168 f   libmx:libmx.dll
 0001:0003716e       mxCreateStringFromNChars_700 000000018003816e f   libmx:libmx.dll
 0001:00037174       mxGetString_700            0000000180038174 f   libmx:libmx.dll
 0001:0003717a       mxIsLogicalScalarTrue      000000018003817a f   libmx:libmx.dll
 0001:00037180       mxCreateLogicalScalar      0000000180038180 f   libmx:libmx.dll
 0001:00037186       mexUnlock                  0000000180038186 f   libmex:libmex.dll
 0001:0003718c       mexIsLocked                000000018003818c f   libmex:libmex.dll
 0001:00037192       mexWarnMsgTxt              0000000180038192 f   libmex:libmex.dll
 0001:00037198       mexCallMATLAB              0000000180038198 f   libmex:libmex.dll
 0001:0003719e       mexErrMsgTxt               000000018003819e f   libmex:libmex.dll
 0001:000371a4       mexMakeArrayPersistent     00000001800381a4 f   libmex:libmex.dll
 0001:000371aa       mexSetTrapFlag             00000001800381aa f   libmex:libmex.dll
 0001:000371b0       mexPutVariable             00000001800381b0 f   libmex:libmex.dll
 0001:000371b6       mexGetVariable             00000001800381b6 f   libmex:libmex.dll
 0001:000371bc       mexLock                    00000001800381bc f   libmex:libmex.dll
 0001:000371c2       mexMakeMemoryPersistent    00000001800381c2 f   libmex:libmex.dll
 0001:000371c8       mexFunctionName            00000001800381c8 f   libmex:libmex.dll
 0001:000371ce       ssRegisterDataTypeFxpFSlopeFixExpBias 00000001800381ce f   libfixedpoint:libfixedpoint.dll
 0001:000371d4       ssRegisterDataTypeFxpScaledDouble 00000001800381d4 f   libfixedpoint:libfixedpoint.dll
 0001:000371da       utMalloc                   00000001800381da f   libut:libut.dll
 0001:000371e0       utFree                     00000001800381e0 f   libut:libut.dll
 0001:000371e6       utVSNprintf                00000001800381e6 f   libut:libut.dll
 0001:000371ec       utCPUtime                  00000001800381ec f   libut:libut.dll
 0001:000371f2       utCalloc                   00000001800381f2 f   libut:libut.dll
 0001:000371f8       utRealloc                  00000001800381f8 f   libut:libut.dll
 0001:000371fe       muDoubleScalarSin          00000001800381fe f   libmwmathutil:libmwmathutil.dll
 0001:00037204       muDoubleScalarCos          0000000180038204 f   libmwmathutil:libmwmathutil.dll
 0001:0003720a       emlrtCreateRootTLS         000000018003820a f   libemlrt:libemlrt.dll
 0001:00037210       emlrtDestroyRootTLS        0000000180038210 f   libemlrt:libemlrt.dll
 0001:00037216       emlrtCheckBuiltInR2012b    0000000180038216 f   libemlrt:libemlrt.dll
 0001:0003721c       emlrtCheckVsBuiltInR2012b  000000018003821c f   libemlrt:libemlrt.dll
 0001:00037222       emlrtCheckEnumR2012b       0000000180038222 f   libemlrt:libemlrt.dll
 0001:00037228       emlrtCreateEnumR2012b      0000000180038228 f   libemlrt:libemlrt.dll
 0001:0003722e       emlrtGetEnumElementR2009a  000000018003822e f   libemlrt:libemlrt.dll
 0001:00037234       emlrtCreateReference       0000000180038234 f   libemlrt:libemlrt.dll
 0001:0003723a       emlrtImportVsFiArrayR2009b 000000018003823a f   libemlrt:libemlrt.dll
 0001:00037240       emlrtNameCapturePostProcessR2012a 0000000180038240 f   libemlrt:libemlrt.dll
 0001:00037246       emlrtExtractMessageId      0000000180038246 f   libemlrt:libemlrt.dll
 0001:0003724c       emlrtTranslateMessageIDtoLCPstring 000000018003824c f   libemlrt:libemlrt.dll
 0001:00037252       emlrtForLoopVectorIsValidR2011b 0000000180038252 f   libemlrt:libemlrt.dll
 0001:00037258       emlrtTranslateUTF16MessagetoLCPstring 0000000180038258 f   libemlrt:libemlrt.dll
 0001:0003725e       emlrtGetEnumUnderlyingArrayR2009a 000000018003825e f   libemlrt:libemlrt.dll
 0001:00037264       emlrtIsEnumR2009a          0000000180038264 f   libemlrt:libemlrt.dll
 0001:0003726c       __GSHandlerCheckCommon     000000018003826c f   MSVCRT:gshandler.obj
 0001:000372d0       __GSHandlerCheck           00000001800382d0 f   MSVCRT:gshandler.obj
 0001:000372ee       strlen                     00000001800382ee f   MSVCRT:MSVCR100.dll
 0001:00037310       __security_check_cookie    0000000180038310 f   MSVCRT:amdsecgs.obj
 0001:00037330       memset                     0000000180038330 f   MSVCRT:MSVCR100.dll
 0001:00037336       strcmp                     0000000180038336 f   MSVCRT:MSVCR100.dll
 0001:0003733c       free                       000000018003833c f   MSVCRT:MSVCR100.dll
 0001:00037342       sprintf                    0000000180038342 f   MSVCRT:MSVCR100.dll
 0001:00037348       malloc                     0000000180038348 f   MSVCRT:MSVCR100.dll
 0001:0003734e       strcat                     000000018003834e f   MSVCRT:MSVCR100.dll
 0001:00037354       memcpy                     0000000180038354 f   MSVCRT:MSVCR100.dll
 0001:0003735c       NtCurrentTeb               000000018003835c f i MSVCRT:crtdll.obj
 0001:000373c8       _CRT_INIT                  00000001800383c8 f   MSVCRT:crtdll.obj
 0001:00037760       _DllMainCRTStartup         0000000180038760 f   MSVCRT:crtdll.obj
 0001:0003779e       strncpy                    000000018003879e f   MSVCRT:MSVCR100.dll
 0001:000377c0       _alloca_probe              00000001800387c0     MSVCRT:chkstk.obj
 0001:000377c0       __chkstk                   00000001800387c0 f   MSVCRT:chkstk.obj
 0001:0003780e       longjmp                    000000018003880e f   MSVCRT:MSVCR100.dll
 0001:00037814       strncmp                    0000000180038814 f   MSVCRT:MSVCR100.dll
 0001:0003781a       ceil                       000000018003881a f   MSVCRT:MSVCR100.dll
 0001:00037820       strrchr                    0000000180038820 f   MSVCRT:MSVCR100.dll
 0001:00037826       _setjmp                    0000000180038826 f   MSVCRT:MSVCR100.dll
 0001:0003782c       ldexp                      000000018003882c f   MSVCRT:MSVCR100.dll
 0001:00037834       __report_gsfailure         0000000180038834 f   MSVCRT:gs_report.obj
 0001:00037980       __clean_type_info_names    0000000180038980 f   MSVCRT:tncleanup.obj
 0001:0003798c       _onexit                    000000018003898c f   MSVCRT:atonexit.obj
 0001:00037a3c       atexit                     0000000180038a3c f   MSVCRT:atonexit.obj
 0001:00037a54       _RTC_Initialize            0000000180038a54 f   MSVCRT:_initsect_.obj
 0001:00037a8c       _RTC_Terminate             0000000180038a8c f   MSVCRT:_initsect_.obj
 0001:00037ac4       _malloc_crt                0000000180038ac4 f   MSVCRT:MSVCR100.dll
 0001:00037ad0       _ValidateImageBase         0000000180038ad0 f   MSVCRT:pesect.obj
 0001:00037b00       _FindPESection             0000000180038b00 f   MSVCRT:pesect.obj
 0001:00037b50       _IsNonwritableInCurrentImage 0000000180038b50 f   MSVCRT:pesect.obj
 0001:00037b92       _initterm                  0000000180038b92 f   MSVCRT:MSVCR100.dll
 0001:00037b98       _initterm_e                0000000180038b98 f   MSVCRT:MSVCR100.dll
 0001:00037b9e       _encoded_null              0000000180038b9e f   MSVCRT:MSVCR100.dll
 0001:00037ba4       _amsg_exit                 0000000180038ba4 f   MSVCRT:MSVCR100.dll
 0001:00037baa       __C_specific_handler       0000000180038baa f   MSVCRT:MSVCR100.dll
 0001:00037bb0       __CppXcptFilter            0000000180038bb0 f   MSVCRT:MSVCR100.dll
 0001:00037bb8       DllMain                    0000000180038bb8 f   MSVCRT:dllmain.obj
 0001:00037bdc       __security_init_cookie     0000000180038bdc f   MSVCRT:gs_support.obj
 0001:00037c90       __crt_debugger_hook        0000000180038c90 f   MSVCRT:MSVCR100.dll
 0001:00037c96       __clean_type_info_names_internal 0000000180038c96 f   MSVCRT:MSVCR100.dll
 0001:00037c9c       _unlock                    0000000180038c9c f   MSVCRT:MSVCR100.dll
 0001:00037ca2       __dllonexit                0000000180038ca2 f   MSVCRT:MSVCR100.dll
 0001:00037ca8       _lock                      0000000180038ca8 f   MSVCRT:MSVCR100.dll
 0001:00037cae       EncodePointer              0000000180038cae f   kernel32:KERNEL32.dll
 0001:00037cb4       DecodePointer              0000000180038cb4 f   kernel32:KERNEL32.dll
 0001:00037cba       Sleep                      0000000180038cba f   kernel32:KERNEL32.dll
 0001:00037cc0       TerminateProcess           0000000180038cc0 f   kernel32:KERNEL32.dll
 0001:00037cc6       GetCurrentProcess          0000000180038cc6 f   kernel32:KERNEL32.dll
 0001:00037ccc       UnhandledExceptionFilter   0000000180038ccc f   kernel32:KERNEL32.dll
 0001:00037cd2       SetUnhandledExceptionFilter 0000000180038cd2 f   kernel32:KERNEL32.dll
 0001:00037cd8       IsDebuggerPresent          0000000180038cd8 f   kernel32:KERNEL32.dll
 0001:00037cde       RtlVirtualUnwind           0000000180038cde f   kernel32:KERNEL32.dll
 0001:00037ce4       RtlLookupFunctionEntry     0000000180038ce4 f   kernel32:KERNEL32.dll
 0001:00037cea       RtlCaptureContext          0000000180038cea f   kernel32:KERNEL32.dll
 0001:00037cf0       DisableThreadLibraryCalls  0000000180038cf0 f   kernel32:KERNEL32.dll
 0001:00037cf6       QueryPerformanceCounter    0000000180038cf6 f   kernel32:KERNEL32.dll
 0001:00037cfc       GetTickCount               0000000180038cfc f   kernel32:KERNEL32.dll
 0001:00037d02       GetCurrentThreadId         0000000180038d02 f   kernel32:KERNEL32.dll
 0001:00037d08       GetCurrentProcessId        0000000180038d08 f   kernel32:KERNEL32.dll
 0001:00037d0e       GetSystemTimeAsFileTime    0000000180038d0e f   kernel32:KERNEL32.dll
 0002:00000000       __imp_RtlLookupFunctionEntry 0000000180039000     kernel32:KERNEL32.dll
 0002:00000008       __imp_RtlVirtualUnwind     0000000180039008     kernel32:KERNEL32.dll
 0002:00000010       __imp_IsDebuggerPresent    0000000180039010     kernel32:KERNEL32.dll
 0002:00000018       __imp_SetUnhandledExceptionFilter 0000000180039018     kernel32:KERNEL32.dll
 0002:00000020       __imp_UnhandledExceptionFilter 0000000180039020     kernel32:KERNEL32.dll
 0002:00000028       __imp_GetCurrentProcess    0000000180039028     kernel32:KERNEL32.dll
 0002:00000030       __imp_TerminateProcess     0000000180039030     kernel32:KERNEL32.dll
 0002:00000038       __imp_Sleep                0000000180039038     kernel32:KERNEL32.dll
 0002:00000040       __imp_DecodePointer        0000000180039040     kernel32:KERNEL32.dll
 0002:00000048       __imp_EncodePointer        0000000180039048     kernel32:KERNEL32.dll
 0002:00000050       __imp_DisableThreadLibraryCalls 0000000180039050     kernel32:KERNEL32.dll
 0002:00000058       __imp_QueryPerformanceCounter 0000000180039058     kernel32:KERNEL32.dll
 0002:00000060       __imp_GetTickCount         0000000180039060     kernel32:KERNEL32.dll
 0002:00000068       __imp_GetCurrentThreadId   0000000180039068     kernel32:KERNEL32.dll
 0002:00000070       __imp_GetCurrentProcessId  0000000180039070     kernel32:KERNEL32.dll
 0002:00000078       __imp_GetSystemTimeAsFileTime 0000000180039078     kernel32:KERNEL32.dll
 0002:00000080       __imp_RtlCaptureContext    0000000180039080     kernel32:KERNEL32.dll
 0002:00000088       \177KERNEL32_NULL_THUNK_DATA 0000000180039088     kernel32:KERNEL32.dll
 0002:00000090       __imp__onexit              0000000180039090     MSVCRT:MSVCR100.dll
 0002:00000098       __imp__lock                0000000180039098     MSVCRT:MSVCR100.dll
 0002:000000a0       __imp___dllonexit          00000001800390a0     MSVCRT:MSVCR100.dll
 0002:000000a8       __imp__unlock              00000001800390a8     MSVCRT:MSVCR100.dll
 0002:000000b0       __imp___clean_type_info_names_internal 00000001800390b0     MSVCRT:MSVCR100.dll
 0002:000000b8       __imp___crt_debugger_hook  00000001800390b8     MSVCRT:MSVCR100.dll
 0002:000000c0       __imp___CppXcptFilter      00000001800390c0     MSVCRT:MSVCR100.dll
 0002:000000c8       __imp___C_specific_handler 00000001800390c8     MSVCRT:MSVCR100.dll
 0002:000000d0       __imp__amsg_exit           00000001800390d0     MSVCRT:MSVCR100.dll
 0002:000000d8       __imp__encoded_null        00000001800390d8     MSVCRT:MSVCR100.dll
 0002:000000e0       __imp__initterm_e          00000001800390e0     MSVCRT:MSVCR100.dll
 0002:000000e8       __imp__initterm            00000001800390e8     MSVCRT:MSVCR100.dll
 0002:000000f0       __imp__malloc_crt          00000001800390f0     MSVCRT:MSVCR100.dll
 0002:000000f8       __imp_ldexp                00000001800390f8     MSVCRT:MSVCR100.dll
 0002:00000100       __imp__setjmp              0000000180039100     MSVCRT:MSVCR100.dll
 0002:00000108       __imp_strrchr              0000000180039108     MSVCRT:MSVCR100.dll
 0002:00000110       __imp_ceil                 0000000180039110     MSVCRT:MSVCR100.dll
 0002:00000118       __imp_strncmp              0000000180039118     MSVCRT:MSVCR100.dll
 0002:00000120       __imp_longjmp              0000000180039120     MSVCRT:MSVCR100.dll
 0002:00000128       __imp_strncpy              0000000180039128     MSVCRT:MSVCR100.dll
 0002:00000130       __imp_memcpy               0000000180039130     MSVCRT:MSVCR100.dll
 0002:00000138       __imp_strcat               0000000180039138     MSVCRT:MSVCR100.dll
 0002:00000140       __imp_malloc               0000000180039140     MSVCRT:MSVCR100.dll
 0002:00000148       __imp_sprintf              0000000180039148     MSVCRT:MSVCR100.dll
 0002:00000150       __imp_free                 0000000180039150     MSVCRT:MSVCR100.dll
 0002:00000158       __imp_strcmp               0000000180039158     MSVCRT:MSVCR100.dll
 0002:00000160       __imp_memset               0000000180039160     MSVCRT:MSVCR100.dll
 0002:00000168       __imp_strlen               0000000180039168     MSVCRT:MSVCR100.dll
 0002:00000170       \177MSVCR100_NULL_THUNK_DATA 0000000180039170     MSVCRT:MSVCR100.dll
 0002:00000178       __imp_emlrtIsEnumR2009a    0000000180039178     libemlrt:libemlrt.dll
 0002:00000180       __imp_emlrtGetEnumUnderlyingArrayR2009a 0000000180039180     libemlrt:libemlrt.dll
 0002:00000188       __imp_emlrtTranslateUTF16MessagetoLCPstring 0000000180039188     libemlrt:libemlrt.dll
 0002:00000190       __imp_emlrtForLoopVectorIsValidR2011b 0000000180039190     libemlrt:libemlrt.dll
 0002:00000198       __imp_emlrtTranslateMessageIDtoLCPstring 0000000180039198     libemlrt:libemlrt.dll
 0002:000001a0       __imp_emlrtExtractMessageId 00000001800391a0     libemlrt:libemlrt.dll
 0002:000001a8       __imp_emlrtNameCapturePostProcessR2012a 00000001800391a8     libemlrt:libemlrt.dll
 0002:000001b0       __imp_emlrtImportVsFiArrayR2009b 00000001800391b0     libemlrt:libemlrt.dll
 0002:000001b8       __imp_emlrtCreateReference 00000001800391b8     libemlrt:libemlrt.dll
 0002:000001c0       __imp_emlrtGetEnumElementR2009a 00000001800391c0     libemlrt:libemlrt.dll
 0002:000001c8       __imp_emlrtDestroyRootTLS  00000001800391c8     libemlrt:libemlrt.dll
 0002:000001d0       __imp_emlrtCheckBuiltInR2012b 00000001800391d0     libemlrt:libemlrt.dll
 0002:000001d8       __imp_emlrtCheckVsBuiltInR2012b 00000001800391d8     libemlrt:libemlrt.dll
 0002:000001e0       __imp_emlrtCheckEnumR2012b 00000001800391e0     libemlrt:libemlrt.dll
 0002:000001e8       __imp_emlrtCreateEnumR2012b 00000001800391e8     libemlrt:libemlrt.dll
 0002:000001f0       __imp_emlrtCreateRootTLS   00000001800391f0     libemlrt:libemlrt.dll
 0002:000001f8       \177libemlrt_NULL_THUNK_DATA 00000001800391f8     libemlrt:libemlrt.dll
 0002:00000200       __imp_ssRegisterDataTypeFxpScaledDouble 0000000180039200     libfixedpoint:libfixedpoint.dll
 0002:00000208       __imp_ssRegisterDataTypeFxpFSlopeFixExpBias 0000000180039208     libfixedpoint:libfixedpoint.dll
 0002:00000210       \177libfixedpoint_NULL_THUNK_DATA 0000000180039210     libfixedpoint:libfixedpoint.dll
 0002:00000218       __imp_mexLock              0000000180039218     libmex:libmex.dll
 0002:00000220       __imp_mexMakeMemoryPersistent 0000000180039220     libmex:libmex.dll
 0002:00000228       __imp_mexFunctionName      0000000180039228     libmex:libmex.dll
 0002:00000230       __imp_mexErrMsgTxt         0000000180039230     libmex:libmex.dll
 0002:00000238       __imp_mexGetVariable       0000000180039238     libmex:libmex.dll
 0002:00000240       __imp_mexPutVariable       0000000180039240     libmex:libmex.dll
[...]
 0001:0000d9c0       sf_mex_check_complex       000000018000e9c0 f   sfc_mex:sfc_mex.obj
 0001:0000da50       sf_mex_check_sparse        000000018000ea50 f   sfc_mex:sfc_mex.obj
 0001:0000dab0       sf_mex_check_numerictype   000000018000eab0 f   sfc_mex:sfc_mex.obj
 0001:0000dc40       sf_mex_check_fimath        000000018000ec40 f   sfc_mex:sfc_mex.obj
 0001:0000e7a0       size_mismatch_error        000000018000f7a0 f   sfc_mex:sfc_mex.obj
 0001:0000f210       check_array_dimensions     0000000180010210 f   sfc_mex:sfc_mex.obj
 0001:0000f280       check_input_mxarray        0000000180010280 f   sfc_mex:sfc_mex.obj
 0001:0000f9c0       sf_numeric_value_to_double 00000001800109c0 f   sfc_mex:sfc_mex.obj
 0001:0000fa10       ml_generic_out_of_bounds_check 0000000180010a10 f   sfc_mex:sfc_mex.obj
 0001:0000fbd0       ml_get_element_value_from_array 0000000180010bd0 f   sfc_mex:sfc_mex.obj
 0001:0000ff70       _ml_generic_castability_check 0000000180010f70 f   sfc_mex:sfc_mex.obj
 0001:000106c0       ml_generic_castability_check 00000001800116c0 f   sfc_mex:sfc_mex.obj
 0001:00010760       ml_check_mx_array_for_single_castability 0000000180011760 f   sfc_mex:sfc_mex.obj
 0001:00010800       ml_check_mx_array_for_logical_castability 0000000180011800 f   sfc_mex:sfc_mex.obj
 0001:000108a0       ml_check_mx_array_for_int8_castability 00000001800118a0 f   sfc_mex:sfc_mex.obj
 0001:00010950       ml_check_mx_array_for_uint8_castability 0000000180011950 f   sfc_mex:sfc_mex.obj
 0001:000109b0       ml_check_mx_array_for_int16_castability 00000001800119b0 f   sfc_mex:sfc_mex.obj
 0001:00010a10       ml_check_mx_array_for_uint16_castability 0000000180011a10 f   sfc_mex:sfc_mex.obj
 0001:00010a70       ml_check_mx_array_for_int32_castability 0000000180011a70 f   sfc_mex:sfc_mex.obj
 0001:00010ad0       ml_check_mx_array_for_uint32_castability 0000000180011ad0 f   sfc_mex:sfc_mex.obj
 0001:00010b30       ml_check_mx_array_for_castability 0000000180011b30 f   sfc_mex:sfc_mex.obj
 0001:00011350       set_data_value             0000000180012350 f   sfc_mex:sfc_mex.obj
 0001:000116c0       get_data_value             00000001800126c0 f   sfc_mex:sfc_mex.obj
 0001:000117d0       get_next_element_address   00000001800127d0 f   sfc_mex:sfc_mex.obj
 0001:000118a0       sf_normalize_index         00000001800128a0 f   sfc_mex:sfc_mex.obj
 0001:00011c50       ml_array_index_bound_check 0000000180012c50 f   sfc_mex:sfc_mex.obj
 0001:000127d0       mx_value                   00000001800137d0 f   sfc_mex:sfc_mex.obj
 0001:00012820       sf_create_numeric_array    0000000180013820 f   sfc_mex:sfc_mex.obj
 0001:000128c0       sf_mex_assign_to_mx_array  00000001800138c0 f   sfc_mex:sfc_mex.obj
 0001:00012c30       assign_from_mx_array       0000000180013c30 f   sfc_mex:sfc_mex.obj
 0001:00013390       sf_mex_import_v            0000000180014390 f   sfc_mex:sfc_mex.obj
 0001:00013aa0       get_machine_and_chart_file_number 0000000180014aa0 f   sfc_mex:sfc_sf.obj
 0001:00013b90       get_sfun_block_specialization 0000000180014b90 f   sfc_mex:sfc_sf.obj
 0001:00013c40       call_sf_machine_global_method_dispatcher 0000000180014c40 f   sfc_mex:sfc_sf.obj
 0001:00013e90       mdl_zeroCrossings_processing 0000000180014e90 f   sfc_mex:sfc_sf.obj
 0001:00013f70       mdl_derivatives_processing 0000000180014f70 f   sfc_mex:sfc_sf.obj
 0001:00014250       mdl_outputs_continuous_legacy 0000000180015250 f   sfc_mex:sfc_sf.obj
 0001:000142d0       mdl_outputs_processing     00000001800152d0 f   sfc_mex:sfc_sf.obj
 0001:00014540       mdl_enable_processing      0000000180015540 f   sfc_mex:sfc_sf.obj
 0001:00014620       mdl_disable_processing     0000000180015620 f   sfc_mex:sfc_sf.obj
 0001:000154b0       sf_call_output_fcn_enable_disable 00000001800164b0 f   sfc_mex:sfc_sf.obj
 0001:00015730       set_dwork_information_from_mx_array 0000000180016730 f   sfc_mex:sfc_sf.obj
 0001:00016020       ptr2mxStruct               0000000180017020 f   sfc_mex:sfc_sf.obj
 0001:00016330       SNPRINTF_WRAPPER           0000000180017330 f   sfc_debug:sfcdebug.obj
 0001:00016360       sf_debug_chart_instance_initialized 0000000180017360 f   sfc_debug:sfcdebug.obj
 0001:00016500       sfrtAddSize                0000000180017500 f   sfc_debug:sfcdebug.obj
 0001:000165c0       sfrtGenSizeString          00000001800175c0 f   sfc_debug:sfcdebug.obj
 0001:00016d10       fill_single_message_info   0000000180017d10 f   sfc_debug:sfcdebug.obj
 0001:00016f90       sf_debug_sim_status_listener 0000000180017f90 f   sfc_debug:sfcdebug.obj
 0001:00017520       sf_debug_form_mask_bits    0000000180018520 f   sfc_debug:sfcdebug.obj
 0001:00017540       sf_debug_form_sf_data_type_offsets 0000000180018540 f   sfc_debug:sfcdebug.obj
 0001:00017600       sf_debug_free_all          0000000180018600 f   sfc_debug:sfcdebug.obj
 0001:00017790       sf_debug_append_debugger_context 0000000180018790 f   sfc_debug:sfcdebug.obj
 0001:00017b00       local_strdup               0000000180018b00 f   sfc_debug:sfcdebug.obj
 0001:00018a80       sf_debug_em_terminate      0000000180019a80 f   sfc_debug:sfcdebug.obj
 0001:00018ac0       sf_debug_push_eml_function 0000000180019ac0 f   sfc_debug:sfcdebug.obj
 0001:00018b60       sf_debug_pop_eml_function  0000000180019b60 f   sfc_debug:sfcdebug.obj
 0001:00019800       sf_debug_get_machine_number_from_id_or_name 000000018001a800 f   sfc_debug:sfcdebug.obj
 0001:00019950       sf_debug_get_chart_number_from_id 000000018001a950 f   sfc_debug:sfcdebug.obj
 0001:0001a730       sf_debug_transfer_control_to_debugger_GUI 000000018001b730 f   sfc_debug:sfcdebug.obj
 0001:0001b6a0       sf_debug_scripts_rehash    000000018001c6a0 f   sfc_debug:sfcdebug.obj
 0001:0001b8b0       sf_debug_get_script_line_count 000000018001c8b0 f   sfc_debug:sfcdebug.obj
 0001:0001c300       cv_eml_state_cvId          000000018001d300 f   sfc_debug:sfcdebug.obj
 0001:0001c370       cv_eml_trans_cvId          000000018001d370 f   sfc_debug:sfcdebug.obj
 0001:0001d7f0       sf_debug_data_array_bounds_error 000000018001e7f0 f   sfc_debug:sfcdebug.obj
 0001:0001dba0       eml_debug_runtime_error_doclink 000000018001eba0 f   sfc_debug:sfcdebug.obj
 0001:0001dd10       sf_debug_runtime_error     000000018001ed10 f   sfc_debug:sfcdebug.obj
 0001:0001dd80       sf_debug_matlab_error      000000018001ed80 f   sfc_debug:sfcdebug.obj
 0001:0001e6f0       sf_debug_data_value_error  000000018001f6f0 f   sfc_debug:sfcdebug.obj
 0001:0001efc0       sf_debug_data_loss_error   000000018001ffc0 f   sfc_debug:sfcdebug.obj
 0001:0001fee0       call_cv_range_check        0000000180020ee0 f   sfc_debug:sfcdebug.obj
 0001:00020740       sf_debug_invoke_cycle_detection_code 0000000180021740 f   sfc_debug:sfcdebug.obj
 0001:000212b0       sf_reset_debug_info_struct 00000001800222b0 f   sfc_debug:sfcdebug.obj
 0001:00021aa0       cv_script_cvId             0000000180022aa0 f   sfc_debug:sfcdebug.obj
 0001:00022c60       sfc_api_chart_visible      0000000180023c60 f   sfc_debug:sfc_api.obj
 0001:00022cf0       sfc_api_active_instance    0000000180023cf0 f   sfc_debug:sfc_api.obj
 0001:00022d80       sfc_api_machine_load       0000000180023d80 f   sfc_debug:sfc_api.obj
 0001:00022e70       sfc_api_debugger_alive     0000000180023e70 f   sfc_debug:sfc_api.obj
 0001:00022e80       sfc_api_go                 0000000180023e80 f   sfc_debug:sfc_api.obj
 0001:00022e90       sfc_api_step_over          0000000180023e90 f   sfc_debug:sfc_api.obj
 0001:00022ea0       sfc_api_step_out           0000000180023ea0 f   sfc_debug:sfc_api.obj
 0001:00022eb0       sfc_api_resume             0000000180023eb0 f   sfc_debug:sfc_api.obj
 0001:00022ec0       sfc_api_break              0000000180023ec0 f   sfc_debug:sfc_api.obj
 0001:00022ed0       sfc_api_stop_debugging     0000000180023ed0 f   sfc_debug:sfc_api.obj
 0001:00022f30       sfc_api_is_cycle_detected  0000000180023f30 f   sfc_debug:sfc_api.obj
 0001:00022f90       sfc_api_is_array_bounds_detected 0000000180023f90 f   sfc_debug:sfc_api.obj
 0001:00022ff0       sfc_api_set_disable_all_breakpoints 0000000180023ff0 f   sfc_debug:sfc_api.obj
 0001:00023070       sfc_api_disable_all_breakpoints_and_go 0000000180024070 f   sfc_debug:sfc_api.obj
 0001:00023080       sfc_api_close              0000000180024080 f   sfc_debug:sfc_api.obj
 0001:00023090       sfc_api_browse_data        0000000180024090 f   sfc_debug:sfc_api.obj
 0001:00023110       sfc_api_watch_data         0000000180024110 f   sfc_debug:sfc_api.obj
 0001:00023220       sfc_api_extract_message_post_receive_info 0000000180024220 f   sfc_debug:sfc_api.obj
 0001:00023240       sfc_api_assign_data        0000000180024240 f   sfc_debug:sfc_api.obj
 0001:000232f0       sfc_api_whos               00000001800242f0 f   sfc_debug:sfc_api.obj
 0001:00023380       sfc_api_get_consistency_info 0000000180024380 f   sfc_debug:sfc_api.obj
 0001:00023390       sfc_api_browse_trace       0000000180024390 f   sfc_debug:sfc_api.obj
 0001:000233a0       sfc_api_break_on_chart_entry 00000001800243a0 f   sfc_debug:sfc_api.obj
 0001:000233d0       sfc_api_break_on_event_broadcast 00000001800243d0 f   sfc_debug:sfc_api.obj
 0001:00023400       sfc_api_break_on_state_entry 0000000180024400 f   sfc_debug:sfc_api.obj
 0001:00023430       sfc_api_set_watch          0000000180024430 f   sfc_debug:sfc_api.obj
 0001:000234e0       sfc_api_set_breakpoints    00000001800244e0 f   sfc_debug:sfc_api.obj
 0001:000235a0       sfc_api_set_eml_breakpoints 00000001800245a0 f   sfc_debug:sfc_api.obj
 0001:00023640       sfc_api_set_script_breakpoints 0000000180024640 f   sfc_debug:sfc_api.obj
 0001:000236a0       sfc_api_add_script_breakpoints 00000001800246a0 f   sfc_debug:sfc_api.obj
 0001:00023700       sfc_api_clear_script_breakpoints 0000000180024700 f   sfc_debug:sfc_api.obj
 0001:00023760       sfc_api_query_script_breakpoints 0000000180024760 f   sfc_debug:sfc_api.obj
 0001:000237d0       sfc_api_get_script_id      00000001800247d0 f   sfc_debug:sfc_api.obj
 0001:00023890       sfc_api_get_active_states  0000000180024890 f   sfc_debug:sfc_api.obj
 0001:00023920       sfc_api_break_between_times 0000000180024920 f   sfc_debug:sfc_api.obj
 0001:00023990       sfc_api_get_instance_handle 0000000180024990 f   sfc_debug:sfc_api.obj
 0001:00023a60       sfc_api_set_animation      0000000180024a60 f   sfc_debug:sfc_api.obj
 0001:00023ab0       sfc_api_select_chart       0000000180024ab0 f   sfc_debug:sfc_api.obj
 0001:00023b20       sfc_api_select_charts      0000000180024b20 f   sfc_debug:sfc_api.obj
 0001:00023b50       sfc_api_cycle_detection_check 0000000180024b50 f   sfc_debug:sfc_api.obj
 0001:00023ba0       sfc_api_data_range_check   0000000180024ba0 f   sfc_debug:sfc_api.obj
 0001:00023bf0       sfc_api_transition_conflict_check 0000000180024bf0 f   sfc_debug:sfc_api.obj
 0001:00023c40       sfc_api_state_consistency_check 0000000180024c40 f   sfc_debug:sfc_api.obj
 0001:00023c90       sfc_api_set_instance_cv_ids 0000000180024c90 f   sfc_debug:sfc_api.obj
 0001:00023dc0       sfc_api_set_script_cv_ids  0000000180024dc0 f   sfc_debug:sfc_api.obj
 0001:00023e90       sfc_api_get_current_machine_id 0000000180024e90 f   sfc_debug:sfc_api.obj
 0001:00023ec0       sfc_api_get_current_machine_number 0000000180024ec0 f   sfc_debug:sfc_api.obj
 0001:00023ef0       sfc_api_get_current_chart_number 0000000180024ef0 f   sfc_debug:sfc_api.obj
 0001:00023f20       sfc_api_get_current_instance_number 0000000180024f20 f   sfc_debug:sfc_api.obj
 0001:00023f50       sfc_api_get_current_instance_handle 0000000180024f50 f   sfc_debug:sfc_api.obj
 0001:00023f70       sfc_api_get_current_is_minor_time_step 0000000180024f70 f   sfc_debug:sfc_api.obj
 0001:00023fa0       sfc_api_get_current_machine_name 0000000180024fa0 f   sfc_debug:sfc_api.obj
 0001:00023fc0       sfc_api_get_current_chart_id 0000000180024fc0 f   sfc_debug:sfc_api.obj
 0001:00023ff0       sfc_api_get_current_object_type 0000000180024ff0 f   sfc_debug:sfc_api.obj
 0001:00024020       sfc_api_get_current_event_type 0000000180025020 f   sfc_debug:sfc_api.obj
 0001:00024050       sfc_api_get_current_object_id 0000000180025050 f   sfc_debug:sfc_api.obj
 0001:00024080       sfc_get_current_active_event_type 0000000180025080 f   sfc_debug:sfc_api.obj
 0001:000240b0       sfc_api_get_current_active_event_id 00000001800250b0 f   sfc_debug:sfc_api.obj
 0001:000240e0       sfc_api_get_current_simulation_time 00000001800250e0 f   sfc_debug:sfc_api.obj
 0001:00024100       sfc_get_current_tag_type   0000000180025100 f   sfc_debug:sfc_api.obj
 0001:00024130       sfc_get_current_coverage_percentage 0000000180025130 f   sfc_debug:sfc_api.obj
 0001:00024150       sfc_get_current_statement_context 0000000180025150 f   sfc_debug:sfc_api.obj
 0001:00024170       sfc_get_current_optional_integer 0000000180025170 f   sfc_debug:sfc_api.obj
 0001:000241a0       sfc_get_current_statement_info 00000001800251a0 f   sfc_debug:sfc_api.obj
 0001:00024240       sfc_api_get                0000000180025240 f   sfc_debug:sfc_api.obj
 0001:00024ea0       sf_debug_sm_fill_state_activity_data 0000000180025ea0 f   sfc_debug:sfdb_animation.obj
 0001:000276e0       void_ptr_stack_vector_free_total 00000001800286e0 f   sfc_debug:sfdb_data_browse.obj
 0001:00027760       sf_debug_st_terminate_machine 0000000180028760 f   sfc_debug:sfdb_data_browse.obj
 0001:000277a0       sf_debug_st_terminate_instance 00000001800287a0 f   sfc_debug:sfdb_data_browse.obj
 0001:00027b50       push_on_to_void_ptr_stack  0000000180028b50 f   sfc_debug:sfdb_data_browse.obj
 0001:00027ce0       pop_from_void_ptr_stack    0000000180028ce0 f   sfc_debug:sfdb_data_browse.obj
 0001:00027e10       sf_debug_st_get_data_value 0000000180028e10 f   sfc_debug:sfdb_data_browse.obj
 0001:00028340       mx_value                   0000000180029340 f   sfc_debug:sfdb_data_browse.obj
 0001:00028380       sf_debug_st_fill_data_struct 0000000180029380 f   sfc_debug:sfdb_data_browse.obj
 0001:000286c0       data_type_format_strings   00000001800296c0 f   sfc_debug:sfdb_data_browse.obj
 0001:00028770       sf_debug_st_fill_data      0000000180029770 f   sfc_debug:sfdb_data_browse.obj
 0001:00029460       sf_debug_hm_get_simulink_handle 000000018002a460 f   sfc_debug:sfdb_handle_management.obj
 0001:00029f10       sf_debug_hm_initialize_globals 000000018002af10 f   sfc_debug:sfdb_handle_management.obj
 0001:0002a010       sf_debug_hm_get_machine_debug_flag 000000018002b010 f   sfc_debug:sfdb_handle_management.obj
 0001:0002a180       sf_debug_hm_get_machine_id 000000018002b180 f   sfc_debug:sfdb_handle_management.obj
 0001:0002a2a0       sf_debug_hm_get_chart_id   000000018002b2a0 f   sfc_debug:sfdb_handle_management.obj
 0001:0002a440       sf_debug_hm_register_executing_SFunction 000000018002b440 f   sfc_debug:sfdb_handle_management.obj
 0001:0002a7d0       sf_debug_hm_form_object_boolean_properties 000000018002b7d0 f   sfc_debug:sfdb_handle_management.obj
 0001:0002aaa0       sf_debug_hm_form_object_properties 000000018002baa0 f   sfc_debug:sfdb_handle_management.obj
 0001:0002ace0       sf_debug_hm_terminate_charts 000000018002bce0 f   sfc_debug:sfdb_handle_management.obj
 0001:0002b3c0       sf_debug_hm_terminate_machines 000000018002c3c0 f   sfc_debug:sfdb_handle_management.obj
 0001:0002ce30       sf_debug_ss_copy_dimension 000000018002de30 f   sfc_debug:sfdb_symbol_scope.obj
 0001:0002cef0       sf_debug_ss_get_number_elements 000000018002def0 f   sfc_debug:sfdb_symbol_scope.obj
 0001:0002cf10       sf_debug_ss_fill_data_struct 000000018002df10 f   sfc_debug:sfdb_symbol_scope.obj
 0001:0002d260       sf_debug_ss_reset_data_info 000000018002e260 f   sfc_debug:sfdb_symbol_scope.obj
 0001:0002d2c0       sf_debug_fill_data_info_by_symbol_scope_entry 000000018002e2c0 f   sfc_debug:sfdb_symbol_scope.obj
 0001:0002d380       sf_debug_fill_data_info_by_data_vector 000000018002e380 f   sfc_debug:sfdb_symbol_scope.obj
 0001:0002d5d0       get_data_info_helper       000000018002e5d0 f   sfc_debug:sfdb_symbol_scope.obj
 0001:0002d8c0       sf_debug_ss_get_data_info  000000018002e8c0 f   sfc_debug:sfdb_symbol_scope.obj
 0001:0002dae0       sf_debug_select_mex_function 000000018002eae0 f   sfc_debug:sfdb_symbol_scope.obj
 0001:0002db10       sf_debug_is_dyn_matrix_initialized 000000018002eb10 f   sfc_debug:sfdb_symbol_scope.obj
 0001:0002db30       sf_debug_ss_set_data_value_try 000000018002eb30 f   sfc_debug:sfdb_symbol_scope.obj
 0001:0002dd20       sf_debug_ss_get_data_value 000000018002ed20 f   sfc_debug:sfdb_symbol_scope.obj
 0001:0002e480       sf_debug_ss_data_bytes_string 000000018002f480 f   sfc_debug:sfdb_symbol_scope.obj
 0001:0002e510       sf_debug_ss_data_class_string 000000018002f510 f   sfc_debug:sfdb_symbol_scope.obj
 0001:0002e890       sf_debug_ss_data_size_string 000000018002f890 f   sfc_debug:sfdb_symbol_scope.obj
 0001:0002e970       sf_debug_ss_data_create_data_info_struct 000000018002f970 f   sfc_debug:sfdb_symbol_scope.obj
 0001:0002ec20       sf_debug_ss_data_create_name_value_pair 000000018002fc20 f   sfc_debug:sfdb_symbol_scope.obj
 0001:0002ecc0       sf_debug_ss_data_get_whos_info 000000018002fcc0 f   sfc_debug:sfdb_symbol_scope.obj
 0001:0002ecd0       same_named_data_in_data_array 000000018002fcd0 f   sfc_debug:sfdb_symbol_scope.obj
 0001:00030460       sf_debug_cc_terminate_chart 0000000180031460 f   sfc_debug:sfdb_coverage.obj
 0001:00030770       sf_debug_cc_terminate_instance 0000000180031770 f   sfc_debug:sfdb_coverage.obj
 0001:00031340       sf_debug_cc_mark_object_if_needed 0000000180032340 f   sfc_debug:sfdb_coverage.obj
 0001:00031bc0       sf_debug_bm_initialize_eml 0000000180032bc0 f   sfc_debug:sfdb_breakpoints.obj
 0001:00032c80       sf_debug_bm_map_debug_tag_to_breakpoint_tag 0000000180033c80 f   sfc_debug:sfdb_breakpoints.obj
 0001:00032d60       sf_debug_bm_is_a_eml_breakpoint_impl 0000000180033d60 f   sfc_debug:sfdb_breakpoints.obj
 0001:00034690       sf_debug_sc_push_on_error_stack 0000000180035690 f   sfc_debug:sfdb_state_consistency.obj
 0001:000347b0       sf_debug_sc_reset_error_stack 00000001800357b0 f   sfc_debug:sfdb_state_consistency.obj
 0001:00034940       sf_debug_sc_is_state_inconsistent 0000000180035940 f   sfc_debug:sfdb_state_consistency.obj
 0001:00034c30       sf_debug_sc_fill_consistency_info 0000000180035c30 f   sfc_debug:sfdb_state_consistency.obj
 0001:000351d0       void_assertion_fcn         00000001800361d0 f   sfc_debug:sfdb_call_stack.obj
 0001:00035720       sf_debug_tm_fill_local_trace 0000000180036720 f   sfc_debug:sfdb_call_stack.obj
 0001:00035cc0       sf_debug_cd_terminate_instance 0000000180036cc0 f   sfc_debug:sfdb_cycle_detection.obj
 0001:00035d20       sf_debug_cd_free_checksum_stack 0000000180036d20 f   sfc_debug:sfdb_cycle_detection.obj
 0001:00035d70       sf_debug_cd_reset_pack_strings 0000000180036d70 f   sfc_debug:sfdb_cycle_detection.obj
 0001:00036410       md5file_clear              0000000180037410 f   sfc_debug:ckmd5.obj
 0001:00036440       Encode                     0000000180037440 f   sfc_debug:ckmd5.obj
 0001:00036490       Decode                     0000000180037490 f   sfc_debug:ckmd5.obj
 0001:00036530       MD5Transform               0000000180037530 f   sfc_debug:ckmd5.obj
 0001:00036d90       md5file_addn               0000000180037d90 f   sfc_debug:ckmd5.obj
 0001:00036e60       md5file_hash               0000000180037e60 f   sfc_debug:ckmd5.obj
 0001:00037368       pre_c_init                 0000000180038368 f   MSVCRT:crtdll.obj
 0001:00037624       __DllMainCRTStartup        0000000180038624 f   MSVCRT:crtdll.obj
 0001:00037d20       __DllMainCRTStartup$filt$0 0000000180038d20 f   MSVCRT:crtdll.obj
 0001:00037d50       __DllMainCRTStartup$fin$1  0000000180038d50 f   MSVCRT:crtdll.obj
 0001:00037d6a       _onexit$fin$0              0000000180038d6a f   MSVCRT:atonexit.obj
 0001:00037d90       _IsNonwritableInCurrentImage$filt$0 0000000180038d90 f   MSVCRT:pesect.obj
